{
'project:src/test/groovy/MultiCatchTest.groovy':[
100,
],
'project:src/test/groovy/lang/SyntheticReturnTest.groovy':[
140,
],
}
