{
'project:src/test/groovy/util/logging/LogTest.groovy':[
22,
38,
54,
68,
82,
101,
133,
165,
201,
236,
250,
264,
279,
],
'project:subprojects/groovy-ant/src/test/groovy/groovy/util/AntTest.groovy':[
32,
53,
72,
79,
90,
148,
162,
173,
189,
221,
],
'project:subprojects/groovy-console/src/test/groovy/groovy/swing/SwingBuilderConsoleTest.groovy':[
53,
136,
186,
338,
369,
398,
],
}
