{
'project:benchmark/bench/ackermann.groovy':[
16,
],
'project:benchmark/bench/binarytrees.groovy':[
47,
60,
64,
],
'project:benchmark/bench/fannkuch.groovy':[
12,
32,
34,
],
'project:benchmark/bench/fibo.groovy':[
5,
],
'project:benchmark/bench/heapsort.groovy':[
61,
],
'project:benchmark/bench/hello.groovy':[
8,
],
'project:benchmark/bench/nsieve.groovy':[
54,
],
'project:benchmark/bench/random.groovy':[
27,
],
'project:benchmark/bench/recursive.groovy':[
37,
38,
40,
41,
42,
],
'project:benchmark/bench/regexdna.groovy':[
27,
46,
47,
48,
49,
],
'project:benchmark/bench/spectralnorm.groovy':[
64,
],
'project:benchmark/bench/threadring.groovy':[
26,
],
'project:benchmark/bench/wordfreq.groovy':[
26,
],
'project:src/examples/astbuilder/MainExample.groovy':[
14,
],
'project:src/examples/commandLineTools/AntMap.groovy':[
18,
21,
34,
37,
39,
42,
44,
48,
53,
],
'project:src/examples/commandLineTools/BigTests.groovy':[
16,
21,
29,
],
'project:src/examples/commandLineTools/ListFiles.groovy':[
19,
28,
31,
36,
],
'project:src/examples/commandLineTools/Reflections.groovy':[
12,
],
'project:src/examples/commandLineTools/SimpleWebServer.groovy':[
54,
62,
65,
67,
71,
72,
73,
],
'project:src/examples/console/MortgageCalculator.groovy':[
7,
8,
9,
10,
11,
12,
22,
31,
],
'project:src/examples/console/knowYourTables.groovy':[
9,
11,
14,
],
'project:src/examples/console/thinkOfANumber.groovy':[
9,
14,
16,
19,
],
'project:src/examples/groovy/j2ee/CreateData.groovy':[
1,
5,
13,
17,
21,
],
'project:src/examples/groovy/swing/SwingDemo.groovy':[
28,
31,
35,
69,
],
'project:src/examples/osgi/hello-groovy-bundle/org/codehaus/groovy/osgi/Activator.groovy':[
21,
38,
],
'project:src/examples/osgi/hello-groovy-bundle/org/codehaus/groovy/osgi/GroovyGreeterImpl.groovy':[
11,
],
'project:src/examples/osgi/hello-groovy-test-harness/org/codehaus/groovy/osgi/harness/HarnessActivator.groovy':[
36,
],
'project:src/examples/searchEngine/Indexer.groovy':[
33,
55,
],
'project:src/examples/searchEngine/Searcher.groovy':[
38,
41,
],
'project:src/examples/swing/BloglinesClient.groovy':[
78,
126,
],
'project:src/examples/swing/Widgets.groovy':[
47,
50,
54,
],
'project:src/examples/transforms/global/CompiledAtExample.groovy':[
9,
15,
],
'project:src/examples/transforms/global/CompiledAtIntegrationTest.groovy':[
21,
],
'project:src/examples/transforms/global/LoggingExample.groovy':[
10,
],
'project:src/examples/transforms/local/LoggingExample.groovy':[
10,
15,
],
'project:src/examples/webapps/groovlet-examples/hello/hello.groovy':[
1,
18,
20,
28,
],
'project:src/examples/webapps/groovlet-examples/index.groovy':[
1,
55,
],
'project:src/examples/webapps/groovlet-examples/zoo/visit.groovy':[
5,
],
'project:src/examples/webapps/groovlet-examples/zoo/zoo.groovy':[
1,
15,
27,
],
'project:src/main/groovy/grape/GrapeIvy.groovy':[
333,
471,
],
'project:src/main/org/codehaus/groovy/classgen/genArrayAccess.groovy':[
18,
],
'project:src/main/org/codehaus/groovy/classgen/genArrays.groovy':[
18,
],
'project:src/main/org/codehaus/groovy/classgen/genDgmMath.groovy':[
30,
37,
41,
54,
57,
70,
72,
74,
76,
79,
81,
83,
],
'project:src/main/org/codehaus/groovy/classgen/genMathModification.groovy':[
37,
42,
44,
48,
50,
52,
53,
61,
69,
],
'project:src/main/org/codehaus/groovy/tools/GrapeMain.groovy':[
27,
50,
56,
75,
83,
84,
92,
103,
108,
109,
110,
143,
147,
203,
205,
208,
209,
306,
307,
309,
311,
337,
353,
],
'project:src/spec/test/SyntaxTest.groovy':[
197,
205,
207,
330,
],
'project:src/spec/test/TemplateEnginesTest.groovy':[
133,
],
'project:src/spec/test/testingguide/GDKMethodTests.groovy':[
29,
],
'project:src/spec/test/testingguide/MockingExampleTests.groovy':[
81,
],
'project:src/tck/src/org/codehaus/groovy/tck/BatchGenerate.groovy':[
24,
29,
34,
39,
48,
52,
],
'project:src/test/gls/enums/EnumTest.groovy':[
301,
],
'project:src/test/gls/scope/BlockScopeVisibilityTest.groovy':[
38,
],
'project:src/test/groovy/ActorTest.groovy':[
208,
237,
],
'project:src/test/groovy/ArrayCoerceTest.groovy':[
204,
206,
208,
],
'project:src/test/groovy/ArrayParamMethodTest.groovy':[
14,
23,
],
'project:src/test/groovy/ArrayTypeTest.groovy':[
6,
12,
19,
],
'project:src/test/groovy/Bar.groovy':[
13,
],
'project:src/test/groovy/CastTest.groovy':[
25,
35,
43,
50,
56,
93,
98,
],
'project:src/test/groovy/ChainedAssignmentTest.groovy':[
6,
],
'project:src/test/groovy/ClassLoaderBug.groovy':[
11,
],
'project:src/test/groovy/ClassTest.groovy':[
22,
27,
32,
],
'project:src/test/groovy/ClosureDefaultParameterTest.groovy':[
11,
14,
],
'project:src/test/groovy/ClosureInClosureTest.groovy':[
37,
],
'project:src/test/groovy/ClosureInStaticMethodTest.groovy':[
20,
],
'project:src/test/groovy/ClosureMethodTest.groovy':[
329,
335,
],
'project:src/test/groovy/ClosureMethodsOnFileTest.groovy':[
38,
42,
52,
53,
54,
],
'project:src/test/groovy/ClosureMissingMethodTest.groovy':[
56,
61,
109,
114,
],
'project:src/test/groovy/ClosureTest.groovy':[
171,
191,
197,
],
'project:src/test/groovy/ClosureUsingOuterVariablesTest.groovy':[
30,
31,
32,
75,
],
'project:src/test/groovy/ClosureWithDefaultParamTest.groovy':[
150,
152,
171,
173,
],
'project:src/test/groovy/ClosureWithEmptyParametersTest.groovy':[
11,
13,
17,
],
'project:src/test/groovy/CompareEqualsTest.groovy':[
18,
23,
],
'project:src/test/groovy/CompileOrderTest.groovy':[
10,
16,
],
'project:src/test/groovy/CompilerErrorTest.groovy':[
8,
9,
13,
],
'project:src/test/groovy/Constructor2Test.groovy':[
6,
12,
],
'project:src/test/groovy/ConstructorTest.groovy':[
6,
12,
],
'project:src/test/groovy/CurlyBracketLayoutTest.groovy':[
11,
21,
],
'project:src/test/groovy/DefaultParamClosureTest.groovy':[
23,
42,
],
'project:src/test/groovy/ExpandoPropertyTest.groovy':[
38,
64,
74,
82,
90,
93,
96,
99,
],
'project:src/test/groovy/Foo.groovy':[
28,
],
'project:src/test/groovy/ForLoopTest.groovy':[
91,
105,
],
'project:src/test/groovy/GStringTest.groovy':[
46,
49,
238,
243,
],
'project:src/test/groovy/GeneratorTest.groovy':[
45,
],
'project:src/test/groovy/GlobalPrintlnTest.groovy':[
21,
25,
26,
],
'project:src/test/groovy/GroovyClosureMethodsTest.groovy':[
25,
28,
32,
42,
45,
49,
58,
61,
65,
77,
80,
84,
92,
95,
98,
105,
107,
109,
111,
113,
115,
117,
120,
124,
131,
140,
],
'project:src/test/groovy/GroovyMethodsTest.groovy':[
421,
425,
],
'project:src/test/groovy/IfPropertyTest.groovy':[
24,
29,
],
'project:src/test/groovy/IfTest.groovy':[
24,
36,
45,
57,
],
'project:src/test/groovy/InvokeNormalMethodsFirstTest.groovy':[
11,
],
'project:src/test/groovy/LeftShiftTest.groovy':[
12,
26,
],
'project:src/test/groovy/LoopBreakTest.groovy':[
16,
51,
],
'project:src/test/groovy/MapConstructionTest.groovy':[
28,
32,
],
'project:src/test/groovy/MethodCallTest.groovy':[
7,
],
'project:src/test/groovy/MethodCallWithoutParenthesisTest.groovy':[
24,
46,
],
'project:src/test/groovy/MinMaxTest.groovy':[
28,
32,
],
'project:src/test/groovy/MultilineStringTest.groovy':[
12,
],
'project:src/test/groovy/NewExpressionTest.groovy':[
12,
42,
],
'project:src/test/groovy/PrintTest.groovy':[
100,
137,
],
'project:src/test/groovy/SafeNavigationTest.groovy':[
14,
],
'project:src/test/groovy/SampleMain.groovy':[
6,
],
'project:src/test/groovy/SimplePostfixTest.groovy':[
8,
],
'project:src/test/groovy/SingletonBugTest.groovy':[
9,
10,
13,
14,
22,
23,
26,
27,
],
'project:src/test/groovy/SpreadDotTest.groovy':[
35,
36,
41,
42,
47,
51,
52,
55,
],
'project:src/test/groovy/StringBufferTest.groovy':[
23,
],
'project:src/test/groovy/StringTest.groovy':[
348,
354,
],
'project:src/test/groovy/ThrowTest.groovy':[
26,
],
'project:src/test/groovy/TripleQuotedStringTest.groovy':[
12,
],
'project:src/test/groovy/TryCatchTest.groovy':[
38,
73,
96,
],
'project:src/test/groovy/UnitTestAsScriptTest.groovy':[
3,
],
'project:src/test/groovy/VarargsMethodTest.groovy':[
35,
],
'project:src/test/groovy/WhileLoopTest.groovy':[
7,
],
'project:src/test/groovy/benchmarks/loop2.groovy':[
18,
],
'project:src/test/groovy/bugs/AmbiguousListOrMethodTest.groovy':[
9,
16,
19,
25,
31,
32,
37,
],
'project:src/test/groovy/bugs/AsBoolBug.groovy':[
15,
18,
24,
27,
43,
47,
50,
52,
55,
60,
64,
66,
68,
],
'project:src/test/groovy/bugs/AssignmentInsideExpressionBug.groovy':[
11,
15,
],
'project:src/test/groovy/bugs/BenchmarkBug.groovy':[
22,
],
'project:src/test/groovy/bugs/BlockAsClosureBug.groovy':[
30,
50,
61,
],
'project:src/test/groovy/bugs/Bytecode2Bug.groovy':[
31,
47,
],
'project:src/test/groovy/bugs/BytecodeBug.groovy':[
23,
28,
],
'project:src/test/groovy/bugs/ClassGeneratorFixesTest.groovy':[
30,
47,
49,
],
'project:src/test/groovy/bugs/ClosureInClosureBug.groovy':[
24,
],
'project:src/test/groovy/bugs/ClosureParameterPassingBug.groovy':[
15,
16,
17,
],
'project:src/test/groovy/bugs/ClosureTypedVariableBug.groovy':[
41,
],
'project:src/test/groovy/bugs/ClosureVariableBug.groovy':[
24,
],
'project:src/test/groovy/bugs/ClosureWithBitwiseDefaultParamTest.groovy':[
6,
7,
8,
],
'project:src/test/groovy/bugs/ClosureWithStaticVariablesBug.groovy':[
14,
17,
],
'project:src/test/groovy/bugs/ConstructorBug.groovy':[
15,
20,
],
'project:src/test/groovy/bugs/ConstructorParameterBug.groovy':[
22,
29,
],
'project:src/test/groovy/bugs/ConstructorThisCallBug.groovy':[
14,
24,
28,
33,
],
'project:src/test/groovy/bugs/ForLoopBug.groovy':[
60,
],
'project:src/test/groovy/bugs/GetterBug.groovy':[
38,
42,
66,
70,
],
'project:src/test/groovy/bugs/Groovy1018_Bug.groovy':[
20,
21,
22,
23,
],
'project:src/test/groovy/bugs/Groovy1059_Bug.groovy':[
25,
26,
27,
28,
29,
30,
],
'project:src/test/groovy/bugs/Groovy2339Bug.groovy':[
27,
],
'project:src/test/groovy/bugs/Groovy2350Bug.groovy':[
8,
],
'project:src/test/groovy/bugs/Groovy239_Bug.groovy':[
15,
17,
19,
],
'project:src/test/groovy/bugs/Groovy2432Bug.groovy':[
10,
],
'project:src/test/groovy/bugs/Groovy2666Bug.groovy':[
16,
],
'project:src/test/groovy/bugs/Groovy3156And2621Bug.groovy':[
29,
],
'project:src/test/groovy/bugs/Groovy3335Bug.groovy':[
7,
],
'project:src/test/groovy/bugs/Groovy3339Bug.groovy':[
26,
],
'project:src/test/groovy/bugs/Groovy3403Bug.groovy':[
35,
],
'project:src/test/groovy/bugs/Groovy3405Bug.groovy':[
21,
],
'project:src/test/groovy/bugs/Groovy3410Bug.groovy':[
63,
],
'project:src/test/groovy/bugs/Groovy3719Bug_script.groovy':[
1,
],
'project:src/test/groovy/bugs/Groovy3770Bug.groovy':[
34,
],
'project:src/test/groovy/bugs/Groovy4170Bug.groovy':[
26,
29,
],
'project:src/test/groovy/bugs/Groovy4241Bug.groovy':[
21,
23,
],
'project:src/test/groovy/bugs/Groovy4393Bug.groovy':[
21,
],
'project:src/test/groovy/bugs/Groovy5806Bug.groovy':[
32,
37,
],
'project:src/test/groovy/bugs/Groovy5915Bug.groovy':[
40,
41,
],
'project:src/test/groovy/bugs/Groovy6041Bug.groovy':[
49,
],
'project:src/test/groovy/bugs/Groovy770_Bug.groovy':[
16,
17,
18,
27,
28,
29,
],
'project:src/test/groovy/bugs/Groovy779_Bug.groovy':[
37,
38,
58,
59,
],
'project:src/test/groovy/bugs/Groovy872Bug.groovy':[
20,
],
'project:src/test/groovy/bugs/Groovy996_Bug.groovy':[
16,
],
'project:src/test/groovy/bugs/GuillaumesBug.groovy':[
11,
],
'project:src/test/groovy/bugs/InterfaceImplBug.groovy':[
17,
],
'project:src/test/groovy/bugs/InvokeNormalMethodFromBuilder_Groovy657Bug.groovy':[
32,
36,
37,
],
'project:src/test/groovy/bugs/MethodCallWithoutParensInStaticMethodBug.groovy':[
10,
],
'project:src/test/groovy/bugs/MethodPointerBug.groovy':[
10,
],
'project:src/test/groovy/bugs/NestedClosure2Bug.groovy':[
41,
46,
48,
51,
53,
],
'project:src/test/groovy/bugs/NestedClosureBug.groovy':[
26,
],
'project:src/test/groovy/bugs/OverloadInvokeMethodBug.groovy':[
39,
],
'project:src/test/groovy/bugs/POJOCallSiteBug.groovy':[
67,
],
'project:src/test/groovy/bugs/PrintlnWithNewBug.groovy':[
12,
13,
],
'project:src/test/groovy/bugs/PropertyNameBug.groovy':[
17,
18,
19,
28,
29,
30,
],
'project:src/test/groovy/bugs/RodsBug.groovy':[
25,
],
'project:src/test/groovy/bugs/RussellsOptionalParenTest.groovy':[
8,
9,
],
'project:src/test/groovy/bugs/SubscriptOnStringArrayBug.groovy':[
14,
],
'project:src/test/groovy/bugs/SynchronizedBytecodeBug.groovy':[
31,
33,
35,
37,
41,
43,
45,
],
'project:src/test/groovy/bugs/TestCaseBug.groovy':[
31,
],
'project:src/test/groovy/bugs/ToStringBug.groovy':[
24,
29,
30,
],
'project:src/test/groovy/bugs/TryCatchBug.groovy':[
11,
14,
],
'project:src/test/groovy/bugs/bug1567_script.groovy':[
3,
],
'project:src/test/groovy/execute/ExecuteTest.groovy':[
33,
40,
47,
54,
61,
68,
80,
91,
108,
114,
121,
133,
135,
142,
],
'project:src/test/groovy/lang/ExpandoMetaClassTest.groovy':[
566,
],
'project:src/test/groovy/lang/MixinTest.groovy':[
324,
494,
],
'project:src/test/groovy/mock/interceptor/MockWithZeroRangeTest.groovy':[
11,
30,
],
'project:src/test/groovy/operator/DoubleOperationTest.groovy':[
77,
],
'project:src/test/groovy/operator/NegateListsTest.groovy':[
69,
76,
],
'project:src/test/groovy/operator/PowerOperatorsTest.groovy':[
28,
30,
32,
41,
43,
44,
45,
47,
],
'project:src/test/groovy/operator/SpreadListOperatorTest.groovy':[
19,
],
'project:src/test/groovy/operator/SpreadMapOperatorTest.groovy':[
22,
27,
28,
29,
30,
41,
42,
44,
46,
50,
51,
55,
56,
71,
72,
78,
79,
],
'project:src/test/groovy/operator/TernaryOperatorsTest.groovy':[
23,
],
'project:src/test/groovy/script/CallAnotherScript.groovy':[
2,
7,
],
'project:src/test/groovy/script/ClassWithScript.groovy':[
3,
],
'project:src/test/groovy/script/EvalInScript.groovy':[
6,
9,
13,
],
'project:src/test/groovy/script/HelloWorld.groovy':[
2,
],
'project:src/test/groovy/script/HelloWorld2.groovy':[
3,
],
'project:src/test/groovy/script/MethodTestScript.groovy':[
1,
],
'project:src/test/groovy/script/PackageScript.groovy':[
3,
],
'project:src/test/groovy/script/ScriptTest.groovy':[
35,
44,
],
'project:src/test/groovy/script/ScriptWithFunctions.groovy':[
2,
11,
],
'project:src/test/groovy/script/ShowArgs.groovy':[
3,
],
'project:src/test/groovy/tree/NavigationTest.groovy':[
45,
],
'project:src/test/groovy/tree/TreeTest.groovy':[
19,
41,
],
'project:src/test/groovy/tree/VerboseTreeTest.groovy':[
22,
44,
],
'project:src/test/groovy/txn/TransactionTest.groovy':[
24,
27,
30,
],
'project:src/test/groovy/util/ProxyGeneratorAdapterTest.groovy':[
25,
],
'project:src/test/groovy/util/ResourceBundleTest.groovy':[
21,
22,
23,
28,
29,
30,
44,
45,
46,
51,
52,
53,
],
'project:src/test/org/codehaus/groovy/ast/builder/AstBuilderFromCodeTest.groovy':[
101,
112,
122,
133,
142,
160,
170,
179,
187,
194,
201,
209,
217,
224,
232,
233,
234,
379,
521,
524,
771,
835,
835,
],
'project:src/test/org/codehaus/groovy/ast/builder/testpackage/AstBuilderFromCodePackageImportTest.groovy':[
34,
],
'project:src/test/org/codehaus/groovy/benchmarks/alioth/binarytrees.groovy':[
49,
62,
66,
67,
],
'project:src/test/org/codehaus/groovy/benchmarks/alioth/fannkuch.groovy':[
12,
13,
35,
37,
],
'project:src/test/org/codehaus/groovy/benchmarks/alioth/partialsums.groovy':[
43,
44,
45,
46,
47,
48,
49,
50,
51,
58,
],
'project:src/test/org/codehaus/groovy/benchmarks/alioth/recursive.groovy':[
12,
13,
16,
18,
19,
],
'project:src/test/org/codehaus/groovy/benchmarks/alioth/spectralnorm.groovy':[
69,
71,
],
'project:src/test/org/codehaus/groovy/classgen/ConstructorIssueTest.groovy':[
40,
],
'project:src/test/org/codehaus/groovy/classgen/Main.groovy':[
21,
],
'project:src/test/org/codehaus/groovy/classgen/MetaClassTest.groovy':[
22,
29,
34,
],
'project:src/test/org/codehaus/groovy/classgen/asm/AbstractBytecodeTestCase.groovy':[
46,
],
'project:src/test/org/codehaus/groovy/classgen/asm/sc/GetAnnotationStaticCompileTest.groovy':[
48,
],
'project:src/test/org/codehaus/groovy/classgen/asm/sc/StaticCompileClosureCallTest.groovy':[
18,
31,
44,
57,
],
'project:src/test/org/codehaus/groovy/control/customizers/builder/CompilerCustomizationBuilderTest.groovy':[
291,
],
'project:src/test/org/codehaus/groovy/reflection/WeakMapTest.groovy':[
35,
],
'project:src/test/org/codehaus/groovy/runtime/NullObjectTest.groovy':[
7,
],
'project:src/test/org/codehaus/groovy/runtime/StaticPrintlnTest.groovy':[
27,
],
'project:src/test/org/codehaus/groovy/runtime/WriterAppendTest.groovy':[
240,
],
'project:src/test/org/codehaus/groovy/tools/MetaBuilderTest.groovy':[
33,
38,
],
'project:src/test/org/codehaus/groovy/tools/stubgenerator/AnnotationMemberValuesResolutionV1StubsTest.groovy':[
27,
],
'project:src/test/org/codehaus/groovy/tools/stubgenerator/AnnotationMemberValuesResolutionV2StubsTest.groovy':[
26,
],
'project:src/test/org/codehaus/groovy/tools/stubgenerator/AnnotationMemberValuesResolutionV3StubsTest.groovy':[
26,
],
'project:src/test/org/codehaus/groovy/tools/stubgenerator/DuplicateMethodAdditionInStubsTest.groovy':[
55,
],
'project:src/test/org/codehaus/groovy/tools/stubgenerator/Groovy5859Bug.groovy':[
37,
],
'project:src/test/org/codehaus/groovy/tools/stubgenerator/StringSourcesStubTestCase.groovy':[
52,
61,
],
'project:src/test/org/codehaus/groovy/tools/stubgenerator/StubGenerationForAnAnnotationStubsTest.groovy':[
48,
],
'project:src/test/org/codehaus/groovy/tools/stubgenerator/StubGenerationForConstructorWithOptionalArgsStubsTest.groovy':[
26,
],
'project:src/test/org/codehaus/groovy/tools/stubgenerator/StubTestCase.groovy':[
75,
90,
147,
149,
150,
162,
165,
166,
170,
172,
173,
176,
214,
],
'project:src/test/org/codehaus/groovy/tools/stubgenerator/UnAmbigousSuperConstructorCallStubsTest.groovy':[
50,
],
'project:subprojects/groovy-ant/src/test/groovy/groovy/util/AntTest.groovy':[
64,
113,
],
'project:subprojects/groovy-console/src/main/groovy/groovy/inspect/swingui/AstBrowser.groovy':[
77,
81,
],
'project:subprojects/groovy-console/src/main/groovy/groovy/inspect/swingui/AstNodeToScriptAdapter.groovy':[
50,
58,
60,
62,
],
'project:subprojects/groovy-groovydoc/src/main/groovy/org/codehaus/groovy/tools/groovydoc/Main.groovy':[
214,
],
'project:subprojects/groovy-groovysh/src/main/groovy/org/codehaus/groovy/tools/shell/Main.groovy':[
119,
],
'project:subprojects/groovy-groovysh/src/main/groovy/org/codehaus/groovy/tools/shell/commands/DocCommand.groovy':[
96,
],
'project:subprojects/groovy-groovysh/src/main/groovy/org/codehaus/groovy/tools/shell/commands/SetCommand.groovy':[
78,
],
'project:subprojects/groovy-groovysh/src/main/groovy/org/codehaus/groovy/tools/shell/commands/ShowCommand.groovy':[
99,
],
'project:subprojects/groovy-jmx/src/test/groovy/groovy/jmx/builder/JmxOperationInfoManagerTest.groovy':[
140,
],
'project:subprojects/groovy-jmx/src/test/groovy/groovy/jmx/builder/MockEmbeddedClass.groovy':[
127,
133,
141,
147,
161,
],
'project:subprojects/groovy-sql/src/test/groovy/groovy/bugs/ForAndSqlBug.groovy':[
30,
],
'project:subprojects/groovy-sql/src/test/groovy/groovy/sql/SqlTest.groovy':[
36,
42,
53,
60,
66,
79,
84,
89,
147,
148,
],
'project:subprojects/groovy-sql/src/test/groovy/groovy/sql/SqlWithBuilderTest.groovy':[
24,
],
'project:subprojects/groovy-sql/src/test/groovy/groovy/sql/SqlWithTypedResultsTest.groovy':[
36,
],
'project:subprojects/groovy-swing/src/test/groovy/groovy/ClosureSwingListenerTest.groovy':[
28,
33,
39,
],
'project:subprojects/groovy-swing/src/test/groovy/groovy/bugs/Groovy303_Bug.groovy':[
39,
54,
],
'project:subprojects/groovy-swing/src/test/groovy/groovy/swing/SwingBuilderBindingsTest.groovy':[
964,
1037,
1097,
],
'project:subprojects/groovy-test/src/test/groovy/GroovyTestCaseTest.groovy':[
56,
],
'project:subprojects/groovy-xml/src/test/groovy/groovy/bugs/Groovy249_Bug.groovy':[
29,
30,
],
'project:subprojects/groovy-xml/src/test/groovy/groovy/xml/NamespaceNodeGPathTest.groovy':[
23,
26,
27,
28,
31,
38,
42,
],
'project:subprojects/groovy-xml/src/test/groovy/groovy/xml/UseMarkupWithWriterScript.groovy':[
7,
],
'project:subprojects/groovy-xml/src/test/groovy/groovy/xml/dom/DOMTest.groovy':[
110,
],
'project:subprojects/groovy-xml/src/test/groovy/org/codehaus/groovy/benchmarks/BuilderPerfTest.groovy':[
27,
],
'project:subprojects/groovy-xml/src/test/groovy/script/AtomTestScript.groovy':[
19,
20,
],
'project:subprojects/groovy-xml/src/test/groovy/script/MarkupTestScript.groovy':[
24,
25,
],
'project:subprojects/groovy-xml/src/test/groovy/util/NavToWiki.groovy':[
4,
8,
11,
18,
22,
33,
36,
38,
],
}
