{
'project:benchmark/bench/ackermann.groovy':[
9,
10,
],
'project:benchmark/bench/binarytrees.groovy':[
36,
],
'project:benchmark/bench/fibo.groovy':[
8,
],
'project:benchmark/bench/mandelbrot.groovy':[
33,
],
'project:benchmark/bench/nsieve.groovy':[
42,
44,
],
'project:benchmark/bench/recursive.groovy':[
10,
11,
16,
21,
26,
31,
],
'project:benchmark/bench/revcomp.groovy':[
39,
40,
],
'project:benchmark/bench/threadring.groovy':[
52,
],
'project:src/examples/astbuilder/MainTransformation.groovy':[
28,
29,
30,
31,
32,
33,
],
'project:src/examples/commandLineTools/AntMap.groovy':[
47,
48,
58,
59,
60,
61,
62,
63,
],
'project:src/examples/console/knowYourTables.groovy':[
11,
],
'project:src/examples/groovyShell/ArithmeticShell.groovy':[
125,
],
'project:src/examples/swing/timelog/TimeLogModel.groovy':[
25,
37,
],
'project:src/main/groovy/grape/GrapeIvy.groovy':[
82,
210,
219,
249,
410,
449,
450,
455,
467,
484,
506,
528,
],
'project:src/main/groovy/util/CliBuilder.groovy':[
258,
350,
352,
353,
],
'project:src/main/groovy/util/ConfigSlurper.groovy':[
114,
],
'project:src/main/org/codehaus/groovy/ast/builder/AstBuilder.groovy':[
99,
119,
138,
],
'project:src/main/org/codehaus/groovy/ast/builder/AstSpecificationCompiler.groovy':[
166,
822,
823,
1025,
1031,
1042,
],
'project:src/main/org/codehaus/groovy/ast/builder/AstStringCompiler.groovy':[
50,
],
'project:src/main/org/codehaus/groovy/classgen/genArrays.groovy':[
37,
44,
],
'project:src/main/org/codehaus/groovy/classgen/genDgmMath.groovy':[
21,
24,
],
'project:src/main/org/codehaus/groovy/control/customizers/ASTTransformationCustomizer.groovy':[
200,
215,
218,
259,
295,
],
'project:src/main/org/codehaus/groovy/tools/GrapeMain.groovy':[
209,
],
'project:src/main/org/codehaus/groovy/transform/ASTTestTransformation.groovy':[
194,
],
'project:src/main/org/codehaus/groovy/transform/ConditionalInterruptibleASTTransformation.groovy':[
51,
96,
104,
114,
125,
],
'project:src/main/org/codehaus/groovy/transform/tailrec/AstHelper.groovy':[
49,
],
'project:src/main/org/codehaus/groovy/transform/tailrec/InWhileLoopWrapper.groovy':[
65,
],
'project:src/main/org/codehaus/groovy/transform/tailrec/RecursivenessTester.groovy':[
48,
51,
53,
59,
61,
63,
69,
78,
],
'project:src/main/org/codehaus/groovy/transform/tailrec/ReturnStatementToIterationConverter.groovy':[
47,
102,
104,
],
'project:src/main/org/codehaus/groovy/transform/tailrec/StatementReplacer.groovy':[
91,
],
'project:src/main/org/codehaus/groovy/transform/tailrec/TailRecursiveASTTransformation.groovy':[
65,
185,
205,
244,
246,
],
'project:src/main/org/codehaus/groovy/transform/tailrec/TernaryToIfStatementConverter.groovy':[
34,
],
'project:src/spec/test/testingguide/GroovyTestCaseExampleTests.groovy':[
87,
],
'project:src/tck/src/org/codehaus/groovy/tck/TestGenerator.groovy':[
25,
],
'project:src/test/gls/innerClass/InnerClassTest.groovy':[
120,
208,
],
'project:src/test/gls/scope/BlockScopeVisibilityTest.groovy':[
51,
],
'project:src/test/gls/syntax/Gep3OrderDslTest.groovy':[
167,
],
'project:src/test/groovy/ActorTest.groovy':[
130,
139,
143,
148,
174,
215,
244,
],
'project:src/test/groovy/BreakContinueLabelTest.groovy':[
89,
101,
],
'project:src/test/groovy/ClosureInStaticMethodTest.groovy':[
41,
],
'project:src/test/groovy/ClosureMethodTest.groovy':[
56,
60,
64,
68,
72,
88,
92,
96,
100,
104,
108,
135,
139,
143,
147,
151,
],
'project:src/test/groovy/FileTest.groovy':[
278,
283,
287,
336,
],
'project:src/test/groovy/FinallyTest.groovy':[
137,
],
'project:src/test/groovy/ForLoopTest.groovy':[
166,
175,
186,
202,
],
'project:src/test/groovy/GroovyInterceptableTest.groovy':[
44,
46,
58,
],
'project:src/test/groovy/GroovyMethodsTest.groovy':[
73,
],
'project:src/test/groovy/Property2Test.groovy':[
38,
],
'project:src/test/groovy/PropertyTest.groovy':[
48,
],
'project:src/test/groovy/SingletonBugTest.groovy':[
44,
65,
],
'project:src/test/groovy/StringTest.groovy':[
313,
348,
354,
],
'project:src/test/groovy/SwitchTest.groovy':[
83,
],
'project:src/test/groovy/ThisAndSuperTest.groovy':[
150,
],
'project:src/test/groovy/VarargsMethodTest.groovy':[
42,
65,
],
'project:src/test/groovy/bugs/AsBoolBug.groovy':[
49,
63,
],
'project:src/test/groovy/bugs/Groovy2391Bug.groovy':[
6,
],
'project:src/test/groovy/bugs/Groovy252_Bug.groovy':[
23,
],
'project:src/test/groovy/bugs/Groovy3175_Bug.groovy':[
8,
],
'project:src/test/groovy/bugs/Groovy3868Bug.groovy':[
17,
],
'project:src/test/groovy/bugs/Groovy4480Bug.groovy':[
27,
],
'project:src/test/groovy/bugs/GuillaumesBug.groovy':[
10,
],
'project:src/test/groovy/io/LineColumnReaderTest.groovy':[
43,
45,
],
'project:src/test/groovy/lang/ExpandoMetaClassTest.groovy':[
136,
714,
],
'project:src/test/groovy/lang/GroovyClassLoaderTest.groovy':[
36,
66,
155,
],
'project:src/test/groovy/lang/MethodMissingTest.groovy':[
151,
],
'project:src/test/groovy/lang/MixinTest.groovy':[
470,
],
'project:src/test/groovy/lang/RespondsToTest.groovy':[
32,
],
'project:src/test/groovy/lang/SyntheticReturnTest.groovy':[
119,
139,
],
'project:src/test/groovy/operator/MyColorOperatorOverloadingTest.groovy':[
7,
],
'project:src/test/groovy/transform/AnnotationCollectorTest.groovy':[
34,
],
'project:src/test/groovy/transform/stc/MethodCallsSTCTest.groovy':[
770,
],
'project:src/test/groovy/transform/stc/StaticTypeCheckingTestCase.groovy':[
80,
85,
],
'project:src/test/groovy/util/ObservableMapTest.groovy':[
233,
],
'project:src/test/groovy/util/logging/LogTest.groovy':[
320,
326,
332,
338,
344,
350,
],
'project:src/test/org/codehaus/groovy/ast/LazyInitOnClassNodeTest.groovy':[
23,
24,
],
'project:src/test/org/codehaus/groovy/ast/builder/AstAssert.groovy':[
369,
],
'project:src/test/org/codehaus/groovy/ast/builder/AstBuilderFromCodeTest.groovy':[
835,
],
'project:src/test/org/codehaus/groovy/ast/source/SourceBaseTestCase.groovy':[
11,
30,
31,
],
'project:src/test/org/codehaus/groovy/benchmarks/alioth/binarytrees.groovy':[
37,
],
'project:src/test/org/codehaus/groovy/benchmarks/alioth/rayTracer.groovy':[
46,
48,
55,
72,
88,
92,
100,
],
'project:src/test/org/codehaus/groovy/benchmarks/alioth/recursive.groovy':[
26,
27,
35,
41,
49,
55,
],
'project:src/test/org/codehaus/groovy/classgen/asm/AbstractBytecodeTestCase.groovy':[
46,
149,
153,
156,
157,
183,
],
'project:src/test/org/codehaus/groovy/classgen/asm/BinaryOperationsTest.groovy':[
11,
24,
36,
48,
59,
91,
],
'project:src/test/org/codehaus/groovy/classgen/asm/HotSwapTest.groovy':[
11,
],
'project:src/test/org/codehaus/groovy/classgen/asm/MethodPatternsTest.groovy':[
27,
77,
115,
165,
205,
235,
250,
265,
322,
353,
372,
],
'project:src/test/org/codehaus/groovy/classgen/asm/sc/StaticCompilationTestSupport.groovy':[
92,
],
'project:src/test/org/codehaus/groovy/reflection/WeakMapTest.groovy':[
8,
26,
29,
],
'project:src/test/org/codehaus/groovy/runtime/DateGDKTest.groovy':[
80,
],
'project:src/test/org/codehaus/groovy/runtime/PerInstanceMetaClassTest.groovy':[
207,
209,
302,
],
'project:src/test/org/codehaus/groovy/runtime/URLGetTextTest.groovy':[
79,
80,
81,
],
'project:src/test/org/codehaus/groovy/runtime/WriterAppendTest.groovy':[
239,
],
'project:src/test/org/codehaus/groovy/runtime/memoize/AbstractMemoizeTestCase.groovy':[
32,
],
'project:src/test/org/codehaus/groovy/runtime/powerassert/AssertionTestUtil.groovy':[
40,
],
'project:src/test/org/codehaus/groovy/tools/MetaBuilderTest.groovy':[
48,
111,
119,
181,
190,
251,
258,
261,
],
'project:src/test/org/codehaus/groovy/tools/stubgenerator/QDoxCategory.groovy':[
62,
],
'project:src/test/org/codehaus/groovy/tools/stubgenerator/StringSourcesStubTestCase.groovy':[
52,
61,
],
'project:src/test/org/codehaus/groovy/tools/stubgenerator/StubTestCase.groovy':[
90,
214,
289,
],
'project:src/test/org/codehaus/groovy/transform/classloading/TransformsAndCustomClassLoadersTest.groovy':[
99,
],
'project:src/test/org/codehaus/groovy/transform/tailrec/RecursiveListExamples.groovy':[
73,
81,
88,
95,
103,
105,
107,
],
'project:src/test/org/codehaus/groovy/transform/tailrec/TailrecursiveExamples.groovy':[
89,
104,
115,
122,
131,
133,
146,
157,
159,
],
'project:src/test/org/codehaus/groovy/util/ManagedLinkedlistTest.groovy':[
35,
46,
],
'project:subprojects/groovy-ant/src/test/groovy/groovy/util/AntTest.groovy':[
269,
],
'project:subprojects/groovy-console/src/main/groovy/groovy/inspect/swingui/AstNodeToScriptAdapter.groovy':[
449,
854,
],
'project:subprojects/groovy-console/src/main/groovy/groovy/inspect/swingui/ScriptToTreeNodeAdapter.groovy':[
211,
227,
231,
249,
253,
254,
269,
278,
292,
299,
306,
312,
331,
339,
346,
354,
376,
625,
],
'project:subprojects/groovy-console/src/main/groovy/groovy/ui/Console.groovy':[
209,
248,
575,
891,
952,
1015,
],
'project:subprojects/groovy-console/src/main/groovy/groovy/ui/OutputTransforms.groovy':[
50,
74,
77,
80,
],
'project:subprojects/groovy-console/src/test/groovy/groovy/inspect/swingui/ScriptToTreeNodeAdapterTest.groovy':[
60,
],
'project:subprojects/groovy-docgenerator/src/main/groovy/org/codehaus/groovy/tools/DocGenerator.groovy':[
245,
326,
390,
433,
],
'project:subprojects/groovy-groovydoc/src/main/groovy/org/codehaus/groovy/tools/groovydoc/Main.groovy':[
129,
130,
131,
132,
222,
],
'project:subprojects/groovy-groovysh/src/main/groovy/org/codehaus/groovy/tools/shell/Parser.groovy':[
194,
],
'project:subprojects/groovy-groovysh/src/main/groovy/org/codehaus/groovy/tools/shell/commands/RecordCommand.groovy':[
95,
],
'project:subprojects/groovy-jmx/src/main/groovy/groovy/jmx/builder/JmxAttributeInfoManager.groovy':[
38,
56,
72,
74,
],
'project:subprojects/groovy-jmx/src/main/groovy/groovy/jmx/builder/JmxBuilderTools.groovy':[
168,
169,
179,
180,
214,
230,
260,
305,
],
'project:subprojects/groovy-jmx/src/main/groovy/groovy/jmx/builder/JmxEmitterFactory.groovy':[
93,
94,
95,
],
'project:subprojects/groovy-jmx/src/main/groovy/groovy/jmx/builder/JmxMetaMapBuilder.groovy':[
173,
379,
539,
557,
598,
],
'project:subprojects/groovy-jmx/src/main/groovy/groovy/jmx/builder/JmxOperationInfoManager.groovy':[
42,
58,
94,
109,
143,
162,
],
'project:subprojects/groovy-jmx/src/main/groovy/groovy/jmx/builder/JmxServerConnectorFactory.groovy':[
101,
],
'project:subprojects/groovy-jmx/src/main/groovy/groovy/jmx/builder/JmxTimerFactory.groovy':[
92,
107,
141,
],
'project:subprojects/groovy-json/src/main/groovy/groovy/json/StreamingJsonBuilder.groovy':[
70,
269,
],
'project:subprojects/groovy-jsr223/src/test/groovy/org/codehaus/groovy/jsr223/JSR223Test.groovy':[
69,
],
'project:subprojects/groovy-jsr223/src/test/groovy/org/codehaus/groovy/jsr223/vm6/JavascriptTest.groovy':[
11,
],
'project:subprojects/groovy-servlet/src/test/groovy/groovy/servlet/AbstractHttpServletTest.groovy':[
171,
195,
218,
227,
228,
229,
256,
264,
265,
266,
],
'project:subprojects/groovy-sql/src/test/groovy/groovy/sql/SqlBatchTest.groovy':[
123,
],
'project:subprojects/groovy-sql/src/test/groovy/groovy/sql/SqlHelperTestCase.groovy':[
77,
95,
],
'project:subprojects/groovy-sql/src/test/groovy/groovy/sql/SqlTest.groovy':[
133,
],
'project:subprojects/groovy-swing/src/main/groovy/groovy/swing/LookAndFeelHelper.groovy':[
118,
],
'project:subprojects/groovy-swing/src/main/groovy/groovy/swing/SwingBuilder.groovy':[
380,
493,
522,
525,
547,
553,
554,
574,
],
'project:subprojects/groovy-swing/src/main/groovy/groovy/swing/factory/ActionFactory.groovy':[
113,
],
'project:subprojects/groovy-swing/src/main/groovy/groovy/swing/factory/BeanFactory.groovy':[
41,
],
'project:subprojects/groovy-swing/src/main/groovy/groovy/swing/factory/BindFactory.groovy':[
355,
371,
],
'project:subprojects/groovy-swing/src/main/groovy/groovy/swing/factory/ImageIconFactory.groovy':[
37,
],
'project:subprojects/groovy-swing/src/main/groovy/groovy/swing/factory/RichActionWidgetFactory.groovy':[
55,
],
'project:subprojects/groovy-swing/src/main/groovy/groovy/swing/factory/TabbedPaneFactory.groovy':[
52,
],
'project:subprojects/groovy-swing/src/main/groovy/groovy/swing/factory/TextArgWidgetFactory.groovy':[
34,
],
'project:subprojects/groovy-swing/src/main/groovy/groovy/swing/impl/ClosureCellEditor.groovy':[
119,
],
'project:subprojects/groovy-swing/src/test/groovy/groovy/swing/SwingBuilderBindingsTest.groovy':[
1107,
],
'project:subprojects/groovy-swing/src/test/groovy/groovy/swing/SwingBuilderTest.groovy':[
69,
75,
984,
1001,
1011,
1024,
1035,
1052,
1065,
1077,
1085,
1166,
],
'project:subprojects/groovy-test/src/main/groovy/groovy/lang/GroovyLogTestCase.groovy':[
74,
],
'project:subprojects/groovy-test/src/main/groovy/groovy/mock/interceptor/Demand.groovy':[
36,
],
'project:subprojects/groovy-test/src/main/groovy/groovy/mock/interceptor/Ignore.groovy':[
33,
],
'project:subprojects/groovy-test/src/main/groovy/groovy/mock/interceptor/LooseExpectation.groovy':[
46,
62,
63,
64,
],
'project:subprojects/groovy-test/src/main/groovy/groovy/mock/interceptor/MockInterceptor.groovy':[
30,
32,
37,
40,
45,
53,
],
'project:subprojects/groovy-test/src/main/groovy/groovy/mock/interceptor/StrictExpectation.groovy':[
45,
46,
71,
],
'project:subprojects/groovy-test/src/test/groovy/GroovyTestCaseTest.groovy':[
27,
32,
37,
44,
],
'project:subprojects/groovy-test/src/test/groovy/groovy/test/GroovyAssertTest.groovy':[
38,
],
'project:subprojects/groovy-test/src/test/groovy/groovy/util/AllTestSuiteTest.groovy':[
64,
65,
],
'project:subprojects/groovy-xml/src/main/groovy/groovy/xml/StreamingDOMBuilder.groovy':[
177,
],
'project:subprojects/groovy-xml/src/main/groovy/groovy/xml/StreamingMarkupBuilder.groovy':[
94,
132,
],
'project:subprojects/groovy-xml/src/main/groovy/groovy/xml/StreamingSAXBuilder.groovy':[
38,
95,
],
'project:subprojects/groovy-xml/src/test/groovy/groovy/bugs/Groovy593_Bug.groovy':[
58,
59,
],
'project:subprojects/groovy-xml/src/test/groovy/groovy/xml/MarkupBuilderTest.groovy':[
279,
],
'project:subprojects/groovy-xml/src/test/groovy/groovy/xml/StreamingMarkupBuilderTest.groovy':[
57,
],
'project:subprojects/groovy-xml/src/test/groovy/groovy/xml/dom/DOMTest.groovy':[
28,
41,
68,
],
}
