{
'project:src/test/groovy/bugs/Groovy3235Bug.groovy':[
13,
],
'project:src/test/groovy/bugs/Groovy5212Bug.groovy':[
16,
],
'project:src/test/groovy/bugs/Groovy5260Bug.groovy':[
18,
],
'project:subprojects/groovy-groovysh/src/main/groovy/org/codehaus/groovy/tools/shell/commands/EditCommand.groovy':[
66,
],
'project:subprojects/groovy-groovysh/src/main/groovy/org/codehaus/groovy/tools/shell/commands/RecordCommand.groovy':[
88,
],
}
