{
'project:src/test/groovy/MultiCatchTest.groovy':[
79,
91,
101,
111,
],
'project:src/test/groovy/UnsafeNavigationTest.groovy':[
12,
],
'project:src/test/groovy/bugs/Groovy2666Bug.groovy':[
18,
],
'project:subprojects/groovy-console/src/main/groovy/groovy/ui/view/GTKDefaults.groovy':[
61,
],
'project:subprojects/groovy-groovysh/src/main/groovy/org/codehaus/groovy/tools/shell/completion/GroovySyntaxCompletor.groovy':[
275,
],
}
