{
'project:src/examples/commandLineTools/ListFiles.groovy':[
33,
],
'project:src/examples/commandLineTools/SimpleWebServer.groovy':[
44,
],
'project:src/examples/searchEngine/Indexer.groovy':[
26,
27,
],
'project:src/examples/searchEngine/Searcher.groovy':[
22,
],
'project:src/main/groovy/grape/GrapeIvy.groovy':[
118,
120,
133,
135,
143,
153,
257,
454,
469,
],
'project:src/main/groovy/util/CliBuilder.groovy':[
313,
],
'project:src/main/groovy/util/FileNameByRegexFinder.groovy':[
34,
],
'project:src/main/org/codehaus/groovy/tools/GrapeMain.groovy':[
191,
],
'project:src/tck/src/org/codehaus/groovy/tck/BatchGenerate.groovy':[
63,
69,
77,
],
'project:src/test/groovy/bugs/ConstructorBug.groovy':[
12,
17,
],
'project:src/test/groovy/bugs/Groovy2365Base.groovy':[
39,
],
'project:src/test/groovy/bugs/Groovy3464Bug.groovy':[
26,
27,
],
'project:src/test/groovy/bugs/Groovy3719Bug.groovy':[
8,
],
'project:src/test/groovy/bugs/Groovy4247Bug.groovy':[
5,
],
'project:src/test/groovy/bugs/Groovy4386_Bug.groovy':[
36,
38,
],
'project:src/test/groovy/bugs/Groovy5061.groovy':[
16,
23,
50,
57,
],
'project:src/test/groovy/bugs/Groovy5150Bug.groovy':[
20,
51,
57,
88,
119,
125,
156,
162,
],
'project:src/test/groovy/script/CallAnotherScript.groovy':[
5,
],
'project:src/test/groovy/script/EvalInScript.groovy':[
11,
],
'project:src/test/org/codehaus/groovy/benchmarks/alioth/rayTracer.groovy':[
116,
],
'project:subprojects/groovy-ant/src/test-resources/org/codehaus/groovy/ant/GroovycTest1.groovy':[
20,
],
'project:subprojects/groovy-console/src/main/groovy/groovy/inspect/swingui/AstBrowser.groovy':[
79,
],
'project:subprojects/groovy-console/src/main/groovy/groovy/inspect/swingui/AstNodeToScriptAdapter.groovy':[
55,
],
'project:subprojects/groovy-console/src/main/groovy/groovy/inspect/swingui/ScriptToTreeNodeAdapter.groovy':[
69,
],
'project:subprojects/groovy-console/src/main/groovy/groovy/ui/Console.groovy':[
169,
169,
170,
170,
171,
171,
1047,
],
'project:subprojects/groovy-console/src/main/groovy/groovy/ui/OutputTransforms.groovy':[
34,
35,
36,
],
'project:subprojects/groovy-docgenerator/src/main/groovy/org/codehaus/groovy/tools/DocGenerator.groovy':[
108,
115,
122,
129,
136,
161,
236,
238,
332,
334,
402,
433,
434,
],
'project:subprojects/groovy-groovydoc/src/main/groovy/org/codehaus/groovy/tools/groovydoc/Main.groovy':[
99,
103,
106,
212,
223,
229,
231,
236,
],
'project:subprojects/groovy-groovysh/src/main/groovy/org/codehaus/groovy/tools/shell/Groovysh.groovy':[
277,
278,
285,
492,
],
'project:subprojects/groovy-groovysh/src/main/groovy/org/codehaus/groovy/tools/shell/commands/LoadCommand.groovy':[
58,
],
'project:subprojects/groovy-groovysh/src/main/groovy/org/codehaus/groovy/tools/shell/commands/RecordCommand.groovy':[
90,
90,
],
'project:subprojects/groovy-groovysh/src/main/groovy/org/codehaus/groovy/tools/shell/commands/SaveCommand.groovy':[
59,
],
'project:subprojects/groovy-groovysh/src/main/groovy/org/codehaus/groovy/tools/shell/completion/FileNameCompleter.groovy':[
87,
92,
116,
],
'project:subprojects/groovy-groovysh/src/main/groovy/org/codehaus/groovy/tools/shell/util/PackageHelper.groovy':[
136,
285,
290,
],
'project:subprojects/groovy-swing/src/main/groovy/groovy/swing/factory/ImageIconFactory.groovy':[
52,
],
'project:subprojects/groovy-test/src/main/groovy/groovy/util/JavadocAssertionTestBuilder.groovy':[
63,
113,
],
'project:subprojects/groovy-test/src/main/groovy/groovy/util/JavadocAssertionTestSuite.groovy':[
89,
95,
],
}
