{
'project:src/main/groovy/grape/GrapeIvy.groovy':[
132,
140,
],
'project:src/main/org/codehaus/groovy/tools/GrapeMain.groovy':[
179,
188,
],
'project:src/test/groovy/ClosureMethodsOnFileTest.groovy':[
29,
32,
],
'project:src/test/groovy/bugs/Groovy2348Bug.groovy':[
19,
],
'project:src/test/groovy/bugs/Groovy3868Bug.groovy':[
17,
],
'project:src/test/groovy/util/ObservableMapTest.groovy':[
233,
],
'project:src/test/groovy/util/logging/Log4j2Test.groovy':[
28,
60,
66,
83,
97,
111,
149,
170,
208,
236,
253,
],
'project:src/test/org/codehaus/groovy/tools/stubgenerator/StubTestCase.groovy':[
89,
289,
296,
300,
],
'project:subprojects/groovy-console/src/main/groovy/groovy/inspect/swingui/ScriptToTreeNodeAdapter.groovy':[
231,
312,
],
'project:subprojects/groovy-console/src/main/groovy/groovy/ui/Console.groovy':[
575,
591,
694,
738,
939,
969,
973,
986,
991,
1006,
1046,
],
'project:subprojects/groovy-groovysh/src/main/groovy/org/codehaus/groovy/tools/shell/Parser.groovy':[
194,
],
'project:subprojects/groovy-groovysh/src/main/groovy/org/codehaus/groovy/tools/shell/util/PackageHelper.groovy':[
142,
],
'project:subprojects/groovy-json/src/main/groovy/groovy/json/JsonOutput.groovy':[
185,
189,
],
'project:subprojects/groovy-json/src/main/groovy/groovy/json/StreamingJsonBuilder.groovy':[
70,
269,
298,
],
'project:subprojects/groovy-swing/src/main/groovy/groovy/swing/SwingBuilder.groovy':[
380,
491,
514,
517,
523,
525,
547,
553,
554,
574,
575,
577,
583,
],
'project:subprojects/groovy-swing/src/main/groovy/groovy/swing/factory/ColumnFactory.groovy':[
32,
43,
49,
54,
55,
60,
65,
68,
71,
75,
],
}
