{
'project:benchmark/bench/ary.groovy':[
11,
],
'project:src/test/groovy/ValidNameTest.groovy':[
22,
],
'project:src/test/org/codehaus/groovy/benchmarks/alioth/rayTracer.groovy':[
82,
],
}
