{
'project:subprojects/groovy-groovysh/src/main/groovy/org/codehaus/groovy/tools/shell/Parser.groovy':[
118,
],
}
