{
'project:src/spec/test/testingguide/GroovyTestCaseExampleTests.groovy':[
29,
],
'project:src/test/groovy/GStringTest.groovy':[
258,
259,
],
'project:src/test/org/codehaus/groovy/transform/MemoizedASTTransformationTest.groovy':[
108,
110,
112,
114,
116,
118,
120,
127,
129,
136,
138,
],
}
