{
'project:src/examples/console/knowYourTables.groovy':[
8,
],
'project:src/examples/console/thinkOfANumber.groovy':[
8,
],
'project:src/examples/groovy2d/paintingByNumbers.groovy':[
18,
],
'project:subprojects/groovy-swing/src/main/groovy/groovy/swing/SwingBuilder.groovy':[
98,
],
}
