{
'project:src/test/groovy/GroovyCharSequenceMethodsTest.groovy':[
193,
194,
],
'project:src/test/org/codehaus/groovy/runtime/PerInstanceMetaClassTest.groovy':[
136,
],
}
