{
'project:src/test/groovy/IfElseTest.groovy':[
58,
59,
88,
89,
108,
125,
126,
127,
144,
146,
],
'project:src/test/groovy/lang/InterceptorTest.groovy':[
102,
],
'project:src/test/groovy/util/CliBuilderTest.groovy':[
106,
107,
108,
109,
],
'project:src/test/groovy/util/ConfigSlurperTest.groovy':[
113,
253,
288,
325,
355,
461,
],
'project:src/test/groovy/util/ProxyTest.groovy':[
41,
],
'project:subprojects/groovy-groovysh/src/test/groovy/org/codehaus/groovy/tools/shell/completion/CustomClassCompletorTest.groovy':[
17,
],
'project:subprojects/groovy-groovysh/src/test/groovy/org/codehaus/groovy/tools/shell/completion/ImportsSyntaxCompletorTest.groovy':[
41,
53,
56,
184,
200,
203,
205,
217,
],
'project:subprojects/groovy-groovysh/src/test/groovy/org/codehaus/groovy/tools/shell/completion/KeywordCompletorTest.groovy':[
11,
20,
22,
24,
31,
35,
43,
51,
],
'project:subprojects/groovy-groovysh/src/test/groovy/org/codehaus/groovy/tools/shell/completion/VariableCompletorTest.groovy':[
15,
26,
38,
],
'project:subprojects/groovy-groovysh/src/test/groovy/org/codehaus/groovy/tools/shell/util/WrappedInputStreamTest.groovy':[
30,
37,
51,
66,
],
}
