{
'project:src/test/groovy/ThisAndSuperTest.groovy':[
165,
],
'project:src/test/groovy/bugs/Groovy1059_Bug.groovy':[
47,
48,
],
'project:src/test/groovy/bugs/Groovy4098Bug.groovy':[
19,
20,
21,
22,
23,
24,
],
'project:src/test/groovy/bugs/Groovy770_Bug.groovy':[
41,
],
'project:src/test/groovy/bugs/Groovy779_Bug.groovy':[
102,
103,
112,
113,
],
'project:src/test/groovy/bugs/Groovy831_Bug.groovy':[
14,
15,
],
'project:src/test/groovy/util/GroovyScriptEngineReloadingTest.groovy':[
406,
],
'project:src/test/org/codehaus/groovy/benchmarks/alioth/rayTracer.groovy':[
5,
5,
5,
21,
21,
26,
27,
37,
38,
62,
63,
],
'project:src/test/org/codehaus/groovy/runtime/powerassert/AssertionRenderingTest.groovy':[
611,
],
}
