{
'project:benchmark/bench/fannkuch.groovy':[
30,
],
'project:benchmark/bench/regexdna.groovy':[
26,
],
'project:src/examples/groovy/model/MvcDemo.groovy':[
34,
],
'project:src/examples/groovy/swing/SwingDemo.groovy':[
28,
31,
35,
40,
43,
46,
51,
69,
],
'project:src/examples/groovy/swing/TableDemo.groovy':[
28,
39,
40,
],
'project:src/examples/groovy/swing/TableLayoutDemo.groovy':[
22,
],
'project:src/examples/groovy2d/paintingByNumbers.groovy':[
17,
],
'project:src/examples/swing/BindingExample.groovy':[
53,
],
'project:src/examples/swing/ModelNodeExample.groovy':[
41,
],
'project:src/examples/swing/Widgets.groovy':[
47,
50,
54,
],
'project:src/examples/swing/greet/TwitterAPI.groovy':[
83,
105,
],
'project:src/examples/swing/greet/View.groovy':[
119,
],
'project:src/main/groovy/grape/GrapeIvy.groovy':[
380,
485,
],
'project:src/main/org/codehaus/groovy/classgen/genMathModification.groovy':[
96,
],
'project:src/spec/test/testingguide/MockingExampleTests.groovy':[
89,
90,
104,
105,
],
'project:src/tck/src/org/codehaus/groovy/tck/TestGenerator.groovy':[
7,
59,
79,
94,
],
'project:src/test/gls/enums/EnumTest.groovy':[
30,
551,
],
'project:src/test/gls/invocation/MethodSelectionTest.groovy':[
259,
277,
290,
385,
],
'project:src/test/gls/scope/BlockScopeVisibilityTest.groovy':[
54,
],
'project:src/test/gls/syntax/Gep3Test.groovy':[
64,
65,
],
'project:src/test/gls/syntax/OldClosureSyntaxRemovalTest.groovy':[
7,
],
'project:src/test/gls/syntax/ParsingTest.groovy':[
27,
46,
],
'project:src/test/groovy/ActorTest.groovy':[
60,
64,
68,
],
'project:src/test/groovy/ArrayTest.groovy':[
434,
],
'project:src/test/groovy/BinaryStreamsTest.groovy':[
89,
106,
123,
136,
],
'project:src/test/groovy/BitSetTest.groovy':[
18,
],
'project:src/test/groovy/BreakContinueLabelTest.groovy':[
26,
37,
57,
69,
76,
88,
100,
],
'project:src/test/groovy/CategoryTest.groovy':[
164,
174,
184,
191,
198,
198,
199,
199,
200,
200,
],
'project:src/test/groovy/ClosureCurryTest.groovy':[
178,
224,
248,
249,
250,
251,
],
'project:src/test/groovy/ClosureInClosureTest.groovy':[
35,
36,
],
'project:src/test/groovy/ClosureMethodCallTest.groovy':[
30,
],
'project:src/test/groovy/ClosureMethodTest.groovy':[
30,
38,
78,
80,
114,
118,
120,
125,
157,
164,
178,
180,
198,
214,
274,
274,
278,
278,
286,
286,
304,
],
'project:src/test/groovy/ClosureSugarTest.groovy':[
20,
],
'project:src/test/groovy/ClosureTest.groovy':[
45,
59,
],
'project:src/test/groovy/ClosureWithDefaultParamTest.groovy':[
26,
],
'project:src/test/groovy/DateTest.groovy':[
37,
],
'project:src/test/groovy/DynamicMemberTest.groovy':[
4,
7,
18,
],
'project:src/test/groovy/FileTest.groovy':[
180,
],
'project:src/test/groovy/GroovyCharSequenceMethodsTest.groovy':[
27,
28,
29,
30,
34,
35,
36,
37,
46,
46,
95,
109,
117,
165,
171,
174,
179,
182,
192,
199,
200,
206,
207,
228,
236,
244,
251,
259,
267,
275,
285,
288,
294,
295,
297,
300,
336,
345,
358,
359,
],
'project:src/test/groovy/GroovyMethodsTest.groovy':[
68,
69,
94,
170,
177,
191,
471,
475,
482,
490,
607,
635,
646,
759,
763,
775,
843,
849,
894,
900,
980,
980,
1016,
1016,
1044,
1044,
1080,
1080,
1116,
1116,
1123,
1123,
1186,
1186,
1190,
1191,
1192,
1193,
1200,
1201,
1202,
1207,
1207,
1209,
1220,
1221,
1222,
],
'project:src/test/groovy/IdentityClosureTest.groovy':[
34,
43,
52,
61,
64,
72,
84,
],
'project:src/test/groovy/InstanceofTest.groovy':[
62,
],
'project:src/test/groovy/ListTest.groovy':[
657,
667,
],
'project:src/test/groovy/MapTest.groovy':[
92,
102,
120,
127,
140,
147,
151,
153,
154,
155,
156,
190,
192,
],
'project:src/test/groovy/MultiCatchTest.groovy':[
23,
],
'project:src/test/groovy/PrimitiveArraysTest.groovy':[
34,
35,
47,
48,
60,
61,
73,
74,
85,
86,
98,
99,
110,
111,
],
'project:src/test/groovy/PropertyTest.groovy':[
196,
],
'project:src/test/groovy/RangeTest.groovy':[
163,
169,
170,
],
'project:src/test/groovy/SerializeTest.groovy':[
80,
],
'project:src/test/groovy/SetTest.groovy':[
43,
45,
],
'project:src/test/groovy/SortTest.groovy':[
30,
55,
66,
67,
],
'project:src/test/groovy/StringBufferTest.groovy':[
11,
],
'project:src/test/groovy/StringTest.groovy':[
168,
190,
],
'project:src/test/groovy/SubscriptTest.groovy':[
136,
],
'project:src/test/groovy/UniqueOnCollectionWithComparatorTest.groovy':[
66,
],
'project:src/test/groovy/VArgsTest.groovy':[
5,
54,
67,
95,
96,
102,
103,
110,
159,
165,
177,
],
'project:src/test/groovy/benchmarks/createLoop.groovy':[
2,
],
'project:src/test/groovy/benchmarks/loop.groovy':[
7,
11,
16,
18,
21,
],
'project:src/test/groovy/benchmarks/loop2.groovy':[
7,
12,
17,
21,
24,
],
'project:src/test/groovy/bugs/ByteIndexBug.groovy':[
11,
],
'project:src/test/groovy/bugs/ClassGeneratorFixesTest.groovy':[
33,
],
'project:src/test/groovy/bugs/ClosureInClosureBug.groovy':[
23,
],
'project:src/test/groovy/bugs/ClosureVariableBug.groovy':[
20,
],
'project:src/test/groovy/bugs/Groovy1407_Bug.groovy':[
4,
15,
],
'project:src/test/groovy/bugs/Groovy1759_Bug.groovy':[
12,
18,
19,
20,
],
'project:src/test/groovy/bugs/Groovy2348Bug.groovy':[
3,
],
'project:src/test/groovy/bugs/Groovy2350Bug.groovy':[
3,
],
'project:src/test/groovy/bugs/Groovy2391Bug.groovy':[
3,
],
'project:src/test/groovy/bugs/Groovy2490Bug.groovy':[
17,
],
'project:src/test/groovy/bugs/Groovy2557Bug.groovy':[
3,
],
'project:src/test/groovy/bugs/Groovy2666Bug.groovy':[
5,
],
'project:src/test/groovy/bugs/Groovy2816Bug.groovy':[
3,
],
'project:src/test/groovy/bugs/Groovy2849Bug.groovy':[
4,
],
'project:src/test/groovy/bugs/Groovy2951Bug.groovy':[
16,
],
'project:src/test/groovy/bugs/Groovy3139Bug.groovy':[
27,
36,
],
'project:src/test/groovy/bugs/Groovy3403Bug.groovy':[
34,
],
'project:src/test/groovy/bugs/Groovy3574Bug.groovy':[
18,
30,
],
'project:src/test/groovy/bugs/Groovy3645Bug.groovy':[
5,
],
'project:src/test/groovy/bugs/Groovy3749Bug.groovy':[
67,
],
'project:src/test/groovy/bugs/Groovy4078Bug.groovy':[
17,
24,
],
'project:src/test/groovy/bugs/Groovy4257Bug.groovy':[
9,
19,
],
'project:src/test/groovy/bugs/Groovy4414Bug.groovy':[
29,
29,
35,
35,
55,
55,
],
'project:src/test/groovy/bugs/Groovy4861Bug.groovy':[
16,
],
'project:src/test/groovy/bugs/Groovy5193Bug.groovy':[
7,
21,
],
'project:src/test/groovy/bugs/InterfaceImplBug.groovy':[
16,
],
'project:src/test/groovy/bugs/SuperMethod2Bug.groovy':[
68,
103,
104,
105,
140,
141,
142,
],
'project:src/test/groovy/bugs/SynchronizedBytecodeBug.groovy':[
30,
132,
],
'project:src/test/groovy/bugs/ZoharsBug.groovy':[
15,
16,
],
'project:src/test/groovy/lang/BenchmarkInterceptorTest.groovy':[
7,
],
'project:src/test/groovy/lang/IntRangeTest.groovy':[
77,
126,
],
'project:src/test/groovy/lang/MetaClassRegistryTest.groovy':[
17,
],
'project:src/test/groovy/lang/StringConcatTest.groovy':[
3,
],
'project:src/test/groovy/lang/SyntheticReturnTest.groovy':[
3,
],
'project:src/test/groovy/lang/gcldeadlock/DeadlockBugUtil.groovy':[
2,
],
'project:src/test/groovy/lang/gcldeadlock/script0.groovy':[
1,
],
'project:src/test/groovy/mock/example/SandwichMakerTest.groovy':[
7,
],
'project:src/test/groovy/operator/TernaryOperatorsTest.groovy':[
27,
],
'project:src/test/groovy/runtime/metaclass/groovy/bugs/CustomMetaClassTestMetaClass.groovy':[
4,
],
'project:src/test/groovy/transform/stc/ClosuresSTCTest.groovy':[
295,
],
'project:src/test/groovy/transform/stc/RangesSTCTest.groovy':[
19,
],
'project:src/test/groovy/ui/GroovyMainTest.groovy':[
12,
],
'project:src/test/groovy/util/BuilderSupportTest.groovy':[
13,
46,
139,
142,
147,
152,
158,
161,
164,
167,
],
'project:src/test/groovy/util/FactoryBuilderSupportTest.groovy':[
69,
384,
515,
517,
518,
567,
569,
570,
626,
628,
629,
684,
686,
832,
887,
894,
],
'project:src/test/groovy/util/IndentPrinterTest.groovy':[
11,
],
'project:src/test/groovy/util/ObjectGraphBuilderTest.groovy':[
87,
229,
232,
235,
238,
],
'project:src/test/groovy/util/ObservableMapTest.groovy':[
26,
69,
108,
141,
176,
197,
],
'project:src/test/groovy/util/OrderByTest.groovy':[
33,
37,
42,
44,
64,
],
'project:src/test/groovy/util/ProxyTest.groovy':[
8,
86,
89,
],
'project:src/test/org/codehaus/groovy/antlr/GStringEndTest.groovy':[
4,
],
'project:src/test/org/codehaus/groovy/ast/builder/AstBuilderFromCodeTest.groovy':[
224,
],
'project:src/test/org/codehaus/groovy/benchmarks/alioth/binarytrees.groovy':[
11,
29,
35,
],
'project:src/test/org/codehaus/groovy/benchmarks/alioth/fannkuch.groovy':[
33,
],
'project:src/test/org/codehaus/groovy/benchmarks/alioth/partialsums.groovy':[
24,
],
'project:src/test/org/codehaus/groovy/benchmarks/alioth/spectralnorm.groovy':[
38,
46,
54,
],
'project:src/test/org/codehaus/groovy/classgen/asm/CovariantReturnBytecodeTest.groovy':[
19,
],
'project:src/test/org/codehaus/groovy/reflection/WeakMapTest.groovy':[
3,
],
'project:src/test/org/codehaus/groovy/runtime/DateGDKTest.groovy':[
151,
163,
172,
184,
195,
208,
219,
232,
],
'project:src/test/org/codehaus/groovy/runtime/DirectoryDeleteTest.groovy':[
11,
],
'project:src/test/org/codehaus/groovy/runtime/NullObjectTest.groovy':[
26,
],
'project:src/test/org/codehaus/groovy/runtime/PerInstanceMetaClassTest.groovy':[
3,
46,
],
'project:src/test/org/codehaus/groovy/runtime/StringAsClassTest.groovy':[
18,
],
'project:src/test/org/codehaus/groovy/runtime/m12n/ExtensionModuleHelperForTests.groovy':[
45,
],
'project:src/test/org/codehaus/groovy/tools/rootloadersync/SubclassingInGroovyTest.groovy':[
5,
],
'project:src/test/org/codehaus/groovy/transform/BaseScriptTransformTest.groovy':[
109,
],
'project:src/test/org/codehaus/groovy/transform/CanonicalComponentsTransformTest.groovy':[
69,
87,
101,
117,
310,
],
'project:src/test/org/codehaus/groovy/transform/PackageScopeTransformTest.groovy':[
56,
65,
],
'project:src/test/org/codehaus/groovy/transform/SynchronizedTransformTest.groovy':[
32,
],
'project:src/test/org/codehaus/groovy/transform/tailrec/InWhileLoopWrapperTest.groovy':[
38,
52,
],
'project:src/test/org/codehaus/groovy/util/ManagedLinkedlistTest.groovy':[
3,
37,
],
'project:subprojects/groovy-console/src/main/groovy/groovy/inspect/swingui/ObjectBrowser.groovy':[
43,
72,
79,
80,
91,
92,
93,
103,
104,
105,
106,
107,
108,
118,
119,
120,
121,
122,
123,
124,
],
'project:subprojects/groovy-console/src/main/groovy/groovy/inspect/swingui/ScriptToTreeNodeAdapter.groovy':[
597,
],
'project:subprojects/groovy-console/src/main/groovy/groovy/ui/Console.groovy':[
254,
279,
291,
376,
563,
830,
1200,
],
'project:subprojects/groovy-console/src/main/groovy/groovy/ui/ConsoleView.groovy':[
119,
126,
129,
132,
134,
],
'project:subprojects/groovy-console/src/main/groovy/groovy/ui/view/BasicContentPane.groovy':[
79,
],
'project:subprojects/groovy-console/src/test/groovy/groovy/inspect/swingui/ScriptToTreeNodeAdapterTest.groovy':[
70,
72,
],
'project:subprojects/groovy-docgenerator/src/main/groovy/org/codehaus/groovy/tools/DocGenerator.groovy':[
131,
131,
],
'project:subprojects/groovy-groovysh/src/main/groovy/org/codehaus/groovy/tools/shell/completion/ImportsSyntaxCompletor.groovy':[
71,
],
'project:subprojects/groovy-groovysh/src/test/groovy/org/codehaus/groovy/tools/shell/CommandCompletorTest.groovy':[
62,
63,
121,
122,
123,
],
'project:subprojects/groovy-groovysh/src/test/groovy/org/codehaus/groovy/tools/shell/ShellRunnerTestSupport.groovy':[
53,
53,
],
'project:subprojects/groovy-groovysh/src/test/groovy/org/codehaus/groovy/tools/shell/completion/GroovySyntaxCompletorTest.groovy':[
39,
55,
71,
86,
102,
117,
160,
178,
269,
285,
],
'project:subprojects/groovy-groovysh/src/test/groovy/org/codehaus/groovy/tools/shell/completion/NavigablePropertiesCompleterTest.groovy':[
47,
47,
],
'project:subprojects/groovy-groovysh/src/test/groovy/org/codehaus/groovy/tools/shell/completion/ReflectionCompletorTest.groovy':[
125,
],
'project:subprojects/groovy-json/src/test/groovy/groovy/json/JsonSlurperCharSourceTest.groovy':[
8,
],
'project:subprojects/groovy-json/src/test/groovy/groovy/json/JsonSlurperLaxTest.groovy':[
7,
],
'project:subprojects/groovy-sql/src/test/groovy/groovy/sql/SqlCacheTest.groovy':[
207,
],
'project:subprojects/groovy-sql/src/test/groovy/groovy/sql/SqlCallTest.groovy':[
43,
49,
],
'project:subprojects/groovy-sql/src/test/groovy/groovy/sql/SqlCompleteTest.groovy':[
45,
54,
312,
],
'project:subprojects/groovy-sql/src/test/groovy/groovy/sql/SqlStatementTest.groovy':[
49,
],
'project:subprojects/groovy-sql/src/test/groovy/groovy/sql/SqlTransactionTestCase.groovy':[
38,
44,
],
'project:subprojects/groovy-swing/src/main/groovy/groovy/swing/binding/JComboBoxMetaMethods.groovy':[
29,
39,
43,
],
'project:subprojects/groovy-swing/src/main/groovy/groovy/swing/binding/JListMetaMethods.groovy':[
29,
39,
43,
47,
51,
],
'project:subprojects/groovy-swing/src/main/groovy/groovy/swing/binding/JTableMetaMethods.groovy':[
37,
45,
48,
],
'project:subprojects/groovy-swing/src/main/groovy/groovy/swing/factory/ActionFactory.groovy':[
50,
],
'project:subprojects/groovy-swing/src/main/groovy/groovy/swing/factory/ColumnModelFactory.groovy':[
42,
],
'project:subprojects/groovy-swing/src/main/groovy/groovy/swing/factory/ListFactory.groovy':[
38,
69,
],
'project:subprojects/groovy-swing/src/test/groovy/groovy/swing/SwingBuilderBindingsTest.groovy':[
1028,
1029,
1032,
1033,
1083,
1091,
],
'project:subprojects/groovy-swing/src/test/groovy/groovy/swing/TitledBorderFactoryJustificationTest.groovy':[
49,
],
'project:subprojects/groovy-templates/src/test/groovy/groovy/SimpleTemplateEngineTest.groovy':[
27,
],
'project:subprojects/groovy-templates/src/test/groovy/groovy/text/SimpleTemplateTest.groovy':[
29,
39,
49,
58,
62,
],
'project:subprojects/groovy-test/src/main/groovy/groovy/lang/GroovyLogTestCase.groovy':[
41,
69,
],
'project:subprojects/groovy-test/src/main/groovy/groovy/mock/interceptor/LooseExpectation.groovy':[
45,
],
'project:subprojects/groovy-test/src/main/groovy/groovy/mock/interceptor/StrictExpectation.groovy':[
44,
],
'project:subprojects/groovy-test/src/test/groovy/GroovyTestCaseTest.groovy':[
37,
38,
44,
45,
],
'project:subprojects/groovy-test/src/test/groovy/groovy/lang/GroovyLogTestCaseTest.groovy':[
19,
26,
],
'project:subprojects/groovy-xml/src/test/groovy/groovy/util/NodeTest.groovy':[
205,
212,
],
'project:subprojects/groovy-xml/src/test/groovy/groovy/xml/GpathSyntaxTestSupport.groovy':[
120,
121,
131,
132,
133,
133,
167,
175,
176,
178,
184,
186,
188,
212,
218,
285,
290,
],
'project:subprojects/groovy-xml/src/test/groovy/groovy/xml/MarkupBuilderTest.groovy':[
108,
110,
156,
],
'project:subprojects/groovy-xml/src/test/groovy/groovy/xml/TraversalTestSupport.groovy':[
21,
25,
32,
],
'project:subprojects/groovy-xml/src/test/groovy/groovy/xml/dom/DOMTest.groovy':[
93,
],
}
