{
'project:src/examples/commandLineTools/ListFiles.groovy':[
30,
],
'project:src/main/org/codehaus/groovy/transform/tailrec/TailRecursiveASTTransformation.groovy':[
234,
],
'project:src/test/groovy/GroovyClosureMethodsTest.groovy':[
151,
],
'project:src/test/groovy/io/LineColumnReaderTest.groovy':[
42,
],
'project:src/test/org/codehaus/groovy/runtime/PerInstanceMetaClassTest.groovy':[
13,
],
'project:subprojects/groovy-groovysh/src/main/groovy/org/codehaus/groovy/tools/shell/Parser.groovy':[
193,
],
}
