{
'project:src/test/groovy/lang/MixinTest.groovy':[
481,
],
}
