{
'project:benchmark/bench/binarytrees.groovy':[
20,
60,
61,
],
'project:benchmark/bench/fibo.groovy':[
9,
],
'project:benchmark/bench/heapsort.groovy':[
54,
],
'project:benchmark/bench/mandelbrot.groovy':[
19,
24,
33,
37,
],
'project:benchmark/bench/nsieve.groovy':[
12,
18,
44,
45,
50,
51,
],
'project:benchmark/bench/random.groovy':[
25,
27,
],
'project:benchmark/bench/recursive.groovy':[
16,
17,
21,
21,
22,
22,
31,
31,
31,
38,
40,
40,
40,
41,
],
'project:benchmark/bench/spectralnorm.groovy':[
22,
33,
33,
33,
39,
47,
62,
],
'project:src/examples/console/MortgageCalculator.groovy':[
16,
17,
18,
73,
],
'project:src/examples/groovy/model/MvcDemo.groovy':[
30,
30,
],
'project:src/examples/groovy/swing/SwingDemo.groovy':[
21,
],
'project:src/examples/groovy/swing/TableDemo.groovy':[
24,
24,
],
'project:src/examples/groovy/swing/TableLayoutDemo.groovy':[
18,
18,
],
'project:src/examples/groovy2d/paintingByNumbers.groovy':[
25,
25,
34,
],
'project:src/examples/swing/BindingExample.groovy':[
40,
40,
41,
41,
41,
41,
43,
43,
43,
43,
44,
44,
44,
44,
47,
47,
47,
47,
51,
51,
51,
51,
51,
],
'project:src/examples/swing/BloglinesClient.groovy':[
150,
],
'project:src/examples/swing/ModelNodeExample.groovy':[
17,
17,
23,
23,
23,
23,
25,
25,
25,
25,
27,
31,
31,
31,
31,
33,
33,
33,
33,
35,
39,
39,
39,
39,
45,
47,
55,
55,
55,
55,
59,
59,
59,
59,
60,
64,
64,
64,
64,
],
'project:src/examples/swing/Widgets.groovy':[
31,
40,
66,
66,
101,
105,
106,
110,
120,
120,
120,
128,
128,
128,
134,
134,
134,
134,
141,
141,
141,
141,
147,
147,
147,
147,
152,
152,
152,
152,
192,
192,
],
'project:src/examples/swing/binding/caricature/Caricature.groovy':[
24,
26,
29,
31,
34,
36,
39,
41,
44,
47,
47,
],
'project:src/examples/swing/greet/View.groovy':[
47,
47,
47,
47,
50,
50,
50,
50,
70,
92,
92,
92,
93,
93,
93,
93,
95,
95,
95,
95,
95,
97,
97,
97,
97,
98,
100,
103,
106,
117,
117,
117,
117,
117,
120,
120,
120,
120,
123,
123,
123,
123,
133,
139,
139,
139,
139,
140,
141,
141,
141,
141,
143,
143,
143,
143,
144,
145,
145,
145,
145,
148,
148,
148,
148,
],
'project:src/examples/swing/timelog/TimeLogView.groovy':[
19,
19,
22,
22,
22,
22,
27,
27,
27,
27,
27,
30,
30,
30,
30,
33,
33,
33,
33,
35,
35,
35,
37,
38,
38,
38,
38,
38,
],
'project:src/main/org/codehaus/groovy/ast/builder/AstSpecificationCompiler.groovy':[
952,
965,
1009,
1011,
1012,
1033,
1110,
1111,
1126,
],
'project:src/main/org/codehaus/groovy/tools/GrapeMain.groovy':[
32,
35,
36,
55,
62,
63,
142,
146,
290,
300,
301,
343,
],
'project:src/main/org/codehaus/groovy/transform/ASTTestTransformation.groovy':[
122,
],
'project:src/main/org/codehaus/groovy/transform/TimedInterruptibleASTTransformation.groovy':[
161,
170,
170,
204,
204,
],
'project:src/main/org/codehaus/groovy/transform/tailrec/AstHelper.groovy':[
44,
45,
45,
],
'project:src/tck/src/org/codehaus/groovy/tck/TestGenerator.groovy':[
193,
195,
197,
199,
],
'project:src/tck/test/gls/ch03/s03/UnicodeEscapes1.groovy':[
22,
],
'project:src/test/gls/annotations/closures/JavaCompatibility.groovy':[
5,
8,
11,
12,
13,
],
'project:src/test/gls/annotations/closures/JavaCompatibilityParameterized.groovy':[
5,
8,
11,
12,
13,
],
'project:src/test/groovy/bugs/AsBoolBug.groovy':[
23,
],
'project:src/test/groovy/bugs/AssignmentInsideExpressionBug.groovy':[
18,
19,
20,
],
'project:src/test/groovy/bugs/AttributeSetExpressionBug.groovy':[
12,
],
'project:src/test/groovy/bugs/BlockAsClosureBug.groovy':[
32,
47,
52,
59,
63,
],
'project:src/test/groovy/bugs/Bytecode2Bug.groovy':[
27,
27,
28,
28,
29,
29,
43,
43,
44,
44,
45,
45,
49,
53,
53,
53,
],
'project:src/test/groovy/bugs/Bytecode3Bug.groovy':[
15,
],
'project:src/test/groovy/bugs/Bytecode4Bug.groovy':[
28,
28,
28,
],
'project:src/test/groovy/bugs/Bytecode6Bug.groovy':[
22,
23,
],
'project:src/test/groovy/bugs/Bytecode7Bug.groovy':[
21,
24,
],
'project:src/test/groovy/bugs/ClosureTypedVariableBug.groovy':[
63,
68,
],
'project:src/test/groovy/bugs/ClosureVariableBug.groovy':[
27,
32,
],
'project:src/test/groovy/bugs/ClosureWithStaticVariablesBug.groovy':[
25,
],
'project:src/test/groovy/bugs/ConstructorParameterBug.groovy':[
21,
],
'project:src/test/groovy/bugs/DefVariableBug.groovy':[
19,
],
'project:src/test/groovy/bugs/ForLoopBug.groovy':[
51,
56,
64,
],
'project:src/test/groovy/bugs/Groovy1407_Bug.groovy':[
7,
18,
18,
18,
18,
18,
18,
18,
18,
19,
19,
19,
19,
19,
19,
19,
19,
],
'project:src/test/groovy/bugs/Groovy1462_Bug.groovy':[
17,
],
'project:src/test/groovy/bugs/Groovy2351Bug.groovy':[
8,
8,
8,
],
'project:src/test/groovy/bugs/Groovy2549Bug.groovy':[
25,
28,
31,
34,
],
'project:src/test/groovy/bugs/Groovy2556Bug.groovy':[
54,
55,
60,
60,
60,
61,
61,
66,
71,
71,
72,
72,
77,
78,
79,
],
'project:src/test/groovy/bugs/Groovy2849Bug.groovy':[
6,
19,
],
'project:src/test/groovy/bugs/Groovy3135Bug.groovy':[
18,
21,
24,
27,
30,
],
'project:src/test/groovy/bugs/Groovy3311Bug.groovy':[
24,
28,
],
'project:src/test/groovy/bugs/Groovy3339Bug.groovy':[
40,
50,
],
'project:src/test/groovy/bugs/Groovy3509Bug.groovy':[
15,
18,
23,
25,
41,
41,
44,
50,
],
'project:src/test/groovy/bugs/Groovy3560Bug.groovy':[
21,
],
'project:src/test/groovy/bugs/Groovy3679Bug.groovy':[
34,
],
'project:src/test/groovy/bugs/Groovy3799Bug.groovy':[
26,
],
'project:src/test/groovy/bugs/Groovy3818Bug.groovy':[
14,
17,
24,
25,
28,
],
'project:src/test/groovy/bugs/Groovy3830Bug.groovy':[
14,
],
'project:src/test/groovy/bugs/Groovy3876Bug.groovy':[
11,
22,
],
'project:src/test/groovy/bugs/Groovy3894Bug.groovy':[
8,
14,
16,
],
'project:src/test/groovy/bugs/Groovy4078Bug.groovy':[
9,
11,
13,
14,
],
'project:src/test/groovy/bugs/Groovy4104Bug.groovy':[
28,
],
'project:src/test/groovy/bugs/Groovy4134Bug.groovy':[
22,
],
'project:src/test/groovy/bugs/Groovy4139Bug.groovy':[
26,
],
'project:src/test/groovy/bugs/Groovy4257Bug.groovy':[
14,
15,
18,
18,
18,
],
'project:src/test/groovy/bugs/Groovy4414Bug.groovy':[
23,
25,
25,
26,
27,
32,
50,
50,
51,
51,
],
'project:src/test/groovy/bugs/Groovy5056Bug.groovy':[
60,
],
'project:src/test/groovy/bugs/Groovy513_Bug.groovy':[
26,
27,
28,
30,
],
'project:src/test/groovy/bugs/Groovy5260Bug.groovy':[
49,
],
'project:src/test/groovy/bugs/Groovy5272Bug.groovy':[
24,
40,
],
'project:src/test/groovy/bugs/Groovy5425_Bug.groovy':[
31,
],
'project:src/test/groovy/bugs/Groovy675_Bug.groovy':[
34,
],
'project:src/test/groovy/bugs/Groovy779_Bug.groovy':[
54,
55,
77,
79,
81,
83,
85,
85,
87,
],
'project:src/test/groovy/bugs/Groovy831_Bug.groovy':[
18,
21,
22,
24,
25,
25,
29,
32,
33,
34,
35,
35,
],
'project:src/test/groovy/bugs/GuillaumesMapBug.groovy':[
16,
17,
17,
29,
29,
34,
35,
35,
],
'project:src/test/groovy/bugs/MethodDispatchBug.groovy':[
25,
26,
26,
40,
],
'project:src/test/groovy/bugs/NestedClosure2Bug.groovy':[
34,
38,
52,
62,
63,
],
'project:src/test/groovy/bugs/NestedClosureBug.groovy':[
28,
],
'project:src/test/groovy/bugs/POJOCallSiteBug.groovy':[
66,
],
'project:src/test/groovy/bugs/PrimitivePropertyBug.groovy':[
22,
23,
24,
25,
26,
27,
29,
30,
31,
32,
33,
34,
44,
46,
],
'project:src/test/groovy/bugs/SubscriptAndExpressionBug.groovy':[
15,
24,
32,
34,
34,
37,
37,
41,
44,
44,
65,
66,
],
'project:src/test/groovy/bugs/SubscriptOnPrimitiveTypeArrayBug.groovy':[
14,
16,
17,
22,
22,
26,
35,
37,
37,
37,
],
'project:src/test/groovy/bugs/SuperMethod2Bug.groovy':[
48,
48,
53,
],
'project:src/test/groovy/bugs/UseClosureInClosureBug.groovy':[
10,
12,
],
'project:src/test/groovy/bugs/UseStaticInClosureBug.groovy':[
13,
14,
22,
22,
24,
25,
],
'project:src/test/groovy/bugs/ZoharsBug.groovy':[
12,
12,
12,
],
'project:src/test/groovy/operator/MyColor.groovy':[
13,
13,
17,
17,
17,
],
'project:src/test/groovy/operator/MyColorCategory.groovy':[
5,
5,
],
'project:src/test/groovy/script/ScriptWithFunctions.groovy':[
9,
],
'project:src/test/org/codehaus/groovy/benchmarks/alioth/binarytrees.groovy':[
62,
63,
],
'project:src/test/org/codehaus/groovy/benchmarks/alioth/partialsums.groovy':[
20,
20,
20,
20,
21,
21,
21,
21,
25,
29,
31,
31,
32,
33,
34,
35,
37,
37,
38,
],
'project:src/test/org/codehaus/groovy/benchmarks/alioth/rayTracer.groovy':[
103,
104,
105,
115,
125,
125,
125,
127,
127,
],
'project:src/test/org/codehaus/groovy/benchmarks/alioth/recursive.groovy':[
13,
16,
16,
16,
18,
35,
36,
41,
41,
42,
42,
55,
55,
55,
],
'project:src/test/org/codehaus/groovy/benchmarks/alioth/spectralnorm.groovy':[
22,
22,
40,
48,
67,
],
'project:src/test/org/codehaus/groovy/classgen/asm/sc/StaticCompileArrayLengthAndGet.groovy':[
31,
31,
31,
31,
46,
],
'project:src/test/org/codehaus/groovy/transform/tailrec/RecursiveListExamples.groovy':[
32,
32,
32,
44,
],
'project:src/test/org/codehaus/groovy/transform/tailrec/TailrecursiveExamples.groovy':[
26,
26,
35,
35,
35,
35,
35,
35,
35,
35,
52,
52,
53,
53,
64,
64,
64,
71,
71,
72,
72,
78,
78,
78,
78,
],
'project:subprojects/groovy-console/src/main/groovy/groovy/inspect/swingui/AstBrowser.groovy':[
146,
146,
146,
146,
156,
156,
156,
156,
162,
162,
162,
162,
187,
187,
187,
187,
187,
187,
187,
187,
205,
289,
293,
298,
300,
422,
428,
429,
429,
],
'project:subprojects/groovy-console/src/main/groovy/groovy/inspect/swingui/ObjectBrowser.groovy':[
52,
65,
65,
],
'project:subprojects/groovy-console/src/main/groovy/groovy/ui/Console.groovy':[
264,
461,
765,
848,
1147,
1147,
1160,
1201,
1216,
1218,
1296,
],
'project:subprojects/groovy-console/src/main/groovy/groovy/ui/view/BasicContentPane.groovy':[
48,
49,
50,
119,
124,
128,
128,
129,
],
'project:subprojects/groovy-console/src/main/groovy/groovy/ui/view/BasicStatusBar.groovy':[
29,
31,
31,
],
'project:subprojects/groovy-docgenerator/src/main/groovy/org/codehaus/groovy/tools/DocGenerator.groovy':[
228,
304,
326,
],
'project:subprojects/groovy-groovysh/src/main/groovy/org/codehaus/groovy/tools/shell/commands/DocCommand.groovy':[
43,
43,
],
'project:subprojects/groovy-groovysh/src/main/groovy/org/codehaus/groovy/tools/shell/commands/ImportCommand.groovy':[
155,
159,
186,
191,
208,
227,
],
'project:subprojects/groovy-groovysh/src/main/groovy/org/codehaus/groovy/tools/shell/commands/RegisterCommand.groovy':[
58,
],
'project:subprojects/groovy-groovysh/src/main/groovy/org/codehaus/groovy/tools/shell/completion/GroovySyntaxCompletor.groovy':[
71,
78,
86,
91,
97,
119,
189,
195,
],
'project:subprojects/groovy-groovysh/src/main/groovy/org/codehaus/groovy/tools/shell/completion/ReflectionCompletor.groovy':[
70,
114,
],
'project:subprojects/groovy-groovysh/src/main/groovy/org/codehaus/groovy/tools/shell/completion/StricterArgumentCompleter.groovy':[
48,
61,
],
'project:subprojects/groovy-groovysh/src/main/groovy/org/codehaus/groovy/tools/shell/util/PackageHelper.groovy':[
333,
],
'project:subprojects/groovy-jmx/src/main/groovy/groovy/jmx/builder/JmxTimerFactory.groovy':[
111,
122,
125,
128,
128,
128,
131,
131,
131,
134,
],
'project:subprojects/groovy-json/src/main/groovy/groovy/json/JsonOutput.groovy':[
181,
186,
190,
],
'project:subprojects/groovy-swing/src/main/groovy/groovy/swing/factory/TabbedPaneFactory.groovy':[
103,
106,
109,
112,
115,
123,
],
'project:subprojects/groovy-swing/src/test/groovy/groovy/bugs/Groovy303_Bug.groovy':[
48,
],
'project:subprojects/groovy-test/src/main/groovy/groovy/mock/interceptor/Demand.groovy':[
41,
],
'project:subprojects/groovy-xml/src/main/groovy/groovy/xml/streamingmarkupsupport/AbstractStreamingBuilder.groovy':[
57,
],
'project:subprojects/groovy-xml/src/test/groovy/groovy/xml/BuilderTestSupport.groovy':[
255,
256,
269,
269,
276,
],
'project:subprojects/groovy-xml/src/test/groovy/groovy/xml/GpathSyntaxTestSupport.groovy':[
76,
77,
81,
121,
127,
129,
130,
172,
246,
269,
307,
314,
319,
324,
330,
335,
340,
417,
],
'project:subprojects/groovy-xml/src/test/groovy/groovy/xml/MixedMarkupTestSupport.groovy':[
21,
],
}
