{
'project:src/examples/groovyShell/ArithmeticShellTest.groovy':[
16,
],
'project:src/examples/groovyShell/BlacklistingShellTest.groovy':[
15,
],
'project:src/test/gls/annotations/closures/AnnotationClosureOwnerCallTest.groovy':[
4,
6,
8,
14,
],
'project:src/test/gls/annotations/closures/AnnotationClosureThisObjectCallTest.groovy':[
4,
6,
8,
13,
],
'project:src/test/gls/annotations/closures/AnnotationClosureUnqualifiedCallTest.groovy':[
4,
6,
8,
13,
],
'project:src/test/gls/annotations/closures/AnnotationClosureWithParametersTest.groovy':[
4,
6,
8,
],
'project:src/test/gls/ch08/s04/FormalParameterTest.groovy':[
35,
40,
74,
],
'project:src/test/gls/scope/VariablePrecedenceTest.groovy':[
34,
38,
43,
],
'project:src/test/gls/statements/MultipleAssignmentTest.groovy':[
29,
],
'project:src/test/gls/syntax/Gep3Test.groovy':[
142,
143,
144,
172,
],
'project:src/test/groovy/ArrayAutoboxingTest.groovy':[
23,
],
'project:src/test/groovy/ArrayCoerceTest.groovy':[
203,
],
'project:src/test/groovy/ArrayParamMethodTest.groovy':[
13,
],
'project:src/test/groovy/ArrayTest.groovy':[
434,
],
'project:src/test/groovy/ArrayTypeTest.groovy':[
18,
],
'project:src/test/groovy/BinaryStreamsTest.groovy':[
86,
120,
],
'project:src/test/groovy/CastTest.groovy':[
92,
97,
],
'project:src/test/groovy/CategoryTest.groovy':[
164,
],
'project:src/test/groovy/ChainedAssignmentTest.groovy':[
5,
],
'project:src/test/groovy/ClassTest.groovy':[
37,
],
'project:src/test/groovy/ClosureAsParamTest.groovy':[
59,
64,
68,
72,
77,
],
'project:src/test/groovy/ClosureReturnTest.groovy':[
31,
],
'project:src/test/groovy/ClosureReturnWithoutReturnStatementTest.groovy':[
25,
],
'project:src/test/groovy/ClosureSugarTest.groovy':[
28,
32,
],
'project:src/test/groovy/ClosureTest.groovy':[
98,
103,
],
'project:src/test/groovy/ClosureWithDefaultParamTest.groovy':[
26,
],
'project:src/test/groovy/CollateTest.groovy':[
96,
],
'project:src/test/groovy/DynamicMemberTest.groovy':[
4,
],
'project:src/test/groovy/FileTest.groovy':[
343,
349,
],
'project:src/test/groovy/FinallyTest.groovy':[
85,
94,
110,
135,
],
'project:src/test/groovy/GStringTest.groovy':[
20,
150,
337,
497,
552,
],
'project:src/test/groovy/GeneratorTest.groovy':[
57,
],
'project:src/test/groovy/GroovyMethodsTest.groovy':[
715,
],
'project:src/test/groovy/IfPropertyTest.groovy':[
23,
28,
],
'project:src/test/groovy/MapConstructionTest.groovy':[
49,
],
'project:src/test/groovy/MethodCallWithoutParenthesisTest.groovy':[
23,
45,
],
'project:src/test/groovy/MinMaxTest.groovy':[
58,
],
'project:src/test/groovy/OptionalReturnTest.groovy':[
80,
84,
89,
94,
99,
103,
107,
110,
114,
118,
],
'project:src/test/groovy/OverloadInvokeMethodTest.groovy':[
17,
31,
],
'project:src/test/groovy/OverridePropertyGetterTest.groovy':[
24,
],
'project:src/test/groovy/PostfixTest.groovy':[
51,
],
'project:src/test/groovy/PrefixTest.groovy':[
56,
],
'project:src/test/groovy/PrimitiveTypeFieldTest.groovy':[
7,
11,
35,
39,
],
'project:src/test/groovy/PrimitiveTypesTest.groovy':[
20,
24,
28,
32,
36,
40,
44,
48,
52,
56,
],
'project:src/test/groovy/PrintTest.groovy':[
82,
],
'project:src/test/groovy/PrivateVariableAccessFromAnotherInstanceTest.groovy':[
21,
],
'project:src/test/groovy/PropertyWithoutDotTest.groovy':[
4,
],
'project:src/test/groovy/ReadLineTest.groovy':[
28,
],
'project:src/test/groovy/RegularExpressionsTest.groovy':[
426,
],
'project:src/test/groovy/ReturnTest.groovy':[
20,
24,
35,
39,
43,
57,
],
'project:src/test/groovy/SerializeTest.groovy':[
63,
71,
],
'project:src/test/groovy/SortTest.groovy':[
70,
],
'project:src/test/groovy/StringTest.groovy':[
300,
316,
],
'project:src/test/groovy/SwitchTest.groovy':[
22,
203,
],
'project:src/test/groovy/SwitchWithDifferentTypesTest.groovy':[
46,
52,
59,
76,
93,
110,
127,
131,
],
'project:src/test/groovy/TryCatchTest.groovy':[
76,
80,
84,
89,
93,
114,
120,
126,
132,
138,
144,
150,
],
'project:src/test/groovy/TypesafeMethodTest.groovy':[
11,
],
'project:src/test/groovy/VArgsTest.groovy':[
5,
6,
7,
8,
18,
37,
54,
55,
56,
57,
67,
78,
95,
96,
102,
103,
110,
118,
122,
142,
143,
151,
152,
157,
158,
163,
164,
169,
170,
175,
176,
182,
183,
202,
206,
],
'project:src/test/groovy/VarargsMethodTest.groovy':[
34,
61,
],
'project:src/test/groovy/WhileLoopTest.groovy':[
28,
36,
],
'project:src/test/groovy/bugs/AmbiguousListOrMethodTest.groovy':[
30,
36,
],
'project:src/test/groovy/bugs/ClassGeneratorFixesTest.groovy':[
7,
63,
],
'project:src/test/groovy/bugs/MethodClosureTest.groovy':[
7,
],
'project:src/test/groovy/bugs/SingleEvalTest.groovy':[
19,
24,
29,
34,
39,
],
'project:src/test/groovy/bugs/VariablePrecedenceTest.groovy':[
22,
],
'project:src/test/groovy/grape/GrabErrorIsolationTest.groovy':[
33,
47,
],
'project:src/test/groovy/grape/GrabExcludeTest.groovy':[
22,
],
'project:src/test/groovy/lang/ClosureResolvingTest.groovy':[
63,
],
'project:src/test/groovy/lang/ExceptionTest.groovy':[
7,
30,
51,
],
'project:src/test/groovy/lang/ExpandoMetaClassTest.groovy':[
697,
],
'project:src/test/groovy/lang/GroovyClassLoaderTest.groovy':[
54,
59,
219,
],
'project:src/test/groovy/lang/GroovyCodeSourceTest.groovy':[
53,
],
'project:src/test/groovy/lang/MetaClassRegistryTest.groovy':[
75,
],
'project:src/test/groovy/lang/MethodMissingTest.groovy':[
121,
122,
],
'project:src/test/groovy/lang/MixinTest.groovy':[
155,
395,
],
'project:src/test/groovy/lang/WithMethodTest.groovy':[
76,
80,
],
'project:src/test/groovy/operator/BigDecimalOperatorsTest.groovy':[
96,
],
'project:src/test/groovy/operator/BitwiseOperatorsTest.groovy':[
275,
],
'project:src/test/groovy/operator/NegateListsTest.groovy':[
66,
73,
],
'project:src/test/groovy/operator/SpreadListOperatorTest.groovy':[
53,
],
'project:src/test/groovy/operator/SpreadMapOperatorTest.groovy':[
21,
25,
33,
],
'project:src/test/groovy/operator/TernaryOperatorsTest.groovy':[
22,
],
'project:src/test/groovy/transform/AnnotationCollectorTest.groovy':[
39,
44,
],
'project:src/test/groovy/transform/ReadWriteLockTest.groovy':[
160,
],
'project:src/test/groovy/util/BuilderSupportTest.groovy':[
130,
],
'project:src/test/groovy/util/CliBuilderTest.groovy':[
237,
250,
],
'project:src/test/groovy/util/FactoryBuilderSupportTest.groovy':[
232,
],
'project:src/test/groovy/util/GroovyScriptEngineReloadingTest.groovy':[
182,
190,
281,
],
'project:src/test/org/codehaus/groovy/ast/GenericsTestCase.groovy':[
32,
],
'project:src/test/org/codehaus/groovy/ast/source/SourceBaseTestCase.groovy':[
10,
20,
28,
],
'project:src/test/org/codehaus/groovy/classgen/ConstructorIssueTest.groovy':[
39,
],
'project:src/test/org/codehaus/groovy/classgen/asm/AbstractBytecodeTestCase.groovy':[
60,
94,
],
'project:src/test/org/codehaus/groovy/reflection/utils/ReflectionUtilsTest.groovy':[
35,
],
'project:src/test/org/codehaus/groovy/runtime/EachWithReaderAndInputStreamTest.groovy':[
38,
47,
],
'project:src/test/org/codehaus/groovy/runtime/FileAppendTest.groovy':[
247,
259,
],
'project:src/test/org/codehaus/groovy/runtime/MinusTest.groovy':[
5,
14,
22,
],
'project:src/test/org/codehaus/groovy/runtime/ResourceGroovyMethodsTest.groovy':[
216,
],
'project:src/test/org/codehaus/groovy/runtime/WriterAppendTest.groovy':[
232,
],
'project:src/test/org/codehaus/groovy/runtime/memoize/AbstractMemoizeTestCase.groovy':[
21,
96,
],
'project:src/test/org/codehaus/groovy/runtime/memoize/CacheCleanupCollectedSoftReferencesTest.groovy':[
30,
51,
],
'project:src/test/org/codehaus/groovy/runtime/memoize/MemoizeAtLeastTest.groovy':[
8,
],
'project:src/test/org/codehaus/groovy/runtime/memoize/MemoizeAtMostTest.groovy':[
8,
],
'project:src/test/org/codehaus/groovy/runtime/memoize/MemoizeBetweenTest.groovy':[
9,
],
'project:src/test/org/codehaus/groovy/runtime/memoize/MemoizeTest.groovy':[
8,
],
'project:src/test/org/codehaus/groovy/runtime/powerassert/ImplicitClosureCallRenderingTest.groovy':[
40,
],
'project:src/test/org/codehaus/groovy/tools/stubgenerator/AnnotationDefaultValuesStubTest.groovy':[
25,
67,
],
'project:src/test/org/codehaus/groovy/tools/stubgenerator/AnnotationMemberValuesResolutionV1StubsTest.groovy':[
26,
60,
],
'project:src/test/org/codehaus/groovy/tools/stubgenerator/AnnotationMemberValuesResolutionV2StubsTest.groovy':[
25,
59,
],
'project:src/test/org/codehaus/groovy/tools/stubgenerator/AnnotationMemberValuesResolutionV3StubsTest.groovy':[
25,
59,
],
'project:src/test/org/codehaus/groovy/tools/stubgenerator/AnnotationMemberValuesResolutionV4StubsTest.groovy':[
26,
61,
],
'project:src/test/org/codehaus/groovy/tools/stubgenerator/ArrayAnnotationsShouldAppearInStubsTest.groovy':[
27,
44,
],
'project:src/test/org/codehaus/groovy/tools/stubgenerator/BadGenericsExpansionOnInnerClassStubsTest.groovy':[
16,
35,
],
'project:src/test/org/codehaus/groovy/tools/stubgenerator/CircularLanguageReferenceTest.groovy':[
29,
],
'project:src/test/org/codehaus/groovy/tools/stubgenerator/DefaultValueReturnTypeShouldUseGenericsStubsTest.groovy':[
10,
24,
],
'project:src/test/org/codehaus/groovy/tools/stubgenerator/DuplicateMethodAdditionInStubsTest.groovy':[
26,
52,
],
'project:src/test/org/codehaus/groovy/tools/stubgenerator/EscapingOfStringAnnotationValuesTest.groovy':[
26,
52,
],
'project:src/test/org/codehaus/groovy/tools/stubgenerator/ExceptionThrowingSuperConstructorTest.groovy':[
25,
48,
],
'project:src/test/org/codehaus/groovy/tools/stubgenerator/GenericsTypesHavePackageNamesStubTest.groovy':[
25,
50,
],
'project:src/test/org/codehaus/groovy/tools/stubgenerator/GenericsWithExtendsStubTest.groovy':[
25,
54,
],
'project:src/test/org/codehaus/groovy/tools/stubgenerator/ImmutableWithJointCompilationStubTest.groovy':[
25,
37,
],
'project:src/test/org/codehaus/groovy/tools/stubgenerator/ImportAliasesShouldNotAppearInStubsTest.groovy':[
27,
41,
],
'project:src/test/org/codehaus/groovy/tools/stubgenerator/InnerAnnotationStubTest.groovy':[
25,
68,
],
'project:src/test/org/codehaus/groovy/tools/stubgenerator/InterfaceWithPrimitiveFieldsTest.groovy':[
25,
43,
],
'project:src/test/org/codehaus/groovy/tools/stubgenerator/MultilineStringStubTest.groovy':[
25,
43,
],
'project:src/test/org/codehaus/groovy/tools/stubgenerator/NestedGenericsTypesStubTest.groovy':[
25,
44,
],
'project:src/test/org/codehaus/groovy/tools/stubgenerator/NoStaticGetMetaClassSyntheticMethodInStubsTest.groovy':[
26,
33,
],
'project:src/test/org/codehaus/groovy/tools/stubgenerator/PropertyUsageFromJavaTest.groovy':[
25,
],
'project:src/test/org/codehaus/groovy/tools/stubgenerator/PropertyWithCustomSetterHavingReturnTypeStubTest.groovy':[
26,
42,
],
'project:src/test/org/codehaus/groovy/tools/stubgenerator/StringSourcesStubTestCase.groovy':[
42,
],
'project:src/test/org/codehaus/groovy/tools/stubgenerator/StubGenerationForAnAnnotationStubsTest.groovy':[
25,
43,
],
'project:src/test/org/codehaus/groovy/tools/stubgenerator/StubGenerationForConstructorWithOptionalArgsStubsTest.groovy':[
25,
43,
],
'project:src/test/org/codehaus/groovy/tools/stubgenerator/StubTestCase.groovy':[
245,
],
'project:src/test/org/codehaus/groovy/tools/stubgenerator/UnAmbigousSuperConstructorCallStubsTest.groovy':[
26,
46,
],
'project:src/test/org/codehaus/groovy/tools/stubgenerator/VarargsMethodParamsStubTest.groovy':[
25,
42,
],
'project:src/test/org/codehaus/groovy/tools/stubgenerator/WrongCastForGenericReturnValueOfMethodStubsTest.groovy':[
13,
36,
],
'project:src/test/org/codehaus/groovy/transform/tailrec/StatementReplacerTest.groovy':[
215,
219,
223,
],
'project:src/test/org/codehaus/groovy/transform/tailrec/VariableExpressionReplacerTest.groovy':[
181,
185,
189,
193,
],
'project:subprojects/groovy-json/src/test/groovy/groovy/json/JsonSlurperTest.groovy':[
129,
],
'project:subprojects/groovy-nio/src/test/groovy/NioGroovyMethodsTest.groovy':[
16,
30,
50,
70,
97,
116,
135,
149,
162,
176,
192,
208,
224,
292,
],
'project:subprojects/groovy-swing/src/test/groovy/groovy/swing/SwingBuilderTest.groovy':[
979,
],
'project:subprojects/groovy-swing/src/test/groovy/groovy/swing/TitledBorderFactoryJustificationTest.groovy':[
46,
],
'project:subprojects/groovy-templates/src/test/groovy/groovy/text/SimpleTemplateTest.groovy':[
58,
62,
],
'project:subprojects/groovy-test/src/test/groovy/groovy/lang/GroovyLogTestCaseTest.groovy':[
15,
],
'project:subprojects/groovy-test/src/test/groovy/groovy/util/AllTestSuiteTest.groovy':[
58,
],
'project:subprojects/groovy-xml/src/test/groovy/groovy/xml/NamespaceNodeTest.groovy':[
45,
],
'project:subprojects/groovy-xml/src/test/groovy/org/codehaus/groovy/benchmarks/BuilderPerfTest.groovy':[
4,
],
}
