{
'project:src/test/gls/syntax/Gep3Test.groovy':[
54,
],
'project:src/test/groovy/PrintTest.groovy':[
17,
],
'project:src/test/groovy/ProcessTest.groovy':[
63,
],
'project:src/test/groovy/SocketTest.groovy':[
62,
],
'project:src/test/groovy/TextPropertyTest.groovy':[
39,
],
'project:src/test/groovy/grape/GrabResolverTest.groovy':[
38,
],
'project:src/test/groovy/lang/ClosureResolvingTest.groovy':[
30,
],
'project:src/test/groovy/lang/ExpandoMetaClassCreationHandleTest.groovy':[
32,
],
'project:src/test/groovy/lang/MethodMissingTest.groovy':[
26,
],
'project:src/test/groovy/lang/MixinTest.groovy':[
27,
],
'project:src/test/groovy/lang/ScriptCacheTest.groovy':[
28,
],
'project:src/test/groovy/transform/ThreadInterruptTest.groovy':[
12,
],
'project:src/test/org/codehaus/groovy/classgen/GenericsGenTest.groovy':[
83,
],
'project:src/test/org/codehaus/groovy/classgen/InterfaceTest.groovy':[
76,
],
'project:src/test/org/codehaus/groovy/runtime/FileAppendTest.groovy':[
67,
],
'project:src/test/org/codehaus/groovy/runtime/WriterAppendTest.groovy':[
68,
],
'project:subprojects/groovy-jmx/src/test/groovy/groovy/jmx/builder/JmxServerConnectorFactoryTest.groovy':[
31,
],
}
