{
'project:src/examples/groovyShell/ArithmeticShell.groovy':[
6,
],
'project:src/examples/searchEngine/Indexer.groovy':[
10,
],
'project:src/examples/swing/ModelNodeExample.groovy':[
2,
3,
],
'project:src/spec/test/CustomizersTest.groovy':[
13,
15,
],
'project:src/spec/test/testingguide/JUnit4ExampleTests.groovy':[
20,
],
'project:src/test/gls/annotations/XmlEnum.groovy':[
21,
],
'project:src/test/gls/annotations/XmlEnumValue.groovy':[
21,
],
'project:src/test/groovy/ClosureTest.groovy':[
20,
],
'project:src/test/groovy/DateTest.groovy':[
20,
],
'project:src/test/groovy/StaticImportTest.groovy':[
19,
20,
21,
22,
23,
24,
25,
26,
27,
28,
29,
30,
31,
32,
33,
34,
35,
36,
37,
41,
],
'project:src/test/groovy/annotations/MyIntegerAnno.groovy':[
20,
],
'project:src/test/groovy/transform/stc/MethodCallsSTCTest.groovy':[
19,
],
'project:src/test/groovy/util/logging/Log4j2Test.groovy':[
5,
],
'project:src/test/org/codehaus/groovy/antlr/AntlrParserPluginTest.groovy':[
21,
],
'project:src/test/org/codehaus/groovy/ast/builder/AstBuilderFromSpecificationTest.groovy':[
23,
24,
],
'project:src/test/org/codehaus/groovy/ast/tools/WideningCategoriesTest.groovy':[
20,
21,
],
'project:src/test/org/codehaus/groovy/classgen/asm/sc/StaticCompileNullCompareOptimizationTest.groovy':[
4,
],
'project:src/test/org/codehaus/groovy/transform/CanonicalComponentsTransformTest.groovy':[
24,
],
'project:src/test/org/codehaus/groovy/transform/MemoizedASTTransformationTest.groovy':[
21,
],
'project:src/test/org/codehaus/groovy/transform/tailrec/InWhileLoopWrapperTest.groovy':[
23,
],
'project:src/test/org/codehaus/groovy/transform/tailrec/ParameterMappingTest.groovy':[
22,
],
'project:src/test/org/codehaus/groovy/transform/tailrec/RecursivenessTesterTest.groovy':[
29,
30,
],
'project:subprojects/groovy-console/src/main/groovy/groovy/inspect/swingui/AstBrowser.groovy':[
39,
],
'project:subprojects/groovy-console/src/main/groovy/groovy/ui/view/BasicContentPane.groovy':[
22,
],
'project:subprojects/groovy-groovysh/src/main/groovy/org/codehaus/groovy/tools/shell/Shell.groovy':[
23,
],
'project:subprojects/groovy-groovysh/src/main/groovy/org/codehaus/groovy/tools/shell/completion/FileNameCompleter.groovy':[
17,
],
'project:subprojects/groovy-groovysh/src/main/groovy/org/codehaus/groovy/tools/shell/completion/GroovySyntaxCompletor.groovy':[
29,
],
'project:subprojects/groovy-groovysh/src/main/groovy/org/codehaus/groovy/tools/shell/completion/ReflectionCompletor.groovy':[
28,
],
'project:subprojects/groovy-groovysh/src/main/groovy/org/codehaus/groovy/tools/shell/completion/StricterArgumentCompleter.groovy':[
9,
],
'project:subprojects/groovy-groovysh/src/test/groovy/org/codehaus/groovy/tools/shell/completion/CustomClassCompletorTest.groovy':[
6,
],
'project:subprojects/groovy-groovysh/src/test/groovy/org/codehaus/groovy/tools/shell/completion/ImportsSyntaxCompletorTest.groovy':[
22,
],
'project:subprojects/groovy-groovysh/src/test/groovy/org/codehaus/groovy/tools/shell/completion/ReflectionCompletorTest.groovy':[
22,
23,
],
'project:subprojects/groovy-groovysh/src/test/groovy/org/codehaus/groovy/tools/shell/completion/VariableCompletorTest.groovy':[
5,
],
'project:subprojects/groovy-json/src/main/groovy/groovy/json/JsonOutput.groovy':[
20,
],
'project:subprojects/groovy-json/src/test/groovy/groovy/json/CharBufTest.groovy':[
5,
],
'project:subprojects/groovy-json/src/test/groovy/groovy/json/JsonOutputTest.groovy':[
20,
],
'project:subprojects/groovy-sql/src/test/groovy/groovy/sql/PersonTest.groovy':[
20,
],
'project:subprojects/groovy-sql/src/test/groovy/groovy/sql/SqlBatchTest.groovy':[
20,
],
'project:subprojects/groovy-sql/src/test/groovy/groovy/sql/SqlCacheTest.groovy':[
23,
],
'project:subprojects/groovy-sql/src/test/groovy/groovy/sql/SqlCallTest.groovy':[
20,
],
'project:subprojects/groovy-sql/src/test/groovy/groovy/sql/SqlCompleteWithoutDataSourceTest.groovy':[
20,
],
'project:subprojects/groovy-sql/src/test/groovy/groovy/sql/SqlStatementTest.groovy':[
20,
],
'project:subprojects/groovy-sql/src/test/groovy/groovy/sql/SqlTest.groovy':[
21,
],
'project:subprojects/groovy-sql/src/test/groovy/groovy/sql/SqlTransactionConnectionTest.groovy':[
20,
],
'project:subprojects/groovy-sql/src/test/groovy/groovy/sql/SqlTransactionDataSourceTest.groovy':[
20,
],
'project:subprojects/groovy-swing/src/main/groovy/groovy/swing/factory/ComponentFactory.groovy':[
22,
],
'project:subprojects/groovy-swing/src/main/groovy/groovy/swing/factory/RootPaneContainerFactory.groovy':[
23,
],
'project:subprojects/groovy-swing/src/main/groovy/groovy/swing/factory/WidgetFactory.groovy':[
22,
],
'project:subprojects/groovy-test/src/test/groovy/groovy/test/GroovyAssertTest.groovy':[
19,
],
'project:subprojects/groovy-xml/src/test/groovy/groovy/xml/XmlUtilTest.groovy':[
23,
24,
25,
26,
27,
],
'project:subprojects/groovy-xml/src/test/groovy/groovy/xml/dom/DOMCategoryTest.groovy':[
24,
],
'project:subprojects/groovy-xml/src/test/groovy/groovy/xml/dom/NamespaceDOMTest.groovy':[
19,
],
}
