{
'project:src/spec/test/SyntaxTest.groovy':[
95,
],
'project:src/test/groovy/LiteralTypesTest.groovy':[
93,
97,
101,
105,
127,
131,
135,
],
'project:src/test/groovy/NumberMathTest.groovy':[
19,
89,
90,
91,
94,
116,
119,
124,
125,
127,
128,
],
'project:src/test/groovy/PrintTest.groovy':[
169,
],
'project:src/test/org/codehaus/groovy/runtime/MinusTest.groovy':[
57,
79,
],
}
