{
'project:src/examples/console/knowYourTables.groovy':[
13,
],
'project:src/examples/swing/BloglinesClient.groovy':[
77,
125,
],
'project:src/examples/swing/greet/Greet.groovy':[
48,
74,
],
'project:src/examples/swing/greet/TwitterAPI.groovy':[
60,
],
'project:src/main/groovy/grape/GrapeIvy.groovy':[
261,
],
'project:src/main/org/codehaus/groovy/tools/GrapeMain.groovy':[
49,
207,
],
'project:src/test/groovy/GroovyMethodsTest.groovy':[
84,
],
'project:src/test/groovy/OverridePropertyGetterTest.groovy':[
19,
],
'project:src/test/groovy/StackTraceTest.groovy':[
33,
],
'project:src/test/groovy/ThrowTest.groovy':[
24,
],
'project:src/test/groovy/bugs/Groovy5212Bug.groovy':[
82,
],
'project:src/test/groovy/bugs/Groovy5260Bug.groovy':[
97,
],
'project:src/test/groovy/lang/ExpandoMetaClassTest.groovy':[
404,
417,
430,
],
'project:src/test/groovy/operator/SpreadMapOperatorTest.groovy':[
59,
],
'project:src/test/groovy/script/ScriptTest.groovy':[
43,
],
'project:src/test/groovy/transform/ReadWriteLockTest.groovy':[
165,
],
'project:src/test/groovy/util/GroovyScriptEngineReloadingTest.groovy':[
290,
],
'project:src/test/org/codehaus/groovy/classgen/GenericsGenTest.groovy':[
27,
],
'project:src/test/org/codehaus/groovy/classgen/InterfaceTest.groovy':[
27,
],
'project:subprojects/groovy-console/src/main/groovy/groovy/ui/Console.groovy':[
263,
],
'project:subprojects/groovy-console/src/main/groovy/groovy/ui/view/MacOSXMenuBar.groovy':[
47,
],
'project:subprojects/groovy-groovysh/src/main/groovy/org/codehaus/groovy/tools/shell/commands/DocCommand.groovy':[
61,
127,
137,
],
'project:subprojects/groovy-jmx/src/main/groovy/groovy/jmx/builder/JmxBuilderTools.groovy':[
193,
],
'project:subprojects/groovy-jmx/src/main/groovy/groovy/jmx/builder/JmxMetaMapBuilder.groovy':[
640,
],
'project:subprojects/groovy-sql/src/test/groovy/groovy/sql/SqlBatchTest.groovy':[
60,
],
'project:subprojects/groovy-sql/src/test/groovy/groovy/sql/SqlCacheTest.groovy':[
242,
264,
],
'project:subprojects/groovy-sql/src/test/groovy/groovy/sql/SqlCallTest.groovy':[
43,
],
'project:subprojects/groovy-sql/src/test/groovy/groovy/sql/SqlTransactionTestCase.groovy':[
38,
],
'project:subprojects/groovy-swing/src/main/groovy/groovy/swing/factory/BindFactory.groovy':[
238,
243,
338,
343,
],
'project:subprojects/groovy-swing/src/test/groovy/groovy/swing/SwingBuilderBindingsTest.groovy':[
767,
],
}
