{
'project:src/test/groovy/operator/PowerOperatorsTest.groovy':[
16,
17,
],
}
