{
'project:src/test/groovy/ReadLineTest.groovy':[
36,
41,
50,
],
'project:src/test/groovy/util/ConfigSlurperTest.groovy':[
471,
],
'project:src/test/groovy/util/DelegatingScriptTest.groovy':[
21,
],
'project:src/test/groovy/util/GroovyScriptEngineReloadingTest.groovy':[
201,
],
'project:src/test/groovy/util/MiscScriptTest.groovy':[
25,
],
'project:src/test/org/codehaus/groovy/runtime/memoize/NullValueTest.groovy':[
7,
11,
],
'project:src/test/org/codehaus/groovy/transform/tailrec/InWhileLoopWrapperTest.groovy':[
33,
],
'project:src/test/org/codehaus/groovy/transform/tailrec/ParameterMappingTest.groovy':[
32,
50,
68,
],
'project:src/test/org/codehaus/groovy/transform/tailrec/RecursivenessTesterTest.groovy':[
46,
74,
108,
143,
175,
207,
239,
270,
],
'project:src/test/org/codehaus/groovy/transform/tailrec/ReturnAdderForClosuresTest.groovy':[
38,
],
'project:src/test/org/codehaus/groovy/util/ListHashMapTest.groovy':[
23,
],
}
