{
'project:src/test/org/codehaus/groovy/runtime/powerassert/EvaluationTest.groovy':[
227,
],
}
