{
'project:src/test/groovy/bugs/ByteIndexBug.groovy':[
12,
],
}
