{
'project:src/examples/groovy/model/MvcDemo.groovy':[
42,
],
'project:src/examples/groovy/swing/SwingDemo.groovy':[
56,
67,
69,
],
'project:src/examples/groovy/swing/TableDemo.groovy':[
36,
50,
],
'project:src/examples/groovy/swing/TableLayoutDemo.groovy':[
54,
],
'project:src/examples/groovyShell/ArithmeticShell.groovy':[
46,
],
'project:src/examples/swing/BindingExample.groovy':[
51,
],
'project:src/examples/swing/RegexCoach.groovy':[
13,
],
'project:src/examples/swing/greet/Greet.groovy':[
40,
],
'project:src/examples/swing/greet/TwitterAPI.groovy':[
54,
],
'project:src/examples/webapps/groovlet-examples/index.groovy':[
63,
74,
],
'project:src/main/groovy/beans/ListenerList.groovy':[
29,
30,
31,
],
'project:src/main/groovy/beans/ListenerListASTTransformation.groovy':[
57,
118,
128,
163,
166,
181,
190,
225,
228,
242,
249,
270,
281,
297,
304,
327,
356,
],
'project:src/main/groovy/grape/GrapeIvy.groovy':[
96,
224,
317,
423,
435,
436,
437,
439,
543,
],
'project:src/main/groovy/transform/AutoExternalize.groovy':[
58,
],
'project:src/main/groovy/transform/ConditionalInterrupt.groovy':[
52,
63,
67,
],
'project:src/main/groovy/transform/TailRecursive.groovy':[
41,
50,
51,
52,
],
'project:src/main/groovy/transform/TimedInterrupt.groovy':[
71,
],
'project:src/main/groovy/util/CliBuilder.groovy':[
112,
185,
192,
275,
],
'project:src/main/org/codehaus/groovy/ast/builder/AstBuilder.groovy':[
55,
56,
65,
74,
77,
78,
88,
98,
108,
118,
],
'project:src/main/org/codehaus/groovy/ast/builder/AstSpecificationCompiler.groovy':[
141,
149,
165,
189,
259,
268,
292,
1005,
1085,
1120,
],
'project:src/main/org/codehaus/groovy/classgen/genArrayAccess.groovy':[
65,
120,
126,
129,
],
'project:src/main/org/codehaus/groovy/classgen/genDgmMath.groovy':[
31,
],
'project:src/main/org/codehaus/groovy/classgen/genMathModification.groovy':[
66,
],
'project:src/main/org/codehaus/groovy/control/customizers/ASTTransformationCustomizer.groovy':[
100,
102,
114,
128,
130,
136,
146,
148,
177,
179,
185,
198,
205,
207,
210,
211,
218,
223,
229,
230,
243,
262,
],
'project:src/main/org/codehaus/groovy/control/customizers/builder/ASTTransformationCustomizerFactory.groovy':[
44,
49,
],
'project:src/main/org/codehaus/groovy/tools/GrapeMain.groovy':[
48,
217,
],
'project:src/main/org/codehaus/groovy/transform/ASTTestTransformation.groovy':[
35,
39,
42,
44,
106,
],
'project:src/main/org/codehaus/groovy/transform/ConditionalInterruptibleASTTransformation.groovy':[
51,
54,
63,
],
'project:src/main/org/codehaus/groovy/transform/TimedInterruptibleASTTransformation.groovy':[
65,
67,
69,
76,
81,
85,
90,
95,
102,
113,
142,
162,
203,
],
'project:src/main/org/codehaus/groovy/transform/tailrec/AstHelper.groovy':[
47,
59,
76,
81,
],
'project:src/main/org/codehaus/groovy/transform/tailrec/ReturnAdderForClosures.groovy':[
35,
36,
],
'project:src/main/org/codehaus/groovy/transform/tailrec/ReturnStatementToIterationConverter.groovy':[
62,
84,
91,
112,
113,
124,
],
'project:src/main/org/codehaus/groovy/transform/tailrec/TailRecursiveASTTransformation.groovy':[
68,
130,
217,
219,
235,
],
'project:src/main/org/codehaus/groovy/transform/tailrec/TernaryToIfStatementConverter.groovy':[
37,
],
'project:src/main/org/codehaus/groovy/transform/tailrec/VariableExpressionReplacer.groovy':[
117,
131,
],
'project:src/spec/test/CloningASTTransformsTest.groovy':[
51,
75,
98,
],
'project:src/spec/test/CustomizersTest.groovy':[
105,
],
'project:src/spec/test/DelegatesToSpecTest.groovy':[
378,
],
'project:src/spec/test/DesignPatternsTest.groovy':[
82,
622,
1196,
1534,
],
'project:src/spec/test/SaferScriptingASTTransformsTest.groovy':[
256,
316,
],
'project:src/spec/test/TemplateEnginesTest.groovy':[
7,
9,
],
'project:src/tck/src/org/codehaus/groovy/tck/TestGenerator.groovy':[
19,
50,
61,
65,
69,
],
'project:src/test-resources/groovy/transform/stc/AnnotatedByTestExtension.groovy':[
9,
],
'project:src/test-resources/groovy/transform/stc/BinaryOperatorTestExtension.groovy':[
27,
29,
],
'project:src/test-resources/groovy/transform/stc/FirstArgumentsTestingTestExtension.groovy':[
3,
],
'project:src/test-resources/groovy/transform/stc/SprintfExtension.groovy':[
10,
24,
],
'project:src/test/gls/annotations/AnnotationTest.groovy':[
425,
427,
465,
466,
475,
632,
633,
],
'project:src/test/gls/generics/GenericsTest.groovy':[
35,
42,
56,
70,
156,
209,
],
'project:src/test/gls/innerClass/InnerClassTest.groovy':[
449,
],
'project:src/test/gls/invocation/MethodSelectionTest.groovy':[
207,
375,
376,
396,
],
'project:src/test/groovy/Base64Test.groovy':[
4,
45,
],
'project:src/test/groovy/ClosureTest.groovy':[
477,
478,
519,
],
'project:src/test/groovy/FileTest.groovy':[
159,
160,
166,
167,
226,
239,
256,
258,
259,
267,
292,
293,
308,
309,
317,
324,
331,
336,
],
'project:src/test/groovy/GroovyMethodsTest.groovy':[
587,
942,
],
'project:src/test/groovy/PrintTest.groovy':[
32,
45,
],
'project:src/test/groovy/RegularExpressionsTest.groovy':[
387,
388,
501,
],
'project:src/test/groovy/SortTest.groovy':[
53,
55,
],
'project:src/test/groovy/SqlDateTest.groovy':[
13,
26,
41,
55,
],
'project:src/test/groovy/StaticImportTest.groovy':[
145,
146,
186,
187,
204,
212,
213,
],
'project:src/test/groovy/VArgsTest.groovy':[
129,
135,
],
'project:src/test/groovy/annotations/ParameterAnnotationTest.groovy':[
61,
],
'project:src/test/groovy/beans/ListenerListASTTest.groovy':[
110,
163,
],
'project:src/test/groovy/bugs/BadLineNumberOnExceptionBugTest.groovy':[
32,
52,
],
'project:src/test/groovy/bugs/Groovy2816Bug.groovy':[
6,
12,
28,
29,
30,
],
'project:src/test/groovy/bugs/Groovy3776Bug.groovy':[
25,
],
'project:src/test/groovy/bugs/Groovy3839Bug.groovy':[
36,
38,
51,
53,
],
'project:src/test/groovy/bugs/Groovy3852Bug.groovy':[
73,
87,
],
'project:src/test/groovy/bugs/Groovy4006Bug.groovy':[
38,
70,
102,
134,
],
'project:src/test/groovy/bugs/Groovy4116Bug.groovy':[
38,
60,
],
'project:src/test/groovy/bugs/Groovy4120Bug.groovy':[
34,
37,
],
'project:src/test/groovy/bugs/Groovy4188Bug.groovy':[
33,
],
'project:src/test/groovy/bugs/Groovy4252Bug.groovy':[
26,
29,
38,
41,
50,
53,
71,
74,
],
'project:src/test/groovy/bugs/Groovy4273Bug.groovy':[
31,
56,
],
'project:src/test/groovy/bugs/Groovy4293Bug.groovy':[
24,
],
'project:src/test/groovy/bugs/Groovy4720Bug.groovy':[
27,
],
'project:src/test/groovy/bugs/Groovy5150Bug.groovy':[
166,
],
'project:src/test/groovy/bugs/Groovy5193Bug.groovy':[
14,
16,
28,
30,
],
'project:src/test/groovy/bugs/Groovy5915Bug.groovy':[
29,
],
'project:src/test/groovy/bugs/POJOCallSiteBug.groovy':[
22,
26,
],
'project:src/test/groovy/execute/ExecuteTest.groovy':[
91,
94,
108,
],
'project:src/test/groovy/gpath/GPathTest.groovy':[
28,
],
'project:src/test/groovy/grape/GrapeIvyTest.groovy':[
46,
56,
73,
74,
104,
105,
114,
115,
125,
126,
142,
143,
159,
160,
177,
178,
235,
253,
286,
290,
294,
361,
369,
],
'project:src/test/groovy/lang/GroovyClassLoaderTest.groovy':[
91,
],
'project:src/test/groovy/lang/MethodMissingTest.groovy':[
106,
114,
],
'project:src/test/groovy/lang/MixinAnnotationTest.groovy':[
84,
],
'project:src/test/groovy/lang/MixinTest.groovy':[
110,
129,
150,
],
'project:src/test/groovy/lang/RespondsToTest.groovy':[
67,
],
'project:src/test/groovy/mock/interceptor/MockSingleCallTest.groovy':[
89,
],
'project:src/test/groovy/operator/SpreadMapOperatorTest.groovy':[
91,
94,
95,
],
'project:src/test/groovy/transform/AnnotationCollectorTest.groovy':[
27,
203,
220,
247,
],
'project:src/test/groovy/transform/ThreadInterruptTest.groovy':[
335,
],
'project:src/test/groovy/transform/TimedInterruptTest.groovy':[
252,
],
'project:src/test/groovy/transform/stc/ArraysAndCollectionsSTCTest.groovy':[
314,
404,
520,
],
'project:src/test/groovy/transform/stc/CategoriesSTCTest.groovy':[
31,
],
'project:src/test/groovy/transform/stc/ClosureParamTypeInferenceSTCTest.groovy':[
157,
158,
165,
166,
291,
304,
317,
338,
349,
357,
368,
729,
864,
895,
961,
],
'project:src/test/groovy/transform/stc/ClosuresSTCTest.groovy':[
44,
127,
306,
],
'project:src/test/groovy/transform/stc/CoercionSTCTest.groovy':[
34,
35,
36,
],
'project:src/test/groovy/transform/stc/DelegatesToSTCTest.groovy':[
534,
552,
570,
575,
591,
],
'project:src/test/groovy/transform/stc/FieldsAndPropertiesSTCTest.groovy':[
231,
566,
],
'project:src/test/groovy/transform/stc/GenericsSTCTest.groovy':[
42,
204,
487,
508,
728,
766,
975,
983,
1061,
1376,
],
'project:src/test/groovy/transform/stc/IOGMClosureParamTypeInferenceSTCTest.groovy':[
20,
],
'project:src/test/groovy/transform/stc/LoopsSTCTest.groovy':[
52,
64,
],
'project:src/test/groovy/transform/stc/MethodCallsSTCTest.groovy':[
191,
731,
732,
743,
744,
756,
766,
],
'project:src/test/groovy/transform/stc/ResourceGMClosureParamTypeInferenceSTCTest.groovy':[
20,
],
'project:src/test/groovy/transform/stc/STCAssignmentTest.groovy':[
298,
316,
],
'project:src/test/groovy/transform/stc/SocketGMClosureParamTypeInferenceSTCTest.groovy':[
20,
],
'project:src/test/groovy/transform/stc/StaticTypeCheckingTestCase.groovy':[
82,
],
'project:src/test/groovy/transform/stc/StringGMClosureParamTypeInferenceSTCTest.groovy':[
21,
],
'project:src/test/groovy/transform/stc/TypeCheckingExtensionsTest.groovy':[
133,
],
'project:src/test/groovy/transform/stc/TypeInferenceSTCTest.groovy':[
421,
432,
441,
451,
],
'project:src/test/groovy/ui/GroovyMainTest.groovy':[
48,
],
'project:src/test/groovy/util/CliBuilderTest.groovy':[
74,
77,
79,
97,
104,
277,
281,
297,
299,
301,
316,
320,
335,
337,
339,
],
'project:src/test/groovy/util/ConfigSlurperTest.groovy':[
134,
],
'project:src/test/groovy/util/JavadocAssertionTestBuilderTest.groovy':[
32,
39,
49,
],
'project:src/test/groovy/util/ObjectGraphBuilderTest.groovy':[
232,
345,
355,
],
'project:src/test/groovy/util/ProxyGeneratorAdapterTest.groovy':[
8,
48,
57,
67,
80,
],
'project:src/test/groovy/util/ProxyGeneratorTest.groovy':[
78,
],
'project:src/test/groovy/util/logging/Log4j2Test.groovy':[
34,
46,
255,
256,
259,
],
'project:src/test/org/codehaus/groovy/ast/CodeVisitorSupportTest.groovy':[
95,
],
'project:src/test/org/codehaus/groovy/ast/GenericsTypeTest.groovy':[
51,
59,
92,
93,
105,
126,
],
'project:src/test/org/codehaus/groovy/ast/MethodNodeTest.groovy':[
37,
41,
46,
51,
56,
],
'project:src/test/org/codehaus/groovy/ast/builder/AstAssert.groovy':[
116,
],
'project:src/test/org/codehaus/groovy/ast/builder/AstBuilderFromCodeTest.groovy':[
224,
],
'project:src/test/org/codehaus/groovy/ast/builder/AstBuilderFromSpecificationTest.groovy':[
1405,
1561,
1740,
1778,
1794,
],
'project:src/test/org/codehaus/groovy/ast/source/SourceBaseTestCase.groovy':[
14,
],
'project:src/test/org/codehaus/groovy/ast/tools/WideningCategoriesTest.groovy':[
91,
243,
244,
262,
],
'project:src/test/org/codehaus/groovy/classgen/BytecodeHelperTest.groovy':[
48,
51,
54,
56,
58,
60,
62,
64,
66,
68,
],
'project:src/test/org/codehaus/groovy/classgen/asm/AbstractBytecodeTestCase.groovy':[
34,
],
'project:src/test/org/codehaus/groovy/classgen/asm/MethodPatternsTest.groovy':[
245,
],
'project:src/test/org/codehaus/groovy/classgen/asm/sc/BugsStaticCompileTest.groovy':[
424,
],
'project:src/test/org/codehaus/groovy/classgen/asm/sc/MixedModeStaticCompilationTest.groovy':[
287,
],
'project:src/test/org/codehaus/groovy/classgen/asm/sc/ResourceGMClosureParamTypeInferrenceStaticCompileTest.groovy':[
22,
],
'project:src/test/org/codehaus/groovy/classgen/asm/sc/SocketGMClosureParamTypeInferrenceStaticCompileTest.groovy':[
22,
],
'project:src/test/org/codehaus/groovy/classgen/asm/sc/StaticCompilationTest.groovy':[
334,
],
'project:src/test/org/codehaus/groovy/classgen/asm/sc/StaticCompilationTestSupport.groovy':[
61,
68,
77,
90,
],
'project:src/test/org/codehaus/groovy/classgen/asm/sc/StaticCompileArrayLengthAndGet.groovy':[
28,
43,
],
'project:src/test/org/codehaus/groovy/classgen/asm/sc/StaticCompileComparisonTest.groovy':[
79,
],
'project:src/test/org/codehaus/groovy/classgen/asm/sc/StaticCompileConstructorsTest.groovy':[
65,
],
'project:src/test/org/codehaus/groovy/classgen/asm/sc/StaticCompileDGMMethodTest.groovy':[
15,
30,
],
'project:src/test/org/codehaus/groovy/classgen/asm/sc/StaticCompileNullCompareOptimizationTest.groovy':[
111,
137,
166,
232,
],
'project:src/test/org/codehaus/groovy/control/customizers/ASTTransformationCustomizerTest.groovy':[
118,
186,
],
'project:src/test/org/codehaus/groovy/control/customizers/ImportCustomizerTest.groovy':[
91,
],
'project:src/test/org/codehaus/groovy/runtime/DateGDKTest.groovy':[
40,
],
'project:src/test/org/codehaus/groovy/runtime/memoize/CacheCleanupTest.groovy':[
42,
],
'project:src/test/org/codehaus/groovy/runtime/powerassert/PowerAssertASTTransformationTest.groovy':[
55,
56,
105,
106,
],
'project:src/test/org/codehaus/groovy/runtime/trampoline/TrampolineTest.groovy':[
18,
],
'project:src/test/org/codehaus/groovy/tools/rootloadersync/SubclassingInGroovyTest.groovy':[
13,
],
'project:src/test/org/codehaus/groovy/tools/stubgenerator/BadGenericsExpansionOnInnerClassStubsTest.groovy':[
24,
26,
38,
39,
40,
41,
],
'project:src/test/org/codehaus/groovy/tools/stubgenerator/CircularLanguageReferenceTest.groovy':[
34,
36,
],
'project:src/test/org/codehaus/groovy/tools/stubgenerator/GenericsWithExtendsStubTest.groovy':[
36,
59,
],
'project:src/test/org/codehaus/groovy/tools/stubgenerator/QDoxCategory.groovy':[
30,
],
'project:src/test/org/codehaus/groovy/tools/stubgenerator/WrongCastForGenericReturnValueOfMethodStubsTest.groovy':[
40,
41,
],
'project:src/test/org/codehaus/groovy/transform/CanonicalComponentsTransformTest.groovy':[
221,
341,
414,
422,
426,
],
'project:src/test/org/codehaus/groovy/transform/DelegateTransformTest.groovy':[
151,
],
'project:src/test/org/codehaus/groovy/transform/GlobalTransformTest.groovy':[
25,
33,
35,
],
'project:src/test/org/codehaus/groovy/transform/ImmutableTransformTest.groovy':[
372,
374,
517,
532,
547,
610,
],
'project:src/test/org/codehaus/groovy/transform/LocalASTTransformTest.groovy':[
57,
68,
82,
104,
130,
],
'project:src/test/org/codehaus/groovy/transform/SingletonTransformTest.groovy':[
95,
107,
122,
],
'project:src/test/org/codehaus/groovy/transform/classloading/TransformsAndCustomClassLoadersTest.groovy':[
56,
61,
66,
],
'project:src/test/org/codehaus/groovy/transform/tailrec/RecursivenessTesterTest.groovy':[
430,
505,
528,
],
'project:src/test/org/codehaus/groovy/transform/tailrec/ReturnStatementToIterationConverterTest.groovy':[
108,
165,
],
'project:src/test/org/codehaus/groovy/transform/tailrec/TailrecursiveExamples.groovy':[
56,
],
'project:src/test/org/codehaus/groovy/transform/tailrec/VariableExpressionReplacerTest.groovy':[
36,
62,
86,
94,
134,
142,
150,
],
'project:subprojects/groovy-ant/src/test-resources/org/codehaus/groovy/ant/groovytest3/GroovyTest3Class.groovy':[
22,
],
'project:subprojects/groovy-ant/src/test/groovy/groovy/util/AntTest.groovy':[
269,
],
'project:subprojects/groovy-console/src/main/groovy/groovy/inspect/swingui/AstBrowser.groovy':[
55,
108,
130,
131,
146,
156,
162,
184,
185,
187,
210,
211,
232,
249,
252,
305,
353,
382,
440,
511,
515,
],
'project:subprojects/groovy-console/src/main/groovy/groovy/inspect/swingui/AstNodeToScriptAdapter.groovy':[
82,
632,
],
'project:subprojects/groovy-console/src/main/groovy/groovy/inspect/swingui/ScriptToTreeNodeAdapter.groovy':[
61,
105,
111,
210,
],
'project:subprojects/groovy-console/src/main/groovy/groovy/ui/Console.groovy':[
183,
184,
316,
317,
576,
742,
940,
1007,
1337,
],
'project:subprojects/groovy-console/src/main/groovy/groovy/ui/OutputTransforms.groovy':[
65,
],
'project:subprojects/groovy-console/src/main/groovy/groovy/ui/view/BasicContentPane.groovy':[
60,
119,
],
'project:subprojects/groovy-console/src/main/resources/groovy/inspect/swingui/AstBrowserProperties.groovy':[
35,
38,
],
'project:subprojects/groovy-console/src/test/groovy/groovy/inspect/swingui/AstNodeToScriptAdapterTest.groovy':[
89,
93,
94,
95,
96,
106,
111,
113,
255,
256,
257,
318,
449,
512,
553,
573,
574,
575,
578,
627,
712,
832,
844,
848,
],
'project:subprojects/groovy-console/src/test/groovy/groovy/inspect/swingui/ScriptToTreeNodeAdapterTest.groovy':[
55,
64,
70,
72,
226,
227,
498,
],
'project:subprojects/groovy-docgenerator/src/main/groovy/org/codehaus/groovy/tools/DocGenerator.groovy':[
65,
73,
137,
224,
304,
],
'project:subprojects/groovy-groovydoc/src/main/groovy/org/codehaus/groovy/tools/groovydoc/Main.groovy':[
57,
136,
214,
],
'project:subprojects/groovy-groovysh/src/main/groovy/org/codehaus/groovy/tools/shell/Groovysh.groovy':[
210,
512,
],
'project:subprojects/groovy-groovysh/src/main/groovy/org/codehaus/groovy/tools/shell/Interpreter.groovy':[
76,
],
'project:subprojects/groovy-groovysh/src/main/groovy/org/codehaus/groovy/tools/shell/Main.groovy':[
48,
],
'project:subprojects/groovy-groovysh/src/main/groovy/org/codehaus/groovy/tools/shell/Parser.groovy':[
132,
192,
],
'project:subprojects/groovy-groovysh/src/main/groovy/org/codehaus/groovy/tools/shell/commands/HelpCommand.groovy':[
99,
],
'project:subprojects/groovy-groovysh/src/main/groovy/org/codehaus/groovy/tools/shell/commands/HistoryCommand.groovy':[
103,
],
'project:subprojects/groovy-groovysh/src/main/groovy/org/codehaus/groovy/tools/shell/commands/ImportCommand.groovy':[
130,
132,
203,
],
'project:subprojects/groovy-groovysh/src/main/groovy/org/codehaus/groovy/tools/shell/completion/FileNameCompleter.groovy':[
119,
],
'project:subprojects/groovy-groovysh/src/main/groovy/org/codehaus/groovy/tools/shell/completion/GroovySyntaxCompletor.groovy':[
82,
261,
],
'project:subprojects/groovy-groovysh/src/main/groovy/org/codehaus/groovy/tools/shell/completion/ReflectionCompletor.groovy':[
67,
133,
454,
460,
],
'project:subprojects/groovy-groovysh/src/main/groovy/org/codehaus/groovy/tools/shell/completion/StricterArgumentCompleter.groovy':[
39,
],
'project:subprojects/groovy-groovysh/src/main/groovy/org/codehaus/groovy/tools/shell/util/HelpFormatter.groovy':[
48,
],
'project:subprojects/groovy-groovysh/src/main/groovy/org/codehaus/groovy/tools/shell/util/PackageHelper.groovy':[
166,
],
'project:subprojects/groovy-groovysh/src/test/groovy/org/codehaus/groovy/tools/shell/AllCompletorsTest.groovy':[
113,
],
'project:subprojects/groovy-groovysh/src/test/groovy/org/codehaus/groovy/tools/shell/GroovyshTest.groovy':[
64,
242,
244,
257,
258,
282,
283,
],
'project:subprojects/groovy-groovysh/src/test/groovy/org/codehaus/groovy/tools/shell/commands/DocCommandTest.groovy':[
35,
],
'project:subprojects/groovy-groovysh/src/test/groovy/org/codehaus/groovy/tools/shell/completion/GroovySyntaxCompletorTest.groovy':[
32,
39,
44,
55,
60,
76,
91,
107,
122,
135,
148,
160,
167,
185,
202,
216,
238,
260,
275,
292,
],
'project:subprojects/groovy-groovysh/src/test/groovy/org/codehaus/groovy/tools/shell/completion/ReflectionCompletorTest.groovy':[
199,
202,
248,
],
'project:subprojects/groovy-jmx/src/main/groovy/groovy/jmx/builder/JmxBuilderTools.groovy':[
310,
],
'project:subprojects/groovy-jmx/src/main/groovy/groovy/jmx/builder/JmxClientConnectorFactory.groovy':[
54,
],
'project:subprojects/groovy-jmx/src/main/groovy/groovy/jmx/builder/JmxEmitterFactory.groovy':[
95,
],
'project:subprojects/groovy-jmx/src/main/groovy/groovy/jmx/builder/JmxMetaMapBuilder.groovy':[
403,
509,
],
'project:subprojects/groovy-jmx/src/main/groovy/groovy/jmx/builder/JmxOperationInfoManager.groovy':[
147,
],
'project:subprojects/groovy-jmx/src/main/groovy/groovy/jmx/builder/JmxServerConnectorFactory.groovy':[
71,
119,
120,
],
'project:subprojects/groovy-jmx/src/spec/test/JmxTest.groovy':[
179,
186,
411,
],
'project:subprojects/groovy-jmx/src/test/groovy/groovy/jmx/builder/JmxBeanFactoryTest.groovy':[
38,
],
'project:subprojects/groovy-jmx/src/test/groovy/groovy/jmx/builder/JmxBeanInfoManagerTest.groovy':[
32,
],
'project:subprojects/groovy-jmx/src/test/groovy/groovy/jmx/builder/JmxServerConnectorFactoryTest.groovy':[
52,
],
'project:subprojects/groovy-jmx/src/test/groovy/groovy/jmx/builder/MockEmbeddedClass.groovy':[
155,
],
'project:subprojects/groovy-json/src/main/groovy/groovy/json/JsonBuilder.groovy':[
48,
256,
],
'project:subprojects/groovy-json/src/main/groovy/groovy/json/StreamingJsonBuilder.groovy':[
51,
264,
282,
],
'project:subprojects/groovy-json/src/test/groovy/groovy/json/JsonBuilderTest.groovy':[
207,
246,
281,
],
'project:subprojects/groovy-json/src/test/groovy/groovy/json/JsonOutputTest.groovy':[
157,
169,
170,
],
'project:subprojects/groovy-json/src/test/groovy/groovy/json/JsonSlurperLaxTest.groovy':[
67,
],
'project:subprojects/groovy-json/src/test/groovy/groovy/json/JsonSlurperTest.groovy':[
250,
],
'project:subprojects/groovy-json/src/test/groovy/groovy/json/RealJsonPayloadsTest.groovy':[
65,
73,
74,
100,
101,
109,
110,
118,
119,
128,
218,
],
'project:subprojects/groovy-json/src/test/groovy/groovy/json/StreamingJsonBuilderTest.groovy':[
228,
242,
288,
310,
],
'project:subprojects/groovy-jsr223/src/test/groovy/org/codehaus/groovy/jsr223/JSR223Test.groovy':[
130,
],
'project:subprojects/groovy-sql/src/test/groovy/groovy/sql/SqlBatchTest.groovy':[
136,
153,
],
'project:subprojects/groovy-sql/src/test/groovy/groovy/sql/SqlCallTest.groovy':[
162,
179,
],
'project:subprojects/groovy-sql/src/test/groovy/groovy/sql/SqlCompleteTest.groovy':[
70,
78,
98,
135,
159,
223,
349,
],
'project:subprojects/groovy-sql/src/test/groovy/groovy/sql/SqlHelperTestCase.groovy':[
46,
],
'project:subprojects/groovy-sql/src/test/groovy/groovy/sql/SqlRowsTest.groovy':[
96,
119,
123,
],
'project:subprojects/groovy-sql/src/test/groovy/groovy/sql/SqlTest.groovy':[
79,
],
'project:subprojects/groovy-sql/src/test/groovy/groovy/sql/SqlTransactionTestCase.groovy':[
47,
],
'project:subprojects/groovy-swing/src/main/groovy/groovy/swing/LookAndFeelHelper.groovy':[
137,
],
'project:subprojects/groovy-swing/src/main/groovy/groovy/swing/SwingBuilder.groovy':[
430,
440,
586,
],
'project:subprojects/groovy-swing/src/main/groovy/groovy/swing/binding/JListProperties.groovy':[
121,
],
'project:subprojects/groovy-swing/src/main/groovy/groovy/swing/factory/ActionFactory.groovy':[
35,
93,
96,
],
'project:subprojects/groovy-swing/src/main/groovy/groovy/swing/factory/BeanFactory.groovy':[
40,
50,
],
'project:subprojects/groovy-swing/src/main/groovy/groovy/swing/factory/BevelBorderFactory.groovy':[
27,
58,
],
'project:subprojects/groovy-swing/src/main/groovy/groovy/swing/factory/BindFactory.groovy':[
112,
126,
162,
167,
168,
209,
305,
],
'project:subprojects/groovy-swing/src/main/groovy/groovy/swing/factory/BindProxyFactory.groovy':[
31,
],
'project:subprojects/groovy-swing/src/main/groovy/groovy/swing/factory/BoxFactory.groovy':[
29,
50,
57,
64,
86,
93,
100,
117,
124,
],
'project:subprojects/groovy-swing/src/main/groovy/groovy/swing/factory/BoxLayoutFactory.groovy':[
25,
],
'project:subprojects/groovy-swing/src/main/groovy/groovy/swing/factory/ButtonGroupFactory.groovy':[
39,
44,
],
'project:subprojects/groovy-swing/src/main/groovy/groovy/swing/factory/CollectionFactory.groovy':[
24,
],
'project:subprojects/groovy-swing/src/main/groovy/groovy/swing/factory/ComboBoxFactory.groovy':[
25,
],
'project:subprojects/groovy-swing/src/main/groovy/groovy/swing/factory/CompoundBorderFactory.groovy':[
58,
],
'project:subprojects/groovy-swing/src/main/groovy/groovy/swing/factory/DialogFactory.groovy':[
25,
],
'project:subprojects/groovy-swing/src/main/groovy/groovy/swing/factory/EmptyBorderFactory.groovy':[
44,
52,
],
'project:subprojects/groovy-swing/src/main/groovy/groovy/swing/factory/FormattedTextFactory.groovy':[
24,
],
'project:subprojects/groovy-swing/src/main/groovy/groovy/swing/factory/FrameFactory.groovy':[
24,
],
'project:subprojects/groovy-swing/src/main/groovy/groovy/swing/factory/GridBagFactory.groovy':[
44,
],
'project:subprojects/groovy-swing/src/main/groovy/groovy/swing/factory/ImageIconFactory.groovy':[
70,
],
'project:subprojects/groovy-swing/src/main/groovy/groovy/swing/factory/InternalFrameFactory.groovy':[
23,
],
'project:subprojects/groovy-swing/src/main/groovy/groovy/swing/factory/LayoutFactory.groovy':[
38,
77,
],
'project:subprojects/groovy-swing/src/main/groovy/groovy/swing/factory/LineBorderFactory.groovy':[
44,
],
'project:subprojects/groovy-swing/src/main/groovy/groovy/swing/factory/ListFactory.groovy':[
30,
],
'project:subprojects/groovy-swing/src/main/groovy/groovy/swing/factory/MapFactory.groovy':[
21,
],
'project:subprojects/groovy-swing/src/main/groovy/groovy/swing/factory/MatteBorderFactory.groovy':[
42,
54,
69,
],
'project:subprojects/groovy-swing/src/main/groovy/groovy/swing/factory/RichActionWidgetFactory.groovy':[
53,
67,
],
'project:subprojects/groovy-swing/src/main/groovy/groovy/swing/factory/RootPaneContainerFactory.groovy':[
51,
63,
],
'project:subprojects/groovy-swing/src/main/groovy/groovy/swing/factory/SeparatorFactory.groovy':[
29,
],
'project:subprojects/groovy-swing/src/main/groovy/groovy/swing/factory/SplitPaneFactory.groovy':[
25,
],
'project:subprojects/groovy-swing/src/main/groovy/groovy/swing/factory/SwingBorderFactory.groovy':[
40,
],
'project:subprojects/groovy-swing/src/main/groovy/groovy/swing/factory/TabbedPaneFactory.groovy':[
40,
48,
59,
60,
61,
62,
63,
64,
65,
66,
75,
76,
77,
78,
79,
80,
81,
82,
83,
88,
96,
],
'project:subprojects/groovy-swing/src/main/groovy/groovy/swing/factory/TableLayoutFactory.groovy':[
28,
43,
60,
],
'project:subprojects/groovy-swing/src/main/groovy/groovy/swing/factory/TableModelFactory.groovy':[
29,
69,
99,
],
'project:subprojects/groovy-swing/src/main/groovy/groovy/swing/factory/TextArgWidgetFactory.groovy':[
33,
42,
],
'project:subprojects/groovy-swing/src/main/groovy/groovy/swing/factory/TitledBorderFactory.groovy':[
26,
27,
],
'project:subprojects/groovy-swing/src/main/groovy/groovy/swing/factory/WidgetFactory.groovy':[
38,
45,
],
'project:subprojects/groovy-swing/src/main/groovy/groovy/swing/factory/WindowFactory.groovy':[
23,
],
'project:subprojects/groovy-swing/src/main/groovy/groovy/swing/impl/ClosureCellEditor.groovy':[
62,
],
'project:subprojects/groovy-swing/src/test/groovy/groovy/swing/SwingBuilderBindingsTest.groovy':[
433,
494,
565,
571,
706,
720,
731,
738,
749,
1058,
1062,
1219,
],
'project:subprojects/groovy-swing/src/test/groovy/groovy/swing/SwingBuilderTableTest.groovy':[
247,
248,
251,
252,
255,
256,
260,
261,
315,
319,
333,
337,
342,
343,
438,
440,
],
'project:subprojects/groovy-swing/src/test/groovy/groovy/swing/SwingBuilderTest.groovy':[
612,
614,
1480,
1483,
1522,
1525,
],
'project:subprojects/groovy-swing/src/test/groovy/groovy/swing/TitledBorderFactoryJustificationTest.groovy':[
52,
54,
],
'project:subprojects/groovy-test/src/main/groovy/groovy/mock/interceptor/Ignore.groovy':[
37,
],
'project:subprojects/groovy-test/src/main/groovy/groovy/mock/interceptor/MockFor.groovy':[
73,
74,
77,
122,
],
'project:subprojects/groovy-test/src/main/groovy/groovy/mock/interceptor/StubFor.groovy':[
79,
],
'project:subprojects/groovy-test/src/main/groovy/groovy/util/JavadocAssertionTestBuilder.groovy':[
22,
],
'project:subprojects/groovy-test/src/main/groovy/groovy/util/JavadocAssertionTestSuite.groovy':[
71,
],
'project:subprojects/groovy-test/src/test/groovy/GroovyTestCaseTest.groovy':[
78,
],
'project:subprojects/groovy-test/src/test/groovy/org/codehaus/groovy/transform/NotYetImplementedTransformTest.groovy':[
40,
57,
75,
76,
132,
133,
],
'project:subprojects/groovy-xml/src/main/groovy/groovy/xml/Entity.groovy':[
34,
37,
38,
41,
42,
46,
48,
50,
51,
52,
53,
54,
55,
60,
61,
79,
87,
92,
93,
111,
128,
165,
168,
],
'project:subprojects/groovy-xml/src/main/groovy/groovy/xml/StreamingDOMBuilder.groovy':[
189,
],
'project:subprojects/groovy-xml/src/main/groovy/groovy/xml/StreamingMarkupBuilder.groovy':[
49,
],
'project:subprojects/groovy-xml/src/main/groovy/groovy/xml/StreamingSAXBuilder.groovy':[
27,
56,
66,
],
'project:subprojects/groovy-xml/src/main/groovy/groovy/xml/streamingmarkupsupport/AbstractStreamingBuilder.groovy':[
27,
],
'project:subprojects/groovy-xml/src/test/groovy/groovy/bugs/TedsClosureBug.groovy':[
55,
],
'project:subprojects/groovy-xml/src/test/groovy/groovy/util/XmlNodePrinterTest.groovy':[
26,
],
'project:subprojects/groovy-xml/src/test/groovy/groovy/util/XmlSlurperTest.groovy':[
135,
],
'project:subprojects/groovy-xml/src/test/groovy/groovy/xml/BuilderTestSupport.groovy':[
61,
71,
84,
],
'project:subprojects/groovy-xml/src/test/groovy/groovy/xml/dom/DOMTest.groovy':[
25,
],
'project:subprojects/groovy-xml/src/test/groovy/groovy/xml/vm6/StaxBuilderTest.groovy':[
60,
],
'project:subprojects/groovy-xml/src/test/groovy/script/AtomTestScript.groovy':[
10,
17,
],
}
