{
'project:src/main/org/codehaus/groovy/ast/builder/AstSpecificationCompiler.groovy':[
103,
],
'project:src/spec/test/DesignPatternsTest.groovy':[
3,
],
'project:src/test/groovy/GroovyMethodsTest.groovy':[
34,
],
'project:src/test/groovy/transform/stc/ClosureParamTypeInferenceSTCTest.groovy':[
25,
],
'project:src/test/groovy/transform/stc/GenericsSTCTest.groovy':[
25,
],
'project:src/test/org/codehaus/groovy/ast/builder/AstBuilderFromSpecificationTest.groovy':[
30,
],
'project:src/test/org/codehaus/groovy/classgen/asm/sc/BugsStaticCompileTest.groovy':[
25,
],
'project:subprojects/groovy-console/src/main/groovy/groovy/ui/Console.groovy':[
75,
],
'project:subprojects/groovy-swing/src/test/groovy/groovy/swing/SwingBuilderBindingsTest.groovy':[
27,
],
'project:subprojects/groovy-swing/src/test/groovy/groovy/swing/SwingBuilderTest.groovy':[
32,
],
}
