{
'project:src/examples/astbuilder/MainTransformation.groovy':[
25,
],
'project:src/examples/osgi/hello-groovy-bundle/org/codehaus/groovy/osgi/Activator.groovy':[
37,
],
'project:src/examples/osgi/hello-groovy-test-harness/org/codehaus/groovy/osgi/harness/HarnessActivator.groovy':[
45,
],
'project:src/examples/swing/RegexCoach.groovy':[
57,
],
'project:src/examples/swing/RegexCoachController.groovy':[
39,
],
'project:src/examples/swing/Widgets.groovy':[
20,
24,
],
'project:src/examples/swing/greet/Greet.groovy':[
34,
60,
85,
106,
],
'project:src/examples/swing/greet/TwitterAPI.groovy':[
96,
],
'project:src/examples/transforms/global/CompiledAtASTTransformation.groovy':[
21,
],
'project:src/examples/transforms/global/LoggingASTTransformation.groovy':[
29,
],
'project:src/examples/transforms/local/LoggingASTTransformation.groovy':[
27,
],
'project:src/main/org/codehaus/groovy/ast/builder/AstBuilder.groovy':[
77,
77,
77,
],
'project:src/main/org/codehaus/groovy/tools/ast/TransformTestHelper.groovy':[
116,
116,
],
'project:src/spec/test/support/StaticStringExtension.groovy':[
21,
],
'project:src/spec/test/testingguide/MockingExampleTests.groovy':[
23,
],
'project:src/tck/src/org/codehaus/groovy/tck/TestGenerator.groovy':[
8,
],
'project:src/test/gls/annotations/closures/AnnotationClosureOwnerCallTest.groovy':[
26,
],
'project:src/test/gls/annotations/closures/AnnotationClosureThisObjectCallTest.groovy':[
25,
],
'project:src/test/gls/annotations/closures/AnnotationClosureUnqualifiedCallTest.groovy':[
25,
],
'project:src/test/gls/annotations/closures/AnnotationClosureWithParametersTest.groovy':[
23,
],
'project:src/test/gls/annotations/closures/JavaCompatibility.groovy':[
12,
],
'project:src/test/gls/annotations/closures/JavaCompatibilityParameterized.groovy':[
12,
],
'project:src/test/gls/syntax/Gep3OrderDslTest.groovy':[
81,
117,
],
'project:src/test/gls/syntax/Gep3Test.groovy':[
71,
],
'project:src/test/groovy/Bar.groovy':[
19,
19,
23,
],
'project:src/test/groovy/CategoryTest.groovy':[
199,
200,
226,
227,
],
'project:src/test/groovy/DummyMethodsGroovy.groovy':[
32,
32,
32,
36,
36,
36,
],
'project:src/test/groovy/GStringTest.groovy':[
552,
],
'project:src/test/groovy/GroovyMethodsTest.groovy':[
100,
],
'project:src/test/groovy/InvokeNormalMethodsFirstTest.groovy':[
58,
58,
],
'project:src/test/groovy/VArgsTest.groovy':[
6,
7,
7,
37,
55,
56,
56,
95,
96,
102,
102,
103,
103,
142,
143,
151,
152,
152,
152,
157,
158,
158,
163,
164,
164,
169,
170,
170,
175,
176,
176,
182,
182,
183,
183,
183,
],
'project:src/test/groovy/VarargsMethodTest.groovy':[
61,
],
'project:src/test/groovy/bugs/AmbiguousListOrMethodTest.groovy':[
50,
50,
51,
],
'project:src/test/groovy/bugs/ArrayMethodCallBug.groovy':[
11,
],
'project:src/test/groovy/bugs/BenchmarkBug.groovy':[
29,
29,
],
'project:src/test/groovy/bugs/BlockAsClosureBug.groovy':[
43,
],
'project:src/test/groovy/bugs/ClosureTypedVariableBug.groovy':[
44,
],
'project:src/test/groovy/bugs/Groovy2351Bug.groovy':[
13,
15,
],
'project:src/test/groovy/bugs/Groovy2951Bug.groovy':[
47,
],
'project:src/test/groovy/bugs/Groovy3135Bug.groovy':[
33,
37,
41,
45,
49,
],
'project:src/test/groovy/bugs/Groovy3156And2621Bug.groovy':[
28,
],
'project:src/test/groovy/bugs/Groovy3339Bug.groovy':[
44,
44,
44,
],
'project:src/test/groovy/bugs/Groovy3424Bug.groovy':[
68,
],
'project:src/test/groovy/bugs/Groovy3426Bug.groovy':[
42,
42,
42,
],
'project:src/test/groovy/bugs/Groovy3949Bug.groovy':[
10,
],
'project:src/test/groovy/bugs/Groovy4170Bug.groovy':[
25,
25,
],
'project:src/test/groovy/bugs/Groovy4410Bug.groovy':[
42,
48,
54,
60,
],
'project:src/test/groovy/bugs/Groovy4720Bug.groovy':[
52,
58,
],
'project:src/test/groovy/bugs/Groovy596_Bug.groovy':[
51,
],
'project:src/test/groovy/bugs/InterfaceImplBug.groovy':[
16,
],
'project:src/test/groovy/bugs/InvokeNormalMethodFromBuilder_Groovy657Bug.groovy':[
25,
25,
31,
31,
],
'project:src/test/groovy/bugs/MethodDispatchBug.groovy':[
4,
4,
8,
8,
12,
12,
16,
16,
],
'project:src/test/groovy/bugs/MyConstantsASTTransformation4272.groovy':[
18,
],
'project:src/test/groovy/bugs/POJOCallSiteBug.groovy':[
84,
84,
84,
88,
88,
88,
88,
88,
],
'project:src/test/groovy/bugs/StaticPropertyBug.groovy':[
56,
56,
56,
56,
56,
],
'project:src/test/groovy/lang/ExpandoMetaClassTest.groovy':[
852,
],
'project:src/test/groovy/lang/GetMethodsTest.groovy':[
72,
74,
76,
86,
],
'project:src/test/groovy/lang/GroovyClassLoaderTest.groovy':[
244,
244,
250,
250,
],
'project:src/test/groovy/lang/MapOfClosureTest.groovy':[
106,
106,
106,
],
'project:src/test/groovy/lang/MethodMissingTest.groovy':[
122,
122,
],
'project:src/test/groovy/lang/PropertyMissingTest.groovy':[
80,
83,
],
'project:src/test/groovy/lang/RespondsToTest.groovy':[
113,
115,
115,
117,
119,
132,
134,
136,
148,
],
'project:src/test/groovy/lang/WithMethodTest.groovy':[
80,
],
'project:src/test/groovy/mock/example/CheeseSlicer.groovy':[
5,
9,
],
'project:src/test/groovy/mock/interceptor/Collaborator.groovy':[
16,
19,
19,
],
'project:src/test/groovy/operator/BigDecimalOperatorsTest.groovy':[
96,
],
'project:src/test/groovy/transform/stc/GenericsSTCTest.groovy':[
1388,
1400,
],
'project:src/test/groovy/transform/stc/MethodCallsSTCTest.groovy':[
1011,
1012,
1012,
],
'project:src/test/groovy/transform/stc/STCwithTransformationsTest.groovy':[
73,
],
'project:src/test/org/codehaus/groovy/ClosureAndInnerClassNodeStructureTest.groovy':[
40,
40,
],
'project:src/test/org/codehaus/groovy/ast/GenericsTypeTest.groovy':[
159,
],
'project:src/test/org/codehaus/groovy/control/customizers/ASTTransformationCustomizerTest.groovy':[
209,
209,
228,
],
'project:src/test/org/codehaus/groovy/runtime/AppendableDgmMethodsTest.groovy':[
26,
28,
28,
],
'project:src/test/org/codehaus/groovy/runtime/FileAppendTest.groovy':[
247,
259,
],
'project:src/test/org/codehaus/groovy/runtime/MinusTest.groovy':[
14,
22,
],
'project:src/test/org/codehaus/groovy/runtime/NestedCategoryTest.groovy':[
68,
74,
],
'project:src/test/org/codehaus/groovy/runtime/PerInstanceMetaClassTest.groovy':[
310,
],
'project:src/test/org/codehaus/groovy/runtime/WriterAppendTest.groovy':[
232,
],
'project:src/test/org/codehaus/groovy/tools/ast/TransformTestHelperTest.groovy':[
59,
59,
],
'project:src/test/org/codehaus/groovy/transform/classloading/TransformsAndCustomClassLoadersTest.groovy':[
132,
142,
],
'project:subprojects/groovy-console/src/main/groovy/groovy/inspect/swingui/AstBrowser.groovy':[
288,
292,
316,
335,
],
'project:subprojects/groovy-console/src/main/groovy/groovy/inspect/swingui/AstNodeToScriptAdapter.groovy':[
133,
197,
],
'project:subprojects/groovy-console/src/main/groovy/groovy/inspect/swingui/ObjectBrowser.groovy':[
149,
],
'project:subprojects/groovy-console/src/main/groovy/groovy/inspect/swingui/ScriptToTreeNodeAdapter.groovy':[
220,
],
'project:subprojects/groovy-console/src/main/groovy/groovy/ui/Console.groovy':[
390,
397,
569,
586,
590,
608,
617,
636,
682,
812,
821,
830,
839,
843,
847,
902,
906,
920,
931,
1005,
1098,
1107,
1123,
1127,
1182,
1189,
1195,
1200,
1308,
1310,
1324,
1333,
],
'project:subprojects/groovy-groovysh/src/main/groovy/org/codehaus/groovy/tools/shell/completion/FileNameCompleter.groovy':[
64,
153,
],
'project:subprojects/groovy-groovysh/src/main/groovy/org/codehaus/groovy/tools/shell/util/NoExitSecurityManager.groovy':[
48,
],
'project:subprojects/groovy-groovysh/src/test/groovy/org/codehaus/groovy/tools/shell/commands/DocCommandTest.groovy':[
111,
115,
115,
134,
138,
138,
],
'project:subprojects/groovy-jmx/src/main/groovy/groovy/jmx/builder/JmxBeanExportFactory.groovy':[
42,
42,
42,
47,
47,
47,
],
'project:subprojects/groovy-jmx/src/main/groovy/groovy/jmx/builder/JmxBeanFactory.groovy':[
92,
119,
119,
119,
],
'project:subprojects/groovy-jmx/src/main/groovy/groovy/jmx/builder/JmxBeansFactory.groovy':[
25,
47,
47,
47,
],
'project:subprojects/groovy-jmx/src/main/groovy/groovy/jmx/builder/JmxClientConnectorFactory.groovy':[
43,
],
'project:subprojects/groovy-jmx/src/main/groovy/groovy/jmx/builder/JmxEmitterFactory.groovy':[
98,
98,
98,
106,
],
'project:subprojects/groovy-jmx/src/main/groovy/groovy/jmx/builder/JmxListenerFactory.groovy':[
66,
66,
66,
74,
],
'project:subprojects/groovy-jmx/src/main/groovy/groovy/jmx/builder/JmxServerConnectorFactory.groovy':[
88,
88,
88,
96,
96,
96,
],
'project:subprojects/groovy-jmx/src/main/groovy/groovy/jmx/builder/JmxTimerFactory.groovy':[
182,
182,
182,
190,
],
'project:subprojects/groovy-jmx/src/test/groovy/groovy/jmx/builder/MockEmbeddedClass.groovy':[
28,
28,
32,
32,
32,
36,
],
'project:subprojects/groovy-servlet/src/test/groovy/groovy/servlet/ServletBindingTest.groovy':[
260,
],
'project:subprojects/groovy-swing/src/main/groovy/groovy/swing/SwingBuilder.groovy':[
501,
],
'project:subprojects/groovy-swing/src/main/groovy/groovy/swing/binding/JListProperties.groovy':[
108,
112,
116,
144,
148,
],
'project:subprojects/groovy-swing/src/main/groovy/groovy/swing/factory/ActionFactory.groovy':[
35,
47,
102,
],
'project:subprojects/groovy-swing/src/main/groovy/groovy/swing/factory/BeanFactory.groovy':[
40,
40,
],
'project:subprojects/groovy-swing/src/main/groovy/groovy/swing/factory/BevelBorderFactory.groovy':[
37,
],
'project:subprojects/groovy-swing/src/main/groovy/groovy/swing/factory/BindFactory.groovy':[
112,
249,
249,
],
'project:subprojects/groovy-swing/src/main/groovy/groovy/swing/factory/BindGroupFactory.groovy':[
25,
25,
25,
],
'project:subprojects/groovy-swing/src/main/groovy/groovy/swing/factory/BindProxyFactory.groovy':[
42,
],
'project:subprojects/groovy-swing/src/main/groovy/groovy/swing/factory/BoxFactory.groovy':[
29,
50,
50,
57,
57,
64,
86,
86,
93,
93,
100,
117,
117,
124,
],
'project:subprojects/groovy-swing/src/main/groovy/groovy/swing/factory/BoxLayoutFactory.groovy':[
47,
],
'project:subprojects/groovy-swing/src/main/groovy/groovy/swing/factory/CellEditorFactory.groovy':[
27,
32,
47,
47,
47,
47,
55,
63,
63,
63,
63,
71,
],
'project:subprojects/groovy-swing/src/main/groovy/groovy/swing/factory/CollectionFactory.groovy':[
24,
36,
],
'project:subprojects/groovy-swing/src/main/groovy/groovy/swing/factory/ColumnFactory.groovy':[
31,
85,
],
'project:subprojects/groovy-swing/src/main/groovy/groovy/swing/factory/ColumnModelFactory.groovy':[
30,
30,
47,
],
'project:subprojects/groovy-swing/src/main/groovy/groovy/swing/factory/ComboBoxFactory.groovy':[
25,
],
'project:subprojects/groovy-swing/src/main/groovy/groovy/swing/factory/EtchedBorderFactory.groovy':[
29,
],
'project:subprojects/groovy-swing/src/main/groovy/groovy/swing/factory/FormattedTextFactory.groovy':[
24,
],
'project:subprojects/groovy-swing/src/main/groovy/groovy/swing/factory/InternalFrameFactory.groovy':[
23,
23,
],
'project:subprojects/groovy-swing/src/main/groovy/groovy/swing/factory/LayoutFactory.groovy':[
62,
76,
],
'project:subprojects/groovy-swing/src/main/groovy/groovy/swing/factory/LineBorderFactory.groovy':[
28,
],
'project:subprojects/groovy-swing/src/main/groovy/groovy/swing/factory/ListFactory.groovy':[
30,
30,
58,
],
'project:subprojects/groovy-swing/src/main/groovy/groovy/swing/factory/MapFactory.groovy':[
21,
],
'project:subprojects/groovy-swing/src/main/groovy/groovy/swing/factory/RendererFactory.groovy':[
28,
28,
33,
52,
52,
52,
52,
60,
],
'project:subprojects/groovy-swing/src/main/groovy/groovy/swing/factory/RichActionWidgetFactory.groovy':[
53,
53,
],
'project:subprojects/groovy-swing/src/main/groovy/groovy/swing/factory/RootPaneContainerFactory.groovy':[
79,
],
'project:subprojects/groovy-swing/src/main/groovy/groovy/swing/factory/ScrollPaneFactory.groovy':[
34,
],
'project:subprojects/groovy-swing/src/main/groovy/groovy/swing/factory/SeparatorFactory.groovy':[
29,
],
'project:subprojects/groovy-swing/src/main/groovy/groovy/swing/factory/SplitPaneFactory.groovy':[
25,
25,
37,
],
'project:subprojects/groovy-swing/src/main/groovy/groovy/swing/factory/SwingBorderFactory.groovy':[
28,
28,
28,
],
'project:subprojects/groovy-swing/src/main/groovy/groovy/swing/factory/TableFactory.groovy':[
41,
],
'project:subprojects/groovy-swing/src/main/groovy/groovy/swing/factory/TableLayoutFactory.groovy':[
28,
28,
43,
54,
54,
60,
71,
],
'project:subprojects/groovy-swing/src/main/groovy/groovy/swing/factory/TableModelFactory.groovy':[
29,
],
'project:subprojects/groovy-swing/src/main/groovy/groovy/swing/factory/TextArgWidgetFactory.groovy':[
33,
33,
],
'project:subprojects/groovy-swing/src/main/groovy/groovy/swing/factory/WidgetFactory.groovy':[
38,
],
'project:subprojects/groovy-swing/src/test/groovy/groovy/bugs/Groovy303_Bug.groovy':[
53,
],
'project:subprojects/groovy-test/src/main/groovy/groovy/mock/interceptor/MockInterceptor.groovy':[
29,
36,
56,
56,
56,
56,
],
'project:subprojects/groovy-xml/src/main/groovy/groovy/xml/StaxBuilder.groovy':[
88,
96,
96,
],
}
