{
'project:src/test/groovy/ActorTest.groovy':[
196,
],
'project:src/test/groovy/FinallyTest.groovy':[
98,
141,
],
'project:src/test/groovy/lang/SyntheticReturnTest.groovy':[
158,
],
}
