{
'project:subprojects/groovy-sql/src/test/groovy/groovy/sql/GroovyRowResultTest.groovy':[
110,
],
}
