{
'project:src/main/groovy/util/ConfigSlurper.groovy':[
48,
180,
],
'project:subprojects/groovy-console/src/main/groovy/groovy/inspect/swingui/AstNodeToScriptAdapter.groovy':[
119,
],
'project:subprojects/groovy-groovysh/src/main/groovy/org/codehaus/groovy/tools/shell/completion/ReflectionCompletor.groovy':[
157,
],
}
