{
'project:src/test/org/codehaus/groovy/classgen/asm/sc/BugsStaticCompileTest.groovy':[
1038,
],
'project:src/test/org/codehaus/groovy/runtime/FileStaticGroovyMethodsTest.groovy':[
33,
],
}
