{
'project:src/main/groovy/grape/GrapeIvy.groovy':[
286,
],
'project:src/test/groovy/MapConstructionTest.groovy':[
42,
],
'project:src/test/groovy/bugs/Groovy3679Bug.groovy':[
21,
],
'project:src/test/groovy/bugs/PropertyNameBug.groovy':[
12,
],
'project:subprojects/groovy-console/src/main/groovy/groovy/inspect/swingui/AstBrowser.groovy':[
564,
],
'project:subprojects/groovy-groovysh/src/main/groovy/org/codehaus/groovy/tools/shell/completion/ImportsSyntaxCompletor.groovy':[
31,
],
'project:subprojects/groovy-groovysh/src/main/groovy/org/codehaus/groovy/tools/shell/util/PackageHelper.groovy':[
47,
],
'project:subprojects/groovy-jmx/src/main/groovy/groovy/jmx/builder/JmxServerConnectorFactory.groovy':[
102,
],
'project:subprojects/groovy-swing/src/main/groovy/groovy/swing/binding/JListProperties.groovy':[
31,
],
'project:subprojects/groovy-swing/src/main/groovy/groovy/swing/factory/BindFactory.groovy':[
44,
],
'project:subprojects/groovy-xml/src/test/groovy/groovy/util/NodeTest.groovy':[
39,
62,
80,
112,
114,
],
}
