{
'project:src/examples/commandLineTools/ListFiles.groovy':[
16,
],
'project:src/spec/test-resources/reloading/dependency1.groovy':[
1,
],
'project:src/spec/test-resources/reloading/dependency2.groovy':[
1,
],
'project:src/test/groovy/benchmarks/loop.groovy':[
3,
],
'project:src/test/groovy/benchmarks/loop2.groovy':[
3,
],
'project:src/test/groovy/bugs/Groovy3799Bug.groovy':[
18,
],
'project:src/test/groovy/bugs/TernaryOperatorTest.groovy':[
3,
],
'project:src/test/groovy/bugs/VariablePrecedence.groovy':[
7,
],
'project:src/test/org/codehaus/groovy/util/ManagedLinkedlistTest.groovy':[
3,
],
}
