{
'project:subprojects/groovy-test/src/main/groovy/groovy/util/JavadocAssertionTestBuilder.groovy':[
100,
],
}
