{
'project:benchmark/bench/regexdna.groovy':[
10,
41,
46,
],
'project:benchmark/bench/revcomp.groovy':[
39,
40,
],
'project:src/examples/commandLineTools/AntMap.groovy':[
60,
60,
61,
62,
63,
],
'project:src/examples/commandLineTools/SimpleWebServer.groovy':[
19,
48,
61,
73,
],
'project:src/examples/console/MortgageCalculator.groovy':[
24,
],
'project:src/examples/groovyShell/ArithmeticShell.groovy':[
54,
],
'project:src/examples/swing/BloglinesClient.groovy':[
62,
99,
132,
136,
],
'project:src/examples/swing/RegexCoach.groovy':[
25,
66,
],
'project:src/examples/swing/RegexCoachController.groovy':[
48,
],
'project:src/examples/swing/RegexCoachView.groovy':[
25,
],
'project:src/examples/swing/Widgets.groovy':[
140,
160,
],
'project:src/examples/swing/greet/Greet.groovy':[
112,
],
'project:src/examples/swing/greet/TwitterAPI.groovy':[
22,
],
'project:src/examples/swing/greet/View.groovy':[
30,
86,
134,
],
'project:src/examples/swing/timelog/TimeLogView.groovy':[
25,
29,
32,
],
'project:src/examples/transforms/global/LoggingExample.groovy':[
10,
],
'project:src/examples/transforms/local/LoggingExample.groovy':[
10,
15,
42,
44,
],
'project:src/main/groovy/beans/ListenerListASTTransformation.groovy':[
66,
71,
137,
163,
187,
199,
225,
270,
277,
333,
334,
338,
],
'project:src/main/groovy/grape/GrapeIvy.groovy':[
97,
205,
206,
210,
349,
355,
362,
370,
376,
378,
378,
439,
441,
461,
491,
521,
522,
605,
],
'project:src/main/groovy/util/CliBuilder.groovy':[
214,
299,
301,
317,
347,
],
'project:src/main/groovy/util/ConfigSlurper.groovy':[
184,
259,
262,
],
'project:src/main/org/codehaus/groovy/ast/builder/AstBuilder.groovy':[
119,
119,
],
'project:src/main/org/codehaus/groovy/ast/builder/AstSpecificationCompiler.groovy':[
870,
971,
1152,
1156,
],
'project:src/main/org/codehaus/groovy/classgen/genArrays.groovy':[
45,
],
'project:src/main/org/codehaus/groovy/classgen/genDgmMath.groovy':[
21,
21,
21,
21,
24,
24,
83,
],
'project:src/main/org/codehaus/groovy/classgen/genMathModification.groovy':[
53,
66,
88,
98,
100,
101,
102,
103,
107,
115,
117,
118,
119,
120,
121,
122,
123,
124,
125,
126,
127,
128,
],
'project:src/main/org/codehaus/groovy/control/customizers/builder/CompilerCustomizationBuilder.groovy':[
56,
],
'project:src/main/org/codehaus/groovy/tools/GrapeMain.groovy':[
108,
153,
157,
160,
161,
164,
165,
169,
171,
173,
239,
264,
275,
306,
311,
315,
317,
319,
321,
323,
330,
335,
342,
344,
],
'project:src/main/org/codehaus/groovy/transform/ASTTestTransformation.groovy':[
35,
46,
65,
123,
126,
126,
],
'project:src/main/org/codehaus/groovy/transform/TimedInterruptibleASTTransformation.groovy':[
171,
196,
199,
203,
204,
213,
],
'project:src/main/org/codehaus/groovy/transform/tailrec/ReturnStatementToIterationConverter.groovy':[
92,
94,
113,
],
'project:src/main/org/codehaus/groovy/transform/tailrec/TailRecursiveASTTransformation.groovy':[
68,
141,
175,
],
'project:src/main/org/codehaus/groovy/transform/tailrec/VariableExpressionReplacer.groovy':[
77,
82,
107,
],
'project:src/tck/src/org/codehaus/groovy/tck/BatchGenerate.groovy':[
81,
],
'project:src/tck/src/org/codehaus/groovy/tck/TestGenerator.groovy':[
19,
23,
24,
26,
28,
28,
37,
52,
61,
61,
62,
63,
64,
65,
66,
67,
68,
69,
70,
71,
72,
74,
82,
85,
88,
89,
96,
97,
98,
99,
100,
101,
102,
153,
153,
164,
174,
],
'project:src/tck/test/gls/ch03/s01/Unicode1.groovy':[
31,
36,
37,
],
'project:src/tck/test/gls/ch03/s02/LexicalTranslation1.groovy':[
8,
],
'project:src/tck/test/gls/ch03/s03/UnicodeEscapes1.groovy':[
28,
29,
29,
30,
30,
],
'project:src/test-resources/groovy/transform/stc/BinaryOperatorTestExtension.groovy':[
27,
29,
29,
],
'project:src/test-resources/groovy/transform/stc/ScopeEnterExitTestExtension.groovy':[
11,
],
'project:src/test/groovy/bugs/AsBoolBug.groovy':[
42,
54,
64,
66,
],
'project:src/test/groovy/bugs/AttributeSetExpressionBug.groovy':[
13,
16,
19,
],
'project:src/test/groovy/bugs/ChristofsPropertyBug.groovy':[
27,
],
'project:src/test/groovy/bugs/ClassInNamedParamsBug.groovy':[
8,
9,
11,
11,
13,
14,
],
'project:src/test/groovy/bugs/ConstructorBug.groovy':[
23,
35,
36,
],
'project:src/test/groovy/bugs/GetterBug.groovy':[
44,
50,
55,
66,
72,
74,
78,
],
'project:src/test/groovy/bugs/Groovy1018_Bug.groovy':[
18,
24,
24,
25,
25,
31,
31,
],
'project:src/test/groovy/bugs/Groovy1059_Bug.groovy':[
33,
35,
],
'project:src/test/groovy/bugs/Groovy1081_Bug.groovy':[
32,
],
'project:src/test/groovy/bugs/Groovy1407_Bug.groovy':[
8,
8,
8,
8,
8,
8,
8,
8,
18,
18,
18,
18,
18,
18,
18,
18,
],
'project:src/test/groovy/bugs/Groovy1462_Bug.groovy':[
12,
14,
],
'project:src/test/groovy/bugs/Groovy1593.groovy':[
9,
],
'project:src/test/groovy/bugs/Groovy1617_Bug.groovy':[
5,
11,
11,
11,
11,
11,
11,
],
'project:src/test/groovy/bugs/Groovy1706_Bug.groovy':[
17,
],
'project:src/test/groovy/bugs/Groovy2391Bug.groovy':[
12,
],
'project:src/test/groovy/bugs/Groovy2557Bug.groovy':[
8,
8,
8,
],
'project:src/test/groovy/bugs/Groovy2558Bug.groovy':[
8,
],
'project:src/test/groovy/bugs/Groovy2951Bug.groovy':[
30,
30,
],
'project:src/test/groovy/bugs/Groovy308_Bug.groovy':[
33,
33,
36,
],
'project:src/test/groovy/bugs/Groovy3135Bug.groovy':[
20,
23,
26,
29,
],
'project:src/test/groovy/bugs/Groovy3139Bug.groovy':[
21,
],
'project:src/test/groovy/bugs/Groovy3156And2621Bug.groovy':[
5,
6,
22,
],
'project:src/test/groovy/bugs/Groovy3208Bug.groovy':[
8,
],
'project:src/test/groovy/bugs/Groovy3403Bug.groovy':[
16,
28,
],
'project:src/test/groovy/bugs/Groovy3405Bug.groovy':[
13,
13,
14,
18,
18,
18,
19,
],
'project:src/test/groovy/bugs/Groovy3424Bug.groovy':[
27,
35,
36,
41,
41,
42,
51,
52,
],
'project:src/test/groovy/bugs/Groovy3426Bug.groovy':[
24,
29,
],
'project:src/test/groovy/bugs/Groovy3465Bug.groovy':[
25,
27,
],
'project:src/test/groovy/bugs/Groovy3511Bug.groovy':[
15,
21,
27,
],
'project:src/test/groovy/bugs/Groovy3574Bug.groovy':[
12,
31,
31,
],
'project:src/test/groovy/bugs/Groovy3679Bug.groovy':[
23,
28,
],
'project:src/test/groovy/bugs/Groovy3749Bug.groovy':[
20,
27,
34,
41,
48,
],
'project:src/test/groovy/bugs/Groovy3801Bug.groovy':[
23,
24,
32,
],
'project:src/test/groovy/bugs/Groovy3818Bug.groovy':[
16,
23,
24,
24,
25,
25,
27,
],
'project:src/test/groovy/bugs/Groovy3831Bug.groovy':[
6,
],
'project:src/test/groovy/bugs/Groovy3852Bug.groovy':[
29,
31,
47,
61,
87,
],
'project:src/test/groovy/bugs/Groovy3876Bug.groovy':[
10,
21,
],
'project:src/test/groovy/bugs/Groovy3894Bug.groovy':[
18,
],
'project:src/test/groovy/bugs/Groovy4006Bug.groovy':[
77,
109,
141,
],
'project:src/test/groovy/bugs/Groovy4035Bug.groovy':[
16,
],
'project:src/test/groovy/bugs/Groovy4038Bug.groovy':[
7,
],
'project:src/test/groovy/bugs/Groovy4075Bug.groovy':[
15,
21,
],
'project:src/test/groovy/bugs/Groovy4078Bug.groovy':[
26,
28,
],
'project:src/test/groovy/bugs/Groovy4098Bug.groovy':[
48,
52,
57,
61,
66,
69,
71,
76,
80,
84,
87,
95,
98,
107,
108,
110,
111,
112,
117,
118,
120,
121,
122,
127,
128,
130,
131,
132,
133,
138,
139,
141,
142,
143,
],
'project:src/test/groovy/bugs/Groovy4116Bug.groovy':[
57,
60,
],
'project:src/test/groovy/bugs/Groovy4139Bug.groovy':[
26,
28,
],
'project:src/test/groovy/bugs/Groovy4170Bug.groovy':[
33,
],
'project:src/test/groovy/bugs/Groovy4241Bug.groovy':[
31,
],
'project:src/test/groovy/bugs/Groovy4252Bug.groovy':[
38,
41,
50,
53,
71,
74,
],
'project:src/test/groovy/bugs/Groovy4264Bug.groovy':[
61,
63,
],
'project:src/test/groovy/bugs/Groovy4410Bug.groovy':[
27,
30,
35,
38,
],
'project:src/test/groovy/bugs/Groovy4607Bug.groovy':[
46,
47,
],
'project:src/test/groovy/bugs/Groovy4720Bug.groovy':[
27,
],
'project:src/test/groovy/bugs/Groovy4967Bug.groovy':[
41,
44,
],
'project:src/test/groovy/bugs/Groovy5056Bug.groovy':[
36,
37,
38,
54,
55,
56,
59,
],
'project:src/test/groovy/bugs/Groovy5061.groovy':[
50,
57,
58,
],
'project:src/test/groovy/bugs/Groovy5150Bug.groovy':[
57,
88,
119,
125,
156,
162,
],
'project:src/test/groovy/bugs/Groovy5193Bug.groovy':[
28,
30,
],
'project:src/test/groovy/bugs/Groovy5915Bug.groovy':[
41,
],
'project:src/test/groovy/bugs/Groovy662Bug.groovy':[
67,
],
'project:src/test/groovy/bugs/Groovy674_Bug.groovy':[
22,
43,
48,
53,
],
'project:src/test/groovy/bugs/Groovy675_Bug.groovy':[
25,
26,
26,
26,
26,
26,
26,
26,
26,
26,
26,
27,
27,
28,
28,
28,
28,
29,
29,
29,
29,
29,
29,
29,
29,
29,
30,
30,
30,
30,
30,
30,
30,
30,
30,
31,
31,
31,
31,
31,
31,
31,
31,
33,
33,
33,
34,
38,
38,
38,
38,
38,
40,
40,
41,
],
'project:src/test/groovy/bugs/Groovy770_Bug.groovy':[
12,
22,
23,
24,
],
'project:src/test/groovy/bugs/Groovy779_Bug.groovy':[
35,
36,
36,
56,
57,
74,
77,
82,
85,
],
'project:src/test/groovy/bugs/Groovy831_Bug.groovy':[
19,
20,
21,
30,
31,
32,
],
'project:src/test/groovy/bugs/IterateOverCustomTypeBug.groovy':[
19,
19,
19,
],
'project:src/test/groovy/bugs/MetaClassCachingBug.groovy':[
27,
33,
],
'project:src/test/groovy/bugs/MyConstantsASTTransformation4272.groovy':[
22,
],
'project:src/test/groovy/bugs/NullCompareBug.groovy':[
10,
],
'project:src/test/groovy/bugs/POJOCallSiteBug.groovy':[
23,
24,
27,
28,
36,
38,
40,
41,
49,
51,
53,
54,
],
'project:src/test/groovy/bugs/PropertyNameBug.groovy':[
18,
19,
24,
25,
26,
],
'project:src/test/groovy/bugs/RodsBooleanBug.groovy':[
15,
],
'project:src/test/groovy/bugs/RodsBug.groovy':[
31,
38,
],
'project:src/test/groovy/bugs/StaticMethodCallBug.groovy':[
15,
],
'project:src/test/groovy/bugs/StaticPropertyBug.groovy':[
21,
27,
36,
37,
41,
42,
],
'project:src/test/groovy/bugs/SubscriptAndExpressionBug.groovy':[
48,
56,
60,
],
'project:src/test/groovy/bugs/SubscriptOnStringArrayBug.groovy':[
12,
],
'project:src/test/groovy/bugs/SuperMethod2Bug.groovy':[
60,
63,
131,
],
'project:src/test/groovy/bugs/UseStaticInClosureBug.groovy':[
14,
22,
25,
],
'project:src/test/groovy/execute/ExecuteTest_LinuxSolaris.groovy':[
21,
21,
21,
23,
27,
35,
37,
42,
44,
47,
49,
52,
52,
54,
],
'project:src/test/groovy/execute/ExecuteTest_Windows.groovy':[
33,
33,
33,
35,
52,
61,
63,
],
'project:src/test/groovy/mock/interceptor/Collaborator.groovy':[
17,
20,
23,
],
'project:src/test/org/codehaus/groovy/ast/builder/AstAssert.groovy':[
76,
265,
278,
279,
296,
297,
306,
307,
331,
344,
345,
356,
357,
],
'project:src/test/org/codehaus/groovy/benchmarks/vm5/b2394/script120.groovy':[
2,
2,
3,
3,
4,
4,
5,
5,
6,
6,
7,
7,
8,
8,
9,
9,
10,
10,
11,
11,
12,
12,
13,
13,
14,
14,
15,
15,
16,
16,
17,
17,
18,
18,
19,
19,
20,
20,
21,
21,
22,
22,
23,
23,
24,
24,
25,
25,
26,
26,
27,
27,
28,
28,
29,
29,
30,
30,
31,
31,
32,
32,
33,
33,
34,
34,
35,
35,
36,
36,
37,
37,
38,
38,
39,
39,
40,
40,
41,
41,
42,
42,
43,
43,
44,
44,
45,
45,
46,
46,
47,
47,
48,
48,
49,
49,
50,
50,
51,
51,
52,
52,
53,
53,
54,
54,
55,
55,
56,
56,
57,
57,
58,
58,
59,
59,
60,
60,
61,
61,
62,
62,
63,
63,
64,
64,
65,
65,
66,
66,
67,
67,
68,
68,
69,
69,
70,
70,
71,
71,
72,
72,
73,
73,
74,
74,
75,
75,
76,
76,
77,
77,
78,
78,
79,
79,
80,
80,
81,
81,
82,
82,
83,
83,
84,
84,
85,
85,
86,
86,
87,
87,
88,
88,
89,
89,
90,
90,
91,
91,
92,
92,
93,
93,
94,
94,
95,
95,
96,
96,
97,
97,
98,
98,
99,
99,
100,
100,
101,
101,
102,
102,
103,
103,
104,
104,
105,
105,
106,
106,
107,
107,
108,
108,
109,
109,
110,
110,
111,
111,
112,
112,
113,
113,
114,
114,
115,
115,
116,
116,
117,
117,
118,
118,
119,
119,
120,
120,
],
'project:src/test/org/codehaus/groovy/benchmarks/vm5/b2394/script240.groovy':[
2,
2,
3,
3,
4,
4,
5,
5,
6,
6,
7,
7,
8,
8,
9,
9,
10,
10,
11,
11,
12,
12,
13,
13,
14,
14,
15,
15,
16,
16,
17,
17,
18,
18,
19,
19,
20,
20,
21,
21,
22,
22,
23,
23,
24,
24,
25,
25,
26,
26,
27,
27,
28,
28,
29,
29,
30,
30,
31,
31,
32,
32,
33,
33,
34,
34,
35,
35,
36,
36,
37,
37,
38,
38,
39,
39,
40,
40,
41,
41,
42,
42,
43,
43,
44,
44,
45,
45,
46,
46,
47,
47,
48,
48,
49,
49,
50,
50,
51,
51,
52,
52,
53,
53,
54,
54,
55,
55,
56,
56,
57,
57,
58,
58,
59,
59,
60,
60,
61,
61,
62,
62,
63,
63,
64,
64,
65,
65,
66,
66,
67,
67,
68,
68,
69,
69,
70,
70,
71,
71,
72,
72,
73,
73,
74,
74,
75,
75,
76,
76,
77,
77,
78,
78,
79,
79,
80,
80,
81,
81,
82,
82,
83,
83,
84,
84,
85,
85,
86,
86,
87,
87,
88,
88,
89,
89,
90,
90,
91,
91,
92,
92,
93,
93,
94,
94,
95,
95,
96,
96,
97,
97,
98,
98,
99,
99,
100,
100,
101,
101,
102,
102,
103,
103,
104,
104,
105,
105,
106,
106,
107,
107,
108,
108,
109,
109,
110,
110,
111,
111,
112,
112,
113,
113,
114,
114,
115,
115,
116,
116,
117,
117,
118,
118,
119,
119,
120,
120,
121,
121,
122,
122,
123,
123,
124,
124,
125,
125,
126,
126,
127,
127,
128,
128,
129,
129,
130,
130,
131,
131,
132,
132,
133,
133,
134,
134,
135,
135,
136,
136,
137,
137,
138,
138,
139,
139,
140,
140,
141,
141,
142,
142,
143,
143,
144,
144,
145,
145,
146,
146,
147,
147,
148,
148,
149,
149,
150,
150,
151,
151,
152,
152,
153,
153,
154,
154,
155,
155,
156,
156,
157,
157,
158,
158,
159,
159,
160,
160,
161,
161,
162,
162,
163,
163,
164,
164,
165,
165,
166,
166,
167,
167,
168,
168,
169,
169,
170,
170,
171,
171,
172,
172,
173,
173,
174,
174,
175,
175,
176,
176,
177,
177,
178,
178,
179,
179,
180,
180,
181,
181,
182,
182,
183,
183,
184,
184,
185,
185,
186,
186,
187,
187,
188,
188,
189,
189,
190,
190,
191,
191,
192,
192,
193,
193,
194,
194,
195,
195,
196,
196,
197,
197,
198,
198,
199,
199,
200,
200,
201,
201,
202,
202,
203,
203,
204,
204,
205,
205,
206,
206,
207,
207,
208,
208,
209,
209,
210,
210,
211,
211,
212,
212,
213,
213,
214,
214,
215,
215,
216,
216,
217,
217,
218,
218,
219,
219,
220,
220,
221,
221,
222,
222,
223,
223,
224,
224,
225,
225,
226,
226,
227,
227,
228,
228,
229,
229,
230,
230,
231,
231,
232,
232,
233,
233,
234,
234,
235,
235,
236,
236,
237,
237,
238,
238,
239,
239,
240,
240,
],
'project:src/test/org/codehaus/groovy/benchmarks/vm5/b2394/script30.groovy':[
2,
2,
3,
3,
4,
4,
5,
5,
6,
6,
7,
7,
8,
8,
9,
9,
10,
10,
11,
11,
12,
12,
13,
13,
14,
14,
15,
15,
16,
16,
17,
17,
18,
18,
19,
19,
20,
20,
21,
21,
22,
22,
23,
23,
24,
24,
25,
25,
26,
26,
27,
27,
28,
28,
29,
29,
30,
30,
],
'project:src/test/org/codehaus/groovy/benchmarks/vm5/b2394/script300.groovy':[
2,
2,
3,
3,
4,
4,
5,
5,
6,
6,
7,
7,
8,
8,
9,
9,
10,
10,
11,
11,
12,
12,
13,
13,
14,
14,
15,
15,
16,
16,
17,
17,
18,
18,
19,
19,
20,
20,
21,
21,
22,
22,
23,
23,
24,
24,
25,
25,
26,
26,
27,
27,
28,
28,
29,
29,
30,
30,
31,
31,
32,
32,
33,
33,
34,
34,
35,
35,
36,
36,
37,
37,
38,
38,
39,
39,
40,
40,
41,
41,
42,
42,
43,
43,
44,
44,
45,
45,
46,
46,
47,
47,
48,
48,
49,
49,
50,
50,
51,
51,
52,
52,
53,
53,
54,
54,
55,
55,
56,
56,
57,
57,
58,
58,
59,
59,
60,
60,
61,
61,
62,
62,
63,
63,
64,
64,
65,
65,
66,
66,
67,
67,
68,
68,
69,
69,
70,
70,
71,
71,
72,
72,
73,
73,
74,
74,
75,
75,
76,
76,
77,
77,
78,
78,
79,
79,
80,
80,
81,
81,
82,
82,
83,
83,
84,
84,
85,
85,
86,
86,
87,
87,
88,
88,
89,
89,
90,
90,
91,
91,
92,
92,
93,
93,
94,
94,
95,
95,
96,
96,
97,
97,
98,
98,
99,
99,
100,
100,
101,
101,
102,
102,
103,
103,
104,
104,
105,
105,
106,
106,
107,
107,
108,
108,
109,
109,
110,
110,
111,
111,
112,
112,
113,
113,
114,
114,
115,
115,
116,
116,
117,
117,
118,
118,
119,
119,
120,
120,
121,
121,
122,
122,
123,
123,
124,
124,
125,
125,
126,
126,
127,
127,
128,
128,
129,
129,
130,
130,
131,
131,
132,
132,
133,
133,
134,
134,
135,
135,
136,
136,
137,
137,
138,
138,
139,
139,
140,
140,
141,
141,
142,
142,
143,
143,
144,
144,
145,
145,
146,
146,
147,
147,
148,
148,
149,
149,
150,
150,
151,
151,
152,
152,
153,
153,
154,
154,
155,
155,
156,
156,
157,
157,
158,
158,
159,
159,
160,
160,
161,
161,
162,
162,
163,
163,
164,
164,
165,
165,
166,
166,
167,
167,
168,
168,
169,
169,
170,
170,
171,
171,
172,
172,
173,
173,
174,
174,
175,
175,
176,
176,
177,
177,
178,
178,
179,
179,
180,
180,
181,
181,
182,
182,
183,
183,
184,
184,
185,
185,
186,
186,
187,
187,
188,
188,
189,
189,
190,
190,
191,
191,
192,
192,
193,
193,
194,
194,
195,
195,
196,
196,
197,
197,
198,
198,
199,
199,
200,
200,
201,
201,
202,
202,
203,
203,
204,
204,
205,
205,
206,
206,
207,
207,
208,
208,
209,
209,
210,
210,
211,
211,
212,
212,
213,
213,
214,
214,
215,
215,
216,
216,
217,
217,
218,
218,
219,
219,
220,
220,
221,
221,
222,
222,
223,
223,
224,
224,
225,
225,
226,
226,
227,
227,
228,
228,
229,
229,
230,
230,
231,
231,
232,
232,
233,
233,
234,
234,
235,
235,
236,
236,
237,
237,
238,
238,
239,
239,
240,
240,
241,
241,
242,
242,
243,
243,
244,
244,
245,
245,
246,
246,
247,
247,
248,
248,
249,
249,
250,
250,
251,
251,
252,
252,
253,
253,
254,
254,
255,
255,
256,
256,
257,
257,
258,
258,
259,
259,
260,
260,
261,
261,
262,
262,
263,
263,
264,
264,
265,
265,
266,
266,
267,
267,
268,
268,
269,
269,
270,
270,
271,
271,
272,
272,
273,
273,
274,
274,
275,
275,
276,
276,
277,
277,
278,
278,
279,
279,
280,
280,
281,
281,
282,
282,
283,
283,
284,
284,
285,
285,
286,
286,
287,
287,
288,
288,
289,
289,
290,
290,
291,
291,
292,
292,
293,
293,
294,
294,
295,
295,
296,
296,
297,
297,
298,
298,
299,
299,
300,
300,
],
'project:src/test/org/codehaus/groovy/benchmarks/vm5/b2394/script300WithCategory.groovy':[
3,
3,
4,
4,
5,
5,
6,
6,
7,
7,
8,
8,
9,
9,
10,
10,
11,
11,
12,
12,
13,
13,
14,
14,
15,
15,
16,
16,
17,
17,
18,
18,
19,
19,
20,
20,
21,
21,
22,
22,
23,
23,
24,
24,
25,
25,
26,
26,
27,
27,
28,
28,
29,
29,
30,
30,
31,
31,
32,
32,
33,
33,
34,
34,
35,
35,
36,
36,
37,
37,
38,
38,
39,
39,
40,
40,
41,
41,
42,
42,
43,
43,
44,
44,
45,
45,
46,
46,
47,
47,
48,
48,
49,
49,
50,
50,
51,
51,
52,
52,
53,
53,
54,
54,
55,
55,
56,
56,
57,
57,
58,
58,
59,
59,
60,
60,
61,
61,
62,
62,
63,
63,
64,
64,
65,
65,
66,
66,
67,
67,
68,
68,
69,
69,
70,
70,
71,
71,
72,
72,
73,
73,
74,
74,
75,
75,
76,
76,
77,
77,
78,
78,
79,
79,
80,
80,
81,
81,
82,
82,
83,
83,
84,
84,
85,
85,
86,
86,
87,
87,
88,
88,
89,
89,
90,
90,
91,
91,
92,
92,
93,
93,
94,
94,
95,
95,
96,
96,
97,
97,
98,
98,
99,
99,
100,
100,
101,
101,
102,
102,
103,
103,
104,
104,
105,
105,
106,
106,
107,
107,
108,
108,
109,
109,
110,
110,
111,
111,
112,
112,
113,
113,
114,
114,
115,
115,
116,
116,
117,
117,
118,
118,
119,
119,
120,
120,
121,
121,
122,
122,
123,
123,
124,
124,
125,
125,
126,
126,
127,
127,
128,
128,
129,
129,
130,
130,
131,
131,
132,
132,
133,
133,
134,
134,
135,
135,
136,
136,
137,
137,
138,
138,
139,
139,
140,
140,
141,
141,
142,
142,
143,
143,
144,
144,
145,
145,
146,
146,
147,
147,
148,
148,
149,
149,
150,
150,
151,
151,
152,
152,
153,
153,
154,
154,
155,
155,
156,
156,
157,
157,
158,
158,
159,
159,
160,
160,
161,
161,
162,
162,
163,
163,
164,
164,
165,
165,
166,
166,
167,
167,
168,
168,
169,
169,
170,
170,
171,
171,
172,
172,
173,
173,
174,
174,
175,
175,
176,
176,
177,
177,
178,
178,
179,
179,
180,
180,
181,
181,
182,
182,
183,
183,
184,
184,
185,
185,
186,
186,
187,
187,
188,
188,
189,
189,
190,
190,
191,
191,
192,
192,
193,
193,
194,
194,
195,
195,
196,
196,
197,
197,
198,
198,
199,
199,
200,
200,
201,
201,
202,
202,
203,
203,
204,
204,
205,
205,
206,
206,
207,
207,
208,
208,
209,
209,
210,
210,
211,
211,
212,
212,
213,
213,
214,
214,
215,
215,
216,
216,
217,
217,
218,
218,
219,
219,
220,
220,
221,
221,
222,
222,
223,
223,
224,
224,
225,
225,
226,
226,
227,
227,
228,
228,
229,
229,
230,
230,
231,
231,
232,
232,
233,
233,
234,
234,
235,
235,
236,
236,
237,
237,
238,
238,
239,
239,
240,
240,
241,
241,
242,
242,
243,
243,
244,
244,
245,
245,
246,
246,
247,
247,
248,
248,
249,
249,
250,
250,
251,
251,
252,
252,
253,
253,
254,
254,
255,
255,
256,
256,
257,
257,
258,
258,
259,
259,
260,
260,
261,
261,
262,
262,
263,
263,
264,
264,
265,
265,
266,
266,
267,
267,
268,
268,
269,
269,
270,
270,
271,
271,
272,
272,
273,
273,
274,
274,
275,
275,
276,
276,
277,
277,
278,
278,
279,
279,
280,
280,
281,
281,
282,
282,
283,
283,
284,
284,
285,
285,
286,
286,
287,
287,
288,
288,
289,
289,
290,
290,
291,
291,
292,
292,
293,
293,
294,
294,
295,
295,
296,
296,
297,
297,
298,
298,
299,
299,
300,
300,
301,
301,
],
'project:src/test/org/codehaus/groovy/benchmarks/vm5/b2394/script60.groovy':[
2,
2,
3,
3,
4,
4,
5,
5,
6,
6,
7,
7,
8,
8,
9,
9,
10,
10,
11,
11,
12,
12,
13,
13,
14,
14,
15,
15,
16,
16,
17,
17,
18,
18,
19,
19,
20,
20,
21,
21,
22,
22,
23,
23,
24,
24,
25,
25,
26,
26,
27,
27,
28,
28,
29,
29,
30,
30,
31,
31,
32,
32,
33,
33,
34,
34,
35,
35,
36,
36,
37,
37,
38,
38,
39,
39,
40,
40,
41,
41,
42,
42,
43,
43,
44,
44,
45,
45,
46,
46,
47,
47,
48,
48,
49,
49,
50,
50,
51,
51,
52,
52,
53,
53,
54,
54,
55,
55,
56,
56,
57,
57,
58,
58,
59,
59,
60,
60,
],
'project:src/test/org/codehaus/groovy/classgen/asm/sc/StaticCompilationTestSupport.groovy':[
59,
60,
],
'project:src/test/org/codehaus/groovy/classgen/asm/sc/StaticCompileArrayLengthAndGet.groovy':[
21,
36,
43,
43,
],
'project:src/test/org/codehaus/groovy/runtime/powerassert/AssertionTestUtil.groovy':[
38,
48,
],
'project:subprojects/groovy-console/src/main/groovy/groovy/inspect/swingui/AstBrowser.groovy':[
131,
157,
192,
232,
245,
348,
376,
442,
443,
444,
445,
446,
447,
448,
449,
450,
451,
452,
453,
515,
],
'project:subprojects/groovy-console/src/main/groovy/groovy/inspect/swingui/AstNodeToScriptAdapter.groovy':[
105,
189,
190,
210,
218,
219,
221,
222,
305,
310,
339,
345,
350,
384,
398,
456,
458,
458,
477,
479,
482,
498,
517,
522,
530,
544,
565,
577,
619,
631,
633,
635,
667,
669,
676,
678,
684,
693,
698,
700,
705,
709,
716,
718,
720,
741,
741,
741,
756,
756,
771,
772,
782,
787,
795,
802,
809,
818,
839,
844,
854,
856,
869,
871,
875,
881,
891,
893,
914,
929,
934,
942,
960,
966,
979,
987,
992,
1007,
1016,
1032,
1034,
1036,
1043,
],
'project:subprojects/groovy-console/src/main/groovy/groovy/inspect/swingui/ObjectBrowser.groovy':[
91,
93,
104,
118,
120,
121,
122,
123,
],
'project:subprojects/groovy-console/src/main/groovy/groovy/inspect/swingui/ScriptToTreeNodeAdapter.groovy':[
61,
119,
237,
259,
260,
261,
262,
263,
],
'project:subprojects/groovy-console/src/main/groovy/groovy/ui/Console.groovy':[
170,
171,
227,
227,
228,
316,
317,
317,
437,
448,
460,
471,
495,
500,
505,
507,
512,
517,
522,
529,
550,
555,
570,
577,
612,
649,
720,
899,
913,
924,
926,
947,
950,
952,
956,
960,
1011,
1012,
1015,
1019,
1020,
1023,
1046,
1051,
1066,
1068,
1159,
1163,
1209,
1278,
1290,
1295,
],
'project:subprojects/groovy-console/src/main/groovy/groovy/ui/ConsoleActions.groovy':[
32,
48,
57,
73,
92,
101,
108,
116,
140,
142,
149,
151,
157,
158,
160,
166,
167,
173,
183,
193,
194,
200,
202,
210,
230,
237,
243,
244,
250,
251,
257,
263,
269,
275,
281,
287,
293,
308,
318,
324,
330,
343,
350,
356,
362,
371,
372,
379,
],
'project:subprojects/groovy-console/src/main/groovy/groovy/ui/HistoryRecord.groovy':[
32,
33,
],
'project:subprojects/groovy-console/src/main/groovy/groovy/ui/view/BasicContentPane.groovy':[
46,
49,
49,
74,
],
'project:subprojects/groovy-console/src/main/groovy/groovy/ui/view/GTKDefaults.groovy':[
67,
],
'project:subprojects/groovy-docgenerator/src/main/groovy/org/codehaus/groovy/tools/DocGenerator.groovy':[
108,
115,
137,
138,
188,
188,
193,
204,
238,
238,
243,
243,
256,
269,
269,
291,
294,
294,
294,
294,
294,
295,
296,
297,
299,
302,
303,
303,
305,
308,
311,
319,
319,
319,
327,
335,
335,
356,
366,
390,
412,
433,
434,
434,
],
'project:subprojects/groovy-groovydoc/src/main/groovy/org/codehaus/groovy/tools/groovydoc/Main.groovy':[
77,
80,
81,
142,
143,
144,
145,
146,
182,
191,
230,
240,
],
'project:subprojects/groovy-groovysh/src/main/groovy/org/codehaus/groovy/tools/shell/Groovysh.groovy':[
155,
236,
269,
324,
332,
450,
489,
],
'project:subprojects/groovy-groovysh/src/main/groovy/org/codehaus/groovy/tools/shell/InteractiveShellRunner.groovy':[
117,
],
'project:subprojects/groovy-groovysh/src/main/groovy/org/codehaus/groovy/tools/shell/Interpreter.groovy':[
76,
],
'project:subprojects/groovy-groovysh/src/main/groovy/org/codehaus/groovy/tools/shell/Main.groovy':[
74,
79,
99,
194,
],
'project:subprojects/groovy-groovysh/src/main/groovy/org/codehaus/groovy/tools/shell/commands/AliasCommand.groovy':[
124,
],
'project:subprojects/groovy-groovysh/src/main/groovy/org/codehaus/groovy/tools/shell/commands/DocCommand.groovy':[
102,
135,
],
'project:subprojects/groovy-groovysh/src/main/groovy/org/codehaus/groovy/tools/shell/commands/HelpCommand.groovy':[
110,
111,
],
'project:subprojects/groovy-groovysh/src/main/groovy/org/codehaus/groovy/tools/shell/commands/HistoryCommand.groovy':[
34,
],
'project:subprojects/groovy-groovysh/src/main/groovy/org/codehaus/groovy/tools/shell/commands/ImportCommand.groovy':[
84,
168,
181,
181,
183,
190,
222,
222,
222,
222,
222,
232,
234,
],
'project:subprojects/groovy-groovysh/src/main/groovy/org/codehaus/groovy/tools/shell/commands/RecordCommand.groovy':[
33,
127,
],
'project:subprojects/groovy-groovysh/src/main/groovy/org/codehaus/groovy/tools/shell/completion/FileNameCompleter.groovy':[
84,
],
'project:subprojects/groovy-groovysh/src/main/groovy/org/codehaus/groovy/tools/shell/completion/ImportsSyntaxCompletor.groovy':[
129,
],
'project:subprojects/groovy-groovysh/src/main/groovy/org/codehaus/groovy/tools/shell/completion/ReflectionCompletor.groovy':[
132,
280,
353,
405,
406,
407,
408,
408,
408,
410,
410,
413,
413,
428,
428,
429,
429,
430,
431,
432,
433,
434,
434,
435,
435,
436,
436,
437,
438,
439,
440,
440,
441,
442,
443,
444,
445,
445,
],
'project:subprojects/groovy-groovysh/src/main/groovy/org/codehaus/groovy/tools/shell/util/HelpFormatter.groovy':[
56,
56,
63,
84,
94,
101,
],
'project:subprojects/groovy-groovysh/src/main/groovy/org/codehaus/groovy/tools/shell/util/PackageHelper.groovy':[
64,
94,
173,
206,
206,
208,
209,
241,
282,
282,
285,
311,
332,
],
'project:subprojects/groovy-jmx/src/main/groovy/groovy/jmx/builder/JmxBeanFactory.groovy':[
132,
],
'project:subprojects/groovy-jmx/src/main/groovy/groovy/jmx/builder/JmxBeansFactory.groovy':[
66,
],
'project:subprojects/groovy-jmx/src/main/groovy/groovy/jmx/builder/JmxClientConnectorFactory.groovy':[
47,
],
'project:subprojects/groovy-jmx/src/main/groovy/groovy/jmx/builder/JmxMetaMapBuilder.groovy':[
62,
62,
132,
231,
260,
260,
281,
321,
377,
380,
382,
405,
414,
426,
443,
455,
510,
513,
515,
543,
570,
],
'project:subprojects/groovy-jmx/src/main/groovy/groovy/jmx/builder/JmxOperationInfoManager.groovy':[
117,
],
'project:subprojects/groovy-jmx/src/main/groovy/groovy/jmx/builder/JmxServerConnectorFactory.groovy':[
60,
106,
108,
110,
117,
],
'project:subprojects/groovy-jmx/src/test/groovy/groovy/jmx/builder/MockEmbeddedClass.groovy':[
114,
115,
],
'project:subprojects/groovy-json/src/main/groovy/groovy/json/JsonOutput.groovy':[
140,
159,
183,
184,
188,
191,
192,
193,
196,
205,
205,
],
'project:subprojects/groovy-json/src/main/groovy/groovy/json/StreamingJsonBuilder.groovy':[
259,
279,
282,
324,
],
'project:subprojects/groovy-swing/src/main/groovy/groovy/swing/LookAndFeelHelper.groovy':[
119,
],
'project:subprojects/groovy-swing/src/main/groovy/groovy/swing/SwingBuilder.groovy':[
517,
525,
549,
551,
576,
],
'project:subprojects/groovy-swing/src/main/groovy/groovy/swing/binding/JListProperties.groovy':[
98,
135,
],
'project:subprojects/groovy-swing/src/main/groovy/groovy/swing/factory/ActionFactory.groovy':[
51,
],
'project:subprojects/groovy-swing/src/main/groovy/groovy/swing/factory/BevelBorderFactory.groovy':[
42,
49,
],
'project:subprojects/groovy-swing/src/main/groovy/groovy/swing/factory/BindFactory.groovy':[
152,
154,
159,
176,
187,
195,
213,
216,
225,
250,
272,
307,
308,
310,
352,
353,
354,
],
'project:subprojects/groovy-swing/src/main/groovy/groovy/swing/factory/BoxFactory.groovy':[
35,
],
'project:subprojects/groovy-swing/src/main/groovy/groovy/swing/factory/BoxLayoutFactory.groovy':[
50,
],
'project:subprojects/groovy-swing/src/main/groovy/groovy/swing/factory/ComboBoxFactory.groovy':[
31,
33,
36,
],
'project:subprojects/groovy-swing/src/main/groovy/groovy/swing/factory/EtchedBorderFactory.groovy':[
33,
],
'project:subprojects/groovy-swing/src/main/groovy/groovy/swing/factory/FormattedTextFactory.groovy':[
29,
31,
],
'project:subprojects/groovy-swing/src/main/groovy/groovy/swing/factory/GridBagFactory.groovy':[
135,
],
'project:subprojects/groovy-swing/src/main/groovy/groovy/swing/factory/ImageIconFactory.groovy':[
26,
31,
36,
51,
59,
79,
],
'project:subprojects/groovy-swing/src/main/groovy/groovy/swing/factory/ListFactory.groovy':[
60,
],
'project:subprojects/groovy-swing/src/main/groovy/groovy/swing/factory/MatteBorderFactory.groovy':[
36,
38,
46,
49,
],
'project:subprojects/groovy-swing/src/main/groovy/groovy/swing/factory/RichActionWidgetFactory.groovy':[
49,
],
'project:subprojects/groovy-swing/src/main/groovy/groovy/swing/factory/TableModelFactory.groovy':[
51,
58,
59,
62,
],
'project:subprojects/groovy-swing/src/main/groovy/groovy/swing/factory/TitledBorderFactory.groovy':[
64,
],
'project:subprojects/groovy-test/src/main/groovy/groovy/mock/interceptor/MockInterceptor.groovy':[
37,
45,
],
'project:subprojects/groovy-test/src/main/groovy/groovy/util/JavadocAssertionTestBuilder.groovy':[
92,
92,
115,
],
'project:subprojects/groovy-test/src/main/groovy/groovy/util/StringTestUtil.groovy':[
8,
8,
8,
],
'project:subprojects/groovy-xml/src/main/groovy/groovy/xml/StreamingDOMBuilder.groovy':[
83,
108,
117,
125,
126,
],
'project:subprojects/groovy-xml/src/main/groovy/groovy/xml/StreamingMarkupBuilder.groovy':[
132,
139,
140,
142,
161,
],
'project:subprojects/groovy-xml/src/main/groovy/groovy/xml/StreamingSAXBuilder.groovy':[
70,
72,
80,
81,
104,
107,
112,
112,
],
'project:subprojects/groovy-xml/src/main/groovy/groovy/xml/streamingmarkupsupport/AbstractStreamingBuilder.groovy':[
37,
56,
],
'project:subprojects/groovy-xml/src/test/groovy/groovy/bugs/Groovy593_Bug.groovy':[
47,
48,
49,
58,
59,
59,
59,
60,
60,
],
'project:subprojects/groovy-xml/src/test/groovy/groovy/bugs/Groovy_2473Bug.groovy':[
38,
],
'project:subprojects/groovy-xml/src/test/groovy/groovy/xml/BuilderTestSupport.groovy':[
49,
49,
67,
67,
68,
68,
93,
98,
229,
270,
271,
],
'project:subprojects/groovy-xml/src/test/groovy/groovy/xml/GpathSyntaxTestSupport.groovy':[
79,
89,
90,
92,
114,
119,
120,
121,
121,
131,
131,
132,
132,
132,
150,
160,
161,
172,
174,
191,
191,
204,
204,
205,
206,
206,
209,
210,
210,
211,
212,
212,
213,
217,
218,
223,
224,
226,
232,
235,
238,
247,
247,
248,
249,
256,
257,
259,
260,
281,
281,
285,
290,
312,
316,
320,
321,
325,
326,
331,
332,
336,
337,
341,
342,
371,
376,
378,
379,
402,
403,
410,
411,
415,
],
'project:subprojects/groovy-xml/src/test/groovy/groovy/xml/MixedMarkupTestSupport.groovy':[
17,
21,
],
'project:subprojects/groovy-xml/src/test/groovy/groovy/xml/TraversalTestSupport.groovy':[
24,
25,
31,
32,
],
'project:subprojects/groovy-xml/src/test/groovy/util/NavToWiki.groovy':[
33,
36,
36,
36,
36,
],
}
