{
'project:subprojects/groovy-sql/src/test/groovy/groovy/sql/SqlCacheTest.groovy':[
20,
],
'project:subprojects/groovy-sql/src/test/groovy/groovy/sql/SqlTest.groovy':[
18,
18,
],
'project:subprojects/groovy-sql/src/test/groovy/groovy/sql/SqlTransactionTestCase.groovy':[
18,
],
}
