{
'project:subprojects/groovy-jsr223/src/test/groovy/org/codehaus/groovy/jsr223/JSR223Test.groovy':[
94,
],
}
