{
'project:benchmark/bench/binarytrees.groovy':[
34,
],
'project:src/main/org/codehaus/groovy/ast/builder/AstBuilder.groovy':[
118,
],
'project:src/main/org/codehaus/groovy/ast/builder/AstSpecificationCompiler.groovy':[
282,
291,
300,
309,
318,
327,
336,
345,
354,
363,
372,
381,
390,
399,
408,
417,
426,
435,
444,
453,
462,
471,
480,
493,
506,
515,
524,
533,
542,
551,
560,
568,
576,
585,
594,
603,
612,
621,
630,
639,
648,
657,
666,
675,
684,
693,
702,
711,
720,
729,
738,
747,
756,
765,
774,
783,
792,
801,
821,
844,
856,
869,
876,
884,
895,
908,
928,
963,
982,
996,
1005,
1024,
1054,
1085,
1102,
1120,
1136,
1166,
],
'project:src/test/groovy/bugs/Groovy1462_Bug.groovy':[
32,
],
'project:src/test/org/codehaus/groovy/transform/MemoizedASTTransformationTest.groovy':[
228,
],
'project:subprojects/groovy-jmx/src/main/groovy/groovy/jmx/builder/JmxTimerFactory.groovy':[
176,
],
}
