{
'project:src/main/groovy/grape/GrapeIvy.groovy':[
197,
343,
],
'project:src/main/org/codehaus/groovy/tools/GrapeMain.groovy':[
0,
],
'project:subprojects/groovy-groovydoc/src/main/groovy/org/codehaus/groovy/tools/groovydoc/Main.groovy':[
53,
],
'project:subprojects/groovy-groovysh/src/main/groovy/org/codehaus/groovy/tools/shell/commands/ImportCommand.groovy':[
146,
],
'project:subprojects/groovy-groovysh/src/main/groovy/org/codehaus/groovy/tools/shell/completion/GroovySyntaxCompletor.groovy':[
118,
],
'project:subprojects/groovy-groovysh/src/main/groovy/org/codehaus/groovy/tools/shell/completion/ReflectionCompletor.groovy':[
153,
],
'project:subprojects/groovy-jmx/src/main/groovy/groovy/jmx/builder/JmxClientConnectorFactory.groovy':[
43,
],
'project:subprojects/groovy-jmx/src/main/groovy/groovy/jmx/builder/JmxMetaMapBuilder.groovy':[
422,
],
'project:subprojects/groovy-jmx/src/main/groovy/groovy/jmx/builder/JmxServerConnectorFactory.groovy':[
55,
],
'project:subprojects/groovy-swing/src/main/groovy/groovy/swing/factory/BindFactory.groovy':[
112,
],
'project:subprojects/groovy-swing/src/main/groovy/groovy/swing/factory/GridBagFactory.groovy':[
38,
],
'project:subprojects/groovy-swing/src/main/groovy/groovy/swing/factory/ImageIconFactory.groovy':[
21,
23,
],
'project:subprojects/groovy-swing/src/main/groovy/groovy/swing/factory/TabbedPaneFactory.groovy':[
71,
],
}
