{
'project:src/test/org/codehaus/groovy/tools/rootloadersync/SubclassingInGroovyTest.groovy':[
17,
18,
],
'project:subprojects/groovy-groovysh/src/main/groovy/org/codehaus/groovy/tools/shell/completion/ImportsSyntaxCompletor.groovy':[
50,
],
'project:subprojects/groovy-groovysh/src/main/groovy/org/codehaus/groovy/tools/shell/completion/ReflectionCompletor.groovy':[
294,
314,
],
'project:subprojects/groovy-groovysh/src/main/groovy/org/codehaus/groovy/tools/shell/util/PackageHelper.groovy':[
48,
138,
191,
],
'project:subprojects/groovy-groovysh/src/test/groovy/org/codehaus/groovy/tools/shell/completion/ReflectionCompletorTest.groovy':[
184,
],
}
