{
'project:src/test/groovy/GroovyCharSequenceMethodsTest.groovy':[
223,
],
}
