{
'project:benchmark/bench/revcomp.groovy':[
12,
12,
],
'project:src/examples/commandLineTools/ListFiles.groovy':[
33,
],
'project:src/examples/swing/Widgets.groovy':[
89,
91,
],
'project:src/examples/webapps/groovlet-examples/hello/hello.groovy':[
18,
],
'project:src/main/org/codehaus/groovy/transform/ASTTestTransformation.groovy':[
25,
],
'project:src/spec/test/SyntaxTest.groovy':[
649,
652,
655,
728,
],
'project:src/spec/test/testingguide/MockingExampleTests.groovy':[
133,
],
'project:src/test/gls/scope/NameResolvingTest.groovy':[
24,
],
'project:src/test/groovy/ArrayParamMethodTest.groovy':[
18,
],
'project:src/test/groovy/BinaryStreamsTest.groovy':[
22,
],
'project:src/test/groovy/GroovyMethodsTest.groovy':[
1114,
1115,
1116,
1117,
1119,
1120,
1121,
1123,
1125,
],
'project:src/test/groovy/InstanceofTest.groovy':[
55,
58,
],
'project:src/test/groovy/NewExpressionTest.groovy':[
34,
40,
],
'project:src/test/groovy/SpreadDotTest.groovy':[
126,
],
'project:src/test/groovy/annotations/MyIntegerAnno.groovy':[
31,
],
'project:src/test/groovy/bugs/CustomMetaClassTest.groovy':[
130,
],
'project:src/test/groovy/bugs/FullyQualifiedMethodReturnTypeBug.groovy':[
13,
],
'project:src/test/groovy/bugs/FullyQualifiedVariableTypeBug.groovy':[
9,
],
'project:src/test/groovy/bugs/Groovy4720Bug.groovy':[
27,
27,
],
'project:src/test/groovy/bugs/Groovy596_Bug.groovy':[
34,
36,
],
'project:src/test/groovy/bugs/Groovy779_Bug.groovy':[
77,
85,
],
'project:src/test/groovy/lang/GroovyClassLoaderTest.groovy':[
220,
],
'project:src/test/groovy/lang/ReferenceSerializationTest.groovy':[
55,
],
'project:src/test/groovy/operator/BitwiseOperatorsTest.groovy':[
230,
241,
242,
246,
247,
251,
252,
252,
253,
256,
257,
276,
279,
282,
],
'project:src/test/groovy/runtime/metaclass/groovy/bugs/CustomMetaClassTestMetaClass.groovy':[
3,
],
'project:src/test/groovy/util/GroovyScriptEngineReloadingTest.groovy':[
23,
30,
],
'project:src/test/groovy/util/ObservableListTest.groovy':[
300,
],
'project:src/test/groovy/util/ObservableSetTests.groovy':[
279,
],
'project:src/test/org/codehaus/groovy/ast/builder/AstBuilderFromCodeTest.groovy':[
111,
],
'project:subprojects/groovy-console/src/main/groovy/groovy/ui/Console.groovy':[
319,
334,
593,
],
'project:subprojects/groovy-groovydoc/src/test/groovy/org/codehaus/groovy/tools/groovydoc/GroovyDocToolTestSampleGroovy.groovy':[
17,
],
'project:subprojects/groovy-groovysh/src/main/groovy/org/codehaus/groovy/tools/shell/util/PackageHelper.groovy':[
19,
],
'project:subprojects/groovy-groovysh/src/main/groovy/org/codehaus/groovy/tools/shell/util/WrappedInputStream.groovy':[
27,
27,
],
'project:subprojects/groovy-groovysh/src/main/groovy/org/codehaus/groovy/tools/shell/util/XmlCommandRegistrar.groovy':[
56,
56,
58,
],
'project:subprojects/groovy-servlet/src/test/groovy/groovy/servlet/AbstractHttpServletTest.groovy':[
158,
167,
191,
],
'project:subprojects/groovy-swing/src/main/groovy/groovy/swing/SwingBuilder.groovy':[
466,
],
'project:subprojects/groovy-swing/src/main/groovy/groovy/swing/factory/ColumnFactory.groovy':[
46,
],
'project:subprojects/groovy-swing/src/test/groovy/groovy/swing/SwingBuilderBindingsTest.groovy':[
221,
],
'project:subprojects/groovy-swing/src/test/groovy/groovy/swing/SwingBuilderTableTest.groovy':[
96,
],
'project:subprojects/groovy-swing/src/test/groovy/groovy/swing/SwingBuilderTest.groovy':[
1402,
1615,
1616,
],
'project:subprojects/groovy-xml/src/test/groovy/groovy/xml/GpathSyntaxTestSupport.groovy':[
445,
],
'project:subprojects/groovy-xml/src/test/groovy/groovy/xml/MarkupWithWriterTest.groovy':[
24,
],
'project:subprojects/groovy-xml/src/test/groovy/groovy/xml/MixedMarkupTestSupport.groovy':[
31,
],
'project:subprojects/groovy-xml/src/test/groovy/groovy/xml/UseMarkupWithWriterScript.groovy':[
3,
],
}
