{
'project:src/test/org/codehaus/groovy/runtime/memoize/AbstractMemoizeTestCase.groovy':[
10,
],
'project:src/test/org/codehaus/groovy/tools/rootloadersync/AbstractGenericGroovySuperclass.groovy':[
6,
],
'project:subprojects/groovy-groovysh/src/main/groovy/org/codehaus/groovy/tools/shell/ComplexCommandSupport.groovy':[
33,
37,
],
}
